ets Jun  8 2016 00:22:57

rst:0x1 (POWERON_RESET),boot:0x13 (SPI_FAST_FLASH_BOOT)
configsip: 0, SPIWP:0xee
clk_drv:0x00,q_drv:0x00,d_drv:0x00,cs0_drv:0x00,hd_drv:0x00,wp_drv:0x00
mode:DIO, clock div:2
load:0x3fff0030,len:7172
load:0x40078000,len:15540
load:0x40080400,len:4
ho 8 tail 4 room 4
load:0x40080404,len:3904
entry 0x40080640
[0;32mI (30) boot: ESP-IDF v5.2.1 2nd stage bootloader[0m
[0;32mI (30) boot: compile time Jul 18 2024 02:37:22[0m
[0;32mI (30) boot: Multicore bootloader[0m
[0;32mI (35) boot: chip revision: v1.0[0m
[0;32mI (38) boot.esp32: SPI Speed      : 40MHz[0m
[0;32mI (43) boot.esp32: SPI Mode       : DIO[0m
[0;32mI (47) boot.esp32: SPI Flash Size : 2MB[0m
[0;32mI (52) boot: Enabling RNG early entropy source...[0m
[0;32mI (57) boot: Partition Table:[0m
[0;32mI (61) boot: ## Label            Usage          Type ST Offset   Length[0m
[0;32mI (68) boot:  0 nvs              WiFi data        01 02 00009000 00006000[0m
[0;32mI (76) boot:  1 phy_init         RF data          01 01 0000f000 00001000[0m
[0;32mI (83) boot:  2 factory          factory app      00 00 00010000 00100000[0m
[0;32mI (91) boot: End of partition table[0m
[0;32mI (95) esp_image: segment 0: paddr=00010020 vaddr=3f400020 size=0d3f8h ( 54264) map[0m
[0;32mI (122) esp_image: segment 1: paddr=0001d420 vaddr=3ffb0000 size=024e8h (  9448) load[0m
[0;32mI (126) esp_image: segment 2: paddr=0001f910 vaddr=40080000 size=00708h (  1800) load[0m
[0;32mI (129) esp_image: segment 3: paddr=00020020 vaddr=400d0020 size=1a364h (107364) map[0m
[0;32mI (173) esp_image: segment 4: paddr=0003a38c vaddr=40080708 size=0f4d4h ( 62676) load[0m
[0;32mI (206) boot: Loaded app from partition at offset 0x10000[0m
[0;32mI (206) boot: Disabling RNG early entropy source...[0m
[0;32mI (217) cpu_start: Multicore app[0m
[0;32mI (226) cpu_start: Pro cpu start user code[0m
[0;32mI (226) cpu_start: cpu freq: 160000000 Hz[0m
[0;32mI (226) cpu_start: Application information:[0m
[0;32mI (229) cpu_start: Project name:     TANWA_FLC[0m
[0;32mI (234) cpu_start: App version:      cc203f4-dirty[0m
[0;32mI (240) cpu_start: Compile time:     Jul 18 2024 02:53:20[0m
[0;32mI (246) cpu_start: ELF file SHA256:  f338d1225...[0m
[0;32mI (251) cpu_start: ESP-IDF:          v5.2.1[0m
[0;32mI (256) cpu_start: Min chip rev:     v0.0[0m
[0;32mI (261) cpu_start: Max chip rev:     v3.99 [0m
[0;32mI (266) cpu_start: Chip rev:         v1.0[0m
[0;32mI (271) heap_init: Initializing. RAM available for dynamic allocation:[0m
[0;32mI (278) heap_init: At 3FFAE6E0 len 00001920 (6 KiB): DRAM[0m
[0;32mI (284) heap_init: At 3FFB2DF0 len 0002D210 (180 KiB): DRAM[0m
[0;32mI (290) heap_init: At 3FFE0440 len 00003AE0 (14 KiB): D/IRAM[0m
[0;32mI (296) heap_init: At 3FFE4350 len 0001BCB0 (111 KiB): D/IRAM[0m
[0;32mI (303) heap_init: At 4008FBDC len 00010424 (65 KiB): IRAM[0m
[0;32mI (310) spi_flash: detected chip: generic[0m
[0;32mI (313) spi_flash: flash io: dio[0m
[0;33mW (317) spi_flash: Detected size(4096k) larger than the size in the binary image header(2048k). Using the size in the binary image header.[0m
[0;33mW (331) i2c: This driver is an old driver, please migrate your application code to adapt `driver/i2c_master.h`[0m
[0;32mI (342) main_task: Started on CPU0[0m
[0;32mI (352) main_task: Calling app_main()[0m
[0;32mI (352) APP_INIT_TASK: ### App initialization task started ###[0m
[0;32mI (352) APP_INIT_TASK: Initializing MCU configuration...[0m
[0;32mI (362) TANWA_CONFIG: I2C initialized[0m
ets Jun  8 2016 00:22:57

rst:0x8 (TG1WDT_SYS_RESET),boot:0x13 (SPI_FAST_FLASH_BOOT)
configsip: 0, SPIWP:0xee
clk_drv:0x00,q_drv:0x00,d_drv:0x00,cs0_drv:0x00,hd_drv:0x00,wp_drv:0x00
mode:DIO, clock div:2
load:0x3fff0030,len:7172
load:0x40078000,len:15540
load:0x40080400,len:4
ho 8 tail 4 room 4
load:0x40080404,len:3904
entry 0x40080640
[0;32mI (61) boot: ESP-IDF v5.2.1 2nd stage bootloader[0m
[0;32mI (61) boot: compile time Jul 18 2024 02:37:22[0m
[0;32mI (61) boot: Multicore bootloader[0m
[0;32mI (66) boot: chip revision: v1.0[0m
[0;32mI (70) boot.esp32: SPI Speed      : 40MHz[0m
[0;32mI (75) boot.esp32: SPI Mode       : DIO[0m
[0;32mI (79) boot.esp32: SPI Flash Size : 2MB[0m
[0;33mW (84) boot.esp32: PRO CPU has been reset by WDT.[0m
[0;33mW (89) boot.esp32: WDT reset info: PRO CPU PC=0x4008184e[0m
[0;33mW (95) boot.esp32: WDT reset info: APP CPU PC=0x4008305c[0m
[0;32mI (101) boot: Enabling RNG early entropy source...[0m
[0;32mI (107) boot: Partition Table:[0m
[0;32mI (110) boot: ## Label            Usage          Type ST Offset   Length[0m
[0;32mI (118) boot:  0 nvs              WiFi data        01 02 00009000 00006000[0m
[0;32mI (125) boot:  1 phy_init         RF data          01 01 0000f000 00001000[0m
[0;32mI (133) boot:  2 factory          factory app      00 00 00010000 00100000[0m
[0;32mI (140) boot: End of partition table[0m
[0;32mI (145) esp_image: segment 0: paddr=00010020 vaddr=3f400020 size=0d3f8h ( 54264) map[0m
[0;32mI (172) esp_image: segment 1: paddr=0001d420 vaddr=3ffb0000 size=024e8h (  9448) load[0m
[0;32mI (176) esp_image: segment 2: paddr=0001f910 vaddr=40080000 size=00708h (  1800) load[0m
[0;32mI (178) esp_image: segment 3: paddr=00020020 vaddr=400d0020 size=1a364h (107364) map[0m
[0;32mI (223) esp_image: segment 4: paddr=0003a38c vaddr=40080708 size=0f4d4h ( 62676) load[0m
[0;32mI (256) boot: Loaded app from partition at offset 0x10000[0m
[0;32mI (256) boot: Disabling RNG early entropy source...[0m
[0;32mI (267) cpu_start: Multicore app[0m
[0;32mI (276) cpu_start: Pro cpu start user code[0m
[0;32mI (276) cpu_start: cpu freq: 160000000 Hz[0m
[0;32mI (276) cpu_start: Application information:[0m
[0;32mI (279) cpu_start: Project name:     TANWA_FLC[0m
[0;32mI (284) cpu_start: App version:      cc203f4-dirty[0m
[0;32mI (289) cpu_start: Compile time:     Jul 18 2024 02:53:20[0m
[0;32mI (296) cpu_start: ELF file SHA256:  f338d1225...[0m
[0;32mI (301) cpu_start: ESP-IDF:          v5.2.1[0m
[0;32mI (306) cpu_start: Min chip rev:     v0.0[0m
[0;32mI (311) cpu_start: Max chip rev:     v3.99 [0m
[0;32mI (315) cpu_start: Chip rev:         v1.0[0m
[0;32mI (320) heap_init: Initializing. RAM available for dynamic allocation:[0m
[0;32mI (327) heap_init: At 3FFAE6E0 len 00001920 (6 KiB): DRAM[0m
[0;32mI (333) heap_init: At 3FFB2DF0 len 0002D210 (180 KiB): DRAM[0m
[0;32mI (340) heap_init: At 3FFE0440 len 00003AE0 (14 KiB): D/IRAM[0m
[0;32mI (346) heap_init: At 3FFE4350 len 0001BCB0 (111 KiB): D/IRAM[0m
[0;32mI (352) heap_init: At 4008FBDC len 00010424 (65 KiB): IRAM[0m
[0;32mI (360) spi_flash: detected chip: generic[0m
[0;32mI (363) spi_flash: flash io: dio[0m
[0;33mW (367) spi_flash: Detected size(4096k) larger than the size in the binary image header(2048k). Using the size in the binary image header.[0m
[0;33mW (380) i2c: This driver is an old driver, please migrate your application code to adapt `driver/i2c_master.h`[0m
[0;32mI (392) main_task: Started on CPU0[0m
[0;32mI (402) main_task: Calling app_main()[0m
[0;32mI (402) APP_INIT_TASK: ### App initialization task started ###[0m
[0;32mI (402) APP_INIT_TASK: Initializing MCU configuration...[0m
[0;32mI (412) TANWA_CONFIG: I2C initialized[0m
ets Jun  8 2016 00:22:57

rst:0x8 (TG1WDT_SYS_RESET),boot:0x13 (SPI_FAST_FLASH_BOOT)
configsip: 0, SPIWP:0xee
clk_drv:0x00,q_drv:0x00,d_drv:0x00,cs0_drv:0x00,hd_drv:0x00,wp_drv:0x00
mode:DIO, clock div:2
load:0x3fff0030,len:7172
load:0x40078000,len:15540
load:0x40080400,len:4
ho 8 tail 4 room 4
load:0x40080404,len:3904
entry 0x40080640
[0;32mI (61) boot: ESP-IDF v5.2.1 2nd stage bootloader[0m
[0;32mI (61) boot: compile time Jul 18 2024 02:37:22[0m
[0;32mI (61) boot: Multicore bootloader[0m
[0;32mI (66) boot: chip revision: v1.0[0m
[0;32mI (70) boot.esp32: SPI Speed      : 40MHz[0m
[0;32mI (75) boot.esp32: SPI Mode       : DIO[0m
[0;32mI (79) boot.esp32: SPI Flash Size : 2MB[0m
[0;33mW (84) boot.esp32: PRO CPU has been reset by WDT.[0m
[0;33mW (89) boot.esp32: WDT reset info: PRO CPU PC=0x4008184e[0m
[0;33mW (95) boot.esp32: WDT reset info: APP CPU PC=0x4008305c[0m
[0;32mI (101) boot: Enabling RNG early entropy source...[0m
[0;32mI (107) boot: Partition Table:[0m
[0;32mI (110) boot: ## Label            Usage          Type ST Offset   Length[0m
[0;32mI (118) boot:  0 nvs              WiFi data        01 02 00009000 00006000[0m
[0;32mI (125) boot:  1 phy_init         RF data          01 01 0000f000 00001000[0m
[0;32mI (133) boot:  2 factory          factory app      00 00 00010000 00100000[0m
[0;32mI (140) boot: End of partition table[0m
[0;32mI (145) esp_image: segment 0: paddr=00010020 vaddr=3f400020 size=0d3f8h ( 54264) map[0m
[0;32mI (172) esp_image: segment 1: paddr=0001d420 vaddr=3ffb0000 size=024e8h (  9448) load[0m
[0;32mI (176) esp_image: segment 2: paddr=0001f910 vaddr=40080000 size=00708h (  1800) load[0m
[0;32mI (178) esp_image: segment 3: paddr=00020020 vaddr=400d0020 size=1a364h (107364) map[0m
[0;32mI (223) esp_image: segment 4: paddr=0003a38c vaddr=40080708 size=0f4d4h ( 62676) load[0m
[0;32mI (256) boot: Loaded app from partition at offset 0x10000[0m
[0;32mI (256) boot: Disabling RNG early entropy source...[0m
[0;32mI (267) cpu_start: Multicore app[0m
[0;32mI (276) cpu_start: Pro cpu start user code[0m
[0;32mI (276) cpu_start: cpu freq: 160000000 Hz[0m
[0;32mI (276) cpu_start: Application information:[0m
[0;32mI (279) cpu_start: Project name:     TANWA_FLC[0m
[0;32mI (284) cpu_start: App version:      cc203f4-dirty[0m
[0;32mI (289) cpu_start: Compile time:     Jul 18 2024 02:53:20[0m
[0;32mI (296) cpu_start: ELF file SHA256:  f338d1225...[0m
[0;32mI (301) cpu_start: ESP-IDF:          v5.2.1[0m
[0;32mI (306) cpu_start: Min chip rev:     v0.0[0m
[0;32mI (311) cpu_start: Max chip rev:     v3.99 [0m
[0;32mI (315) cpu_start: Chip rev:         v1.0[0m
[0;32mI (320) heap_init: Initializing. RAM available for dynamic allocation:[0m
[0;32mI (327) heap_init: At 3FFAE6E0 len 00001920 (6 KiB): DRAM[0m
[0;32mI (333) heap_init: At 3FFB2DF0 len 0002D210 (180 KiB): DRAM[0m
[0;32mI (340) heap_init: At 3FFE0440 len 00003AE0 (14 KiB): D/IRAM[0m
[0;32mI (346) heap_init: At 3FFE4350 len 0001BCB0 (111 KiB): D/IRAM[0m
[0;32mI (352) heap_init: At 4008FBDC len 00010424 (65 KiB): IRAM[0m
[0;32mI (360) spi_flash: detected chip: generic[0m
[0;32mI (363) spi_flash: flash io: dio[0m
[0;33mW (367) spi_flash: Detected size(4096k) larger than the size in the binary image header(2048k). Using the size in the binary image header.[0m
[0;33mW (380) i2c: This driver is an old driver, please migrate your application code to adapt `driver/i2c_master.h`[0m
[0;32mI (392) main_task: Started on CPU0[0m
[0;32mI (402) main_task: Calling app_main()[0m
[0;32mI (402) APP_INIT_TASK: ### App initialization task started ###[0m
[0;32mI (402) APP_INIT_TASK: Initializing MCU configuration...[0m
[0;32mI (412) TANWA_CONFIG: I2C initialized[0m
ets Jun  8 2016 00:22:57

rst:0x8 (TG1WDT_SYS_RESET),boot:0x13 (SPI_FAST_FLASH_BOOT)
configsip: 0, SPIWP:0xee
clk_drv:0x00,q_drv:0x00,d_drv:0x00,cs0_drv:0x00,hd_drv:0x00,wp_drv:0x00
mode:DIO, clock div:2
load:0x3fff0030,len:7172
load:0x40078000,len:15540
load:0x40080400,len:4
ho 8 tail 4 room 4
load:0x40080404,len:3904
entry 0x40080640
[0;32mI (61) boot: ESP-IDF v5.2.1 2nd stage bootloader[0m
[0;32mI (61) boot: compile time Jul 18 2024 02:37:22[0m
[0;32mI (61) boot: Multicore bootloader[0m
[0;32mI (66) boot: chip revision: v1.0[0m
[0;32mI (70) boot.esp32: SPI Speed      : 40MHz[0m
[0;32mI (75) boot.esp32: SPI Mode       : DIO[0m
[0;32mI (79) boot.esp32: SPI Flash Size : 2MB[0m
[0;33mW (84) boot.esp32: PRO CPU has been reset by WDT.[0m
[0;33mW (89) boot.esp32: WDT reset info: PRO CPU PC=0x4008184e[0m
[0;33mW (95) boot.esp32: WDT reset info: APP CPU PC=0x40088789[0m
[0;32mI (101) boot: Enabling RNG early entropy source...[0m
[0;32mI (107) boot: Partition Table:[0m
[0;32mI (110) boot: ## Label            Usage          Type ST Offset   Length[0m
[0;32mI (118) boot:  0 nvs              WiFi data        01 02 00009000 00006000[0m
[0;32mI (125) boot:  1 phy_init         RF data          01 01 0000f000 00001000[0m
[0;32mI (133) boot:  2 factory          factory app      00 00 00010000 00100000[0m
[0;32mI (140) boot: End of partition table[0m
[0;32mI (145) esp_image: segment 0: paddr=00010020 vaddr=3f400020 size=0d3f8h ( 54264) map[0m
[0;32mI (172) esp_image: segment 1: paddr=0001d420 vaddr=3ffb0000 size=024e8h (  9448) load[0m
[0;32mI (176) esp_image: segment 2: paddr=0001f910 vaddr=40080000 size=00708h (  1800) load[0m
[0;32mI (178) esp_image: segment 3: paddr=00020020 vaddr=400d0020 size=1a364h (107364) map[0m
[0;32mI (223) esp_image: segment 4: paddr=0003a38c vaddr=40080708 size=0f4d4h ( 62676) load[0m
[0;32mI (256) boot: Loaded app from partition at offset 0x10000[0m
[0;32mI (256) boot: Disabling RNG early entropy source...[0m
[0;32mI (267) cpu_start: Multicore app[0m
[0;32mI (276) cpu_start: Pro cpu start user code[0m
[0;32mI (276) cpu_start: cpu freq: 160000000 Hz[0m
[0;32mI (276) cpu_start: Application information:[0m
[0;32mI (279) cpu_start: Project name:     TANWA_FLC[0m
[0;32mI (284) cpu_start: App version:      cc203f4-dirty[0m
[0;32mI (289) cpu_start: Compile time:     Jul 18 2024 02:53:20[0m
[0;32mI (296) cpu_start: ELF file SHA256:  f338d1225...[0m
[0;32mI (301) cpu_start: ESP-IDF:          v5.2.1[0m
[0;32mI (306) cpu_start: Min chip rev:     v0.0[0m
[0;32mI (311) cpu_start: Max chip rev:     v3.99 [0m
[0;32mI (315) cpu_start: Chip rev:         v1.0[0m
[0;32mI (320) heap_init: Initializing. RAM available for dynamic allocation:[0m
[0;32mI (327) heap_init: At 3FFAE6E0 len 00001920 (6 KiB): DRAM[0m
[0;32mI (333) heap_init: At 3FFB2DF0 len 0002D210 (180 KiB): DRAM[0m
[0;32mI (340) heap_init: At 3FFE0440 len 00003AE0 (14 KiB): D/IRAM[0m
[0;32mI (346) heap_init: At 3FFE4350 len 0001BCB0 (111 KiB): D/IRAM[0m
[0;32mI (352) heap_init: At 4008FBDC len 00010424 (65 KiB): IRAM[0m
[0;32mI (360) spi_flash: detected chip: generic[0m
[0;32mI (363) spi_flash: flash io: dio[0m
[0;33mW (367) spi_flash: Detected size(4096k) larger than the size in the binary image header(2048k). Using the size in the binary image header.[0m
[0;33mW (380) i2c: This driver is an old driver, please migrate your application code to adapt `driver/i2c_master.h`[0m
[0;32mI (392) main_task: Started on CPU0[0m
[0;32mI (402) main_task: Calling app_main()[0m
[0;32mI (402) APP_INIT_TASK: ### App initialization task started ###[0m
[0;32mI (402) APP_INIT_TASK: Initializing MCU configuration...[0m
[0;32mI (412) TANWA_CONFIG: I2C initialized[0m
ets Jun  8 2016 00:22:57

rst:0x8 (TG1WDT_SYS_RESET),boot:0x13 (SPI_FAST_FLASH_BOOT)
configsip: 0, SPIWP:0xee
clk_drv:0x00,q_drv:0x00,d_drv:0x00,cs0_drv:0x00,hd_drv:0x00,wp_drv:0x00
mode:DIO, clock div:2
load:0x3fff0030,len:7172
load:0x40078000,len:15540
load:0x40080400,len:4
ho 8 tail 4 room 4
load:0x40080404,len:3904
entry 0x40080640
[0;32mI (61) boot: ESP-IDF v5.2.1 2nd stage bootloader[0m
[0;32mI (61) boot: compile time Jul 18 2024 02:37:22[0m
[0;32mI (61) boot: Multicore bootloader[0m
[0;32mI (66) boot: chip revision: v1.0[0m
[0;32mI (70) boot.esp32: SPI Speed      : 40MHz[0m
[0;32mI (75) boot.esp32: SPI Mode       : DIO[0m
[0;32mI (79) boot.esp32: SPI Flash Size : 2MB[0m
[0;33mW (84) boot.esp32: PRO CPU has been reset by WDT.[0m
[0;33mW (89) boot.esp32: WDT reset info: PRO CPU PC=0x4008184e[0m
[0;33mW (95) boot.esp32: WDT reset info: APP CPU PC=0x40082f82[0m
[0;32mI (101) boot: Enabling RNG early entropy source...[0m
[0;32mI (107) boot: Partition Table:[0m
[0;32mI (110) boot: ## Label            Usage          Type ST Offset   Length[0m
[0;32mI (118) boot:  0 nvs              WiFi data        01 02 00009000 00006000[0m
[0;32mI (125) boot:  1 phy_init         RF data          01 01 0000f000 00001000[0m
[0;32mI (133) boot:  2 factory          factory app      00 00 00010000 00100000[0m
[0;32mI (140) boot: End of partition table[0m
[0;32mI (145) esp_image: segment 0: paddr=00010020 vaddr=3f400020 size=0d3f8h ( 54264) map[0m
[0;32mI (172) esp_image: segment 1: paddr=0001d420 vaddr=3ffb0000 size=024e8h (  9448) load[0m
[0;32mI (176) esp_image: segment 2: paddr=0001f910 vaddr=40080000 size=00708h (  1800) load[0m
[0;32mI (178) esp_image: segment 3: paddr=00020020 vaddr=400d0020 size=1a364h (107364) map[0m
[0;32mI (223) esp_image: segment 4: paddr=0003a38c vaddr=40080708 size=0f4d4h ( 62676) load[0m
[0;32mI (256) boot: Loaded app from partition at offset 0x10000[0m
[0;32mI (256) boot: Disabling RNG early entropy source...[0m
[0;32mI (267) cpu_start: Multicore app[0m
[0;32mI (276) cpu_start: Pro cpu start user code[0m
[0;32mI (276) cpu_start: cpu freq: 160000000 Hz[0m
[0;32mI (276) cpu_start: Application information:[0m
[0;32mI (279) cpu_start: Project name:     TANWA_FLC[0m
[0;32mI (284) cpu_start: App version:      cc203f4-dirty[0m
[0;32mI (290) cpu_start: Compile time:     Jul 18 2024 02:53:20[0m
[0;32mI (296) cpu_start: ELF file SHA256:  f338d1225...[0m
[0;32mI (301) cpu_start: ESP-IDF:          v5.2.1[0m
[0;32mI (306) cpu_start: Min chip rev:     v0.0[0m
[0;32mI (311) cpu_start: Max chip rev:     v3.99 [0m
[0;32mI (315) cpu_start: Chip rev:         v1.0[0m
[0;32mI (320) heap_init: Initializing. RAM available for dynamic allocation:[0m
[0;32mI (327) heap_init: At 3FFAE6E0 len 00001920 (6 KiB): DRAM[0m
[0;32mI (333) heap_init: At 3FFB2DF0 len 0002D210 (180 KiB): DRAM[0m
[0;32mI (340) heap_init: At 3FFE0440 len 00003AE0 (14 KiB): D/IRAM[0m
[0;32mI (346) heap_init: At 3FFE4350 len 0001BCB0 (111 KiB): D/IRAM[0m
[0;32mI (352) heap_init: At 4008FBDC len 00010424 (65 KiB): IRAM[0m
[0;32mI (360) spi_flash: detected chip: generic[0m
[0;32mI (363) spi_flash: flash io: dio[0m
[0;33mW (367) spi_flash: Detected size(4096k) larger than the size in the binary image header(2048k). Using the size in the binary image header.[0m
[0;33mW (380) i2c: This driver is an old driver, please migrate your application code to adapt `driver/i2c_master.h`[0m
[0;32mI (392) main_task: Started on CPU0[0m
[0;32mI (402) main_task: Calling app_main()[0m
[0;32mI (402) APP_INIT_TASK: ### App initialization task started ###[0m
[0;32mI (402) APP_INIT_TASK: Initializing MCU configuration...[0m
[0;32mI (412) TANWA_CONFIG: I2C initialized[0m
ets Jun  8 2016 00:22:57

rst:0x8 (TG1WDT_SYS_RESET),boot:0x13 (SPI_FAST_FLASH_BOOT)
configsip: 0, SPIWP:0xee
clk_drv:0x00,q_drv:0x00,d_drv:0x00,cs0_drv:0x00,hd_drv:0x00,wp_drv:0x00
mode:DIO, clock div:2
load:0x3fff0030,len:7172
load:0x40078000,len:15540
load:0x40080400,len:4
ho 8 tail 4 room 4
load:0x40080404,len:3904
entry 0x40080640
[0;32mI (61) boot: ESP-IDF v5.2.1 2nd stage bootloader[0m
[0;32mI (61) boot: compile time Jul 18 2024 02:37:22[0m
[0;32mI (61) boot: Multicore bootloader[0m
[0;32mI (66) boot: chip revision: v1.0[0m
[0;32mI (70) boot.esp32: SPI Speed      : 40MHz[0m
[0;32mI (75) boot.esp32: SPI Mode       : DIO[0m
[0;32mI (79) boot.esp32: SPI Flash Size : 2MB[0m
[0;33mW (84) boot.esp32: PRO CPU has been reset by WDT.[0m
[0;33mW (89) boot.esp32: WDT reset info: PRO CPU PC=0x4008184e[0m
[0;33mW (95) boot.esp32: WDT reset info: APP CPU PC=0x40080343[0m
[0;32mI (101) boot: Enabling RNG early entropy source...[0m
[0;32mI (107) boot: Partition Table:[0m
[0;32mI (110) boot: ## Label            Usage          Type ST Offset   Length[0m
[0;32mI (118) boot:  0 nvs              WiFi data        01 02 00009000 00006000[0m
[0;32mI (125) boot:  1 phy_init         RF data          01 01 0000f000 00001000[0m
[0;32mI (133) boot:  2 factory          factory app      00 00 00010000 00100000[0m
[0;32mI (140) boot: End of partition table[0m
[0;32mI (145) esp_image: segment 0: paddr=00010020 vaddr=3f400020 size=0d3f8h ( 54264) map[0m
[0;32mI (172) esp_image: segment 1: paddr=0001d420 vaddr=3ffb0000 size=024e8h (  9448) load[0m
[0;32mI (176) esp_image: segment 2: paddr=0001f910 vaddr=40080000 size=00708h (  1800) load[0m
[0;32mI (178) esp_image: segment 3: paddr=00020020 vaddr=400d0020 size=1a364h (107364) map[0m
[0;32mI (223) esp_image: segment 4: paddr=0003a38c vaddr=40080708 size=0f4d4h ( 62676) load[0m
[0;32mI (256) boot: Loaded app from partition at offset 0x10000[0m
[0;32mI (256) boot: Disabling RNG early entropy source...[0m
[0;32mI (267) cpu_start: Multicore app[0m
[0;32mI (276) cpu_start: Pro cpu start user code[0m
[0;32mI (276) cpu_start: cpu freq: 160000000 Hz[0m
[0;32mI (276) cpu_start: Application information:[0m
[0;32mI (279) cpu_start: Project name:     TANWA_FLC[0m
[0;32mI (284) cpu_start: App version:      cc203f4-dirty[0m
[0;32mI (290) cpu_start: Compile time:     Jul 18 2024 02:53:20[0m
[0;32mI (296) cpu_start: ELF file SHA256:  f338d1225...[0m
[0;32mI (301) cpu_start: ESP-IDF:          v5.2.1[0m
[0;32mI (306) cpu_start: Min chip rev:     v0.0[0m
[0;32mI (311) cpu_start: Max chip rev:     v3.99 [0m
[0;32mI (315) cpu_start: Chip rev:         v1.0[0m
[0;32mI (320) heap_init: Initializing. RAM available for dynamic allocation:[0m
[0;32mI (327) heap_init: At 3FFAE6E0 len 00001920 (6 KiB): DRAM[0m
[0;32mI (333) heap_init: At 3FFB2DF0 len 0002D210 (180 KiB): DRAM[0m
[0;32mI (340) heap_init: At 3FFE0440 len 00003AE0 (14 KiB): D/IRAM[0m
[0;32mI (346) heap_init: At 3FFE4350 len 0001BCB0 (111 KiB): D/IRAM[0m
[0;32mI (352) heap_init: At 4008FBDC len 00010424 (65 KiB): IRAM[0m
[0;32mI (360) spi_flash: detected chip: generic[0m
[0;32mI (363) spi_flash: flash io: dio[0m
[0;33mW (367) spi_flash: Detected size(4096k) larger than the size in the binary image header(2048k). Using the size in the binary image header.[0m
[0;33mW (380) i2c: This driver is an old driver, please migrate your application code to adapt `driver/i2c_master.h`[0m
[0;32mI (392) main_task: Started on CPU0[0m
[0;32mI (402) main_task: Calling app_main()[0m
[0;32mI (402) APP_INIT_TASK: ### App initialization task started ###[0m
[0;32mI (402) APP_INIT_TASK: Initializing MCU configuration...[0m
[0;32mI (412) TANWA_CONFIG: I2C initialized[0m
ets Jun  8 2016 00:22:57

rst:0x8 (TG1WDT_SYS_RESET),boot:0x13 (SPI_FAST_FLASH_BOOT)
configsip: 0, SPIWP:0xee
clk_drv:0x00,q_drv:0x00,d_drv:0x00,cs0_drv:0x00,hd_drv:0x00,wp_drv:0x00
mode:DIO, clock div:2
load:0x3fff0030,len:7172
load:0x40078000,len:15540
load:0x40080400,len:4
ho 8 tail 4 room 4
load:0x40080404,len:3904
entry 0x40080640
[0;32mI (61) boot: ESP-IDF v5.2.1 2nd stage bootloader[0m
[0;32mI (61) boot: compile time Jul 18 2024 02:37:22[0m
[0;32mI (61) boot: Multicore bootloader[0m
[0;32mI (66) boot: chip revision: v1.0[0m
[0;32mI (70) boot.esp32: SPI Speed      : 40MHz[0m
[0;32mI (75) boot.esp32: SPI Mode       : DIO[0m
[0;32mI (79) boot.esp32: SPI Flash Size : 2MB[0m
[0;33mW (84) boot.esp32: PRO CPU has been reset by WDT.[0m
[0;33mW (89) boot.esp32: WDT reset info: PRO CPU PC=0x4008184e[0m
[0;33mW (95) boot.esp32: WDT reset info: APP CPU PC=0x40080343[0m
[0;32mI (101) boot: Enabling RNG early entropy source...[0m
[0;32mI (107) boot: Partition Table:[0m
[0;32mI (110) boot: ## Label            Usage          Type ST Offset   Length[0m
[0;32mI (118) boot:  0 nvs              WiFi data        01 02 00009000 00006000[0m
[0;32mI (125) boot:  1 phy_init         RF data          01 01 0000f000 00001000[0m
[0;32mI (133) boot:  2 factory          factory app      00 00 00010000 00100000[0m
[0;32mI (140) boot: End of partition table[0m
[0;32mI (145) esp_image: segment 0: paddr=00010020 vaddr=3f400020 size=0d3f8h ( 54264) map[0m
[0;32mI (172) esp_image: segment 1: paddr=0001d420 vaddr=3ffb0000 size=024e8h (  9448) load[0m
[0;32mI (176) esp_image: segment 2: paddr=0001f910 vaddr=40080000 size=00708h (  1800) load[0m
[0;32mI (178) esp_image: segment 3: paddr=00020020 vaddr=400d0020 size=1a364h (107364) map[0m
[0;32mI (223) esp_image: segment 4: paddr=0003a38c vaddr=40080708 size=0f4d4h ( 62676) load[0m
[0;32mI (256) boot: Loaded app from partition at offset 0x10000[0m
[0;32mI (256) boot: Disabling RNG early entropy source...[0m
[0;32mI (267) cpu_start: Multicore app[0m
[0;32mI (276) cpu_start: Pro cpu start user code[0m
[0;32mI (276) cpu_start: cpu freq: 160000000 Hz[0m
[0;32mI (276) cpu_start: Application information:[0m
[0;32mI (279) cpu_start: Project name:     TANWA_FLC[0m
[0;32mI (284) cpu_start: App version:      cc203f4-dirty[0m
[0;32mI (289) cpu_start: Compile time:     Jul 18 2024 02:53:20[0m
[0;32mI (296) cpu_start: ELF file SHA256:  f338d1225...[0m
[0;32mI (301) cpu_start: ESP-IDF:          v5.2.1[0m
[0;32mI (306) cpu_start: Min chip rev:     v0.0[0m
[0;32mI (310) cpu_start: Max chip rev:     v3.99 [0m
[0;32mI (315) cpu_start: Chip rev:         v1.0[0m
[0;32mI (320) heap_init: Initializing. RAM available for dynamic allocation:[0m
[0;32mI (327) heap_init: At 3FFAE6E0 len 00001920 (6 KiB): DRAM[0m
[0;32mI (333) heap_init: At 3FFB2DF0 len 0002D210 (180 KiB): DRAM[0m
[0;32mI (340) heap_init: At 3FFE0440 len 00003AE0 (14 KiB): D/IRAM[0m
[0;32mI (346) heap_init: At 3FFE4350 len 0001BCB0 (111 KiB): D/IRAM[0m
[0;32mI (352) heap_init: At 4008FBDC len 00010424 (65 KiB): IRAM[0m
[0;32mI (360) spi_flash: detected chip: generic[0m
[0;32mI (363) spi_flash: flash io: dio[0m
[0;33mW (367) spi_flash: Detected size(4096k) larger than the size in the binary image header(2048k). Using the size in the binary image header.[0m
[0;33mW (380) i2c: This driver is an old driver, please migrate your application code to adapt `driver/i2c_master.h`[0m
[0;32mI (392) main_task: Started on CPU0[0m
[0;32mI (402) main_task: Calling app_main()[0m
[0;32mI (402) APP_INIT_TASK: ### App initialization task started ###[0m
[0;32mI (402) APP_INIT_TASK: Initializing MCU configuration...[0m
[0;32mI (412) TANWA_CONFIG: I2C initialized[0m
ets Jun  8 2016 00:22:57

rst:0x8 (TG1WDT_SYS_RESET),boot:0x13 (SPI_FAST_FLASH_BOOT)
configsip: 0, SPIWP:0xee
clk_drv:0x00,q_drv:0x00,d_drv:0x00,cs0_drv:0x00,hd_drv:0x00,wp_drv:0x00
mode:DIO, clock div:2
load:0x3fff0030,len:7172
load:0x40078000,len:15540
load:0x40080400,len:4
ho 8 tail 4 room 4
load:0x40080404,len:3904
entry 0x40080640
[0;32mI (61) boot: ESP-IDF v5.2.1 2nd stage bootloader[0m
[0;32mI (61) boot: compile time Jul 18 2024 02:37:22[0m
[0;32mI (61) boot: Multicore bootloader[0m
[0;32mI (66) boot: chip revision: v1.0[0m
[0;32mI (70) boot.esp32: SPI Speed      : 40MHz[0m
[0;32mI (75) boot.esp32: SPI Mode       : DIO[0m
[0;32mI (79) boot.esp32: SPI Flash Size : 2MB[0m
[0;33mW (84) boot.esp32: PRO CPU has been reset by WDT.[0m
[0;33mW (89) boot.esp32: WDT reset info: PRO CPU PC=0x4008184e[0m
[0;33mW (95) boot.esp32: WDT reset info: APP CPU PC=0x4008877f[0m
[0;32mI (101) boot: Enabling RNG early entropy source...[0m
[0;32mI (107) boot: Partition Table:[0m
[0;32mI (110) boot: ## Label            Usage          Type ST Offset   Length[0m
[0;32mI (118) boot:  0 nvs              WiFi data        01 02 00009000 00006000[0m
[0;32mI (125) boot:  1 phy_init         RF data          01 01 0000f000 00001000[0m
[0;32mI (133) boot:  2 factory          factory app      00 00 00010000 00100000[0m
[0;32mI (140) boot: End of partition table[0m
[0;32mI (145) esp_image: segment 0: paddr=00010020 vaddr=3f400020 size=0d3f8h ( 54264) map[0m
[0;32mI (172) esp_image: segment 1: paddr=0001d420 vaddr=3ffb0000 size=024e8h (  9448) load[0m
[0;32mI (176) esp_image: segment 2: paddr=0001f910 vaddr=40080000 size=00708h (  1800) load[0m
[0;32mI (178) esp_image: segment 3: paddr=00020020 vaddr=400d0020 size=1a364h (107364) map[0m
[0;32mI (223) esp_image: segment 4: paddr=0003a38c vaddr=40080708 size=0f4d4h ( 62676) load[0m
[0;32mI (256) boot: Loaded app from partition at offset 0x10000[0m
[0;32mI (256) boot: Disabling RNG early entropy source...[0m
[0;32mI (267) cpu_start: Multicore app[0m
[0;32mI (276) cpu_start: Pro cpu start user code[0m
[0;32mI (276) cpu_start: cpu freq: 160000000 Hz[0m
[0;32mI (276) cpu_start: Application information:[0m
[0;32mI (279) cpu_start: Project name:     TANWA_FLC[0m
[0;32mI (284) cpu_start: App version:      cc203f4-dirty[0m
[0;32mI (290) cpu_start: Compile time:     Jul 18 2024 02:53:20[0m
[0;32mI (296) cpu_start: ELF file SHA256:  f338d1225...[0m
[0;32mI (301) cpu_start: ESP-IDF:          v5.2.1[0m
[0;32mI (306) cpu_start: Min chip rev:     v0.0[0m
[0;32mI (311) cpu_start: Max chip rev:     v3.99 [0m
[0;32mI (315) cpu_start: Chip rev:         v1.0[0m
[0;32mI (320) heap_init: Initializing. RAM available for dynamic allocation:[0m
[0;32mI (327) heap_init: At 3FFAE6E0 len 00001920 (6 KiB): DRAM[0m
[0;32mI (333) heap_init: At 3FFB2DF0 len 0002D210 (180 KiB): DRAM[0m
[0;32mI (340) heap_init: At 3FFE0440 len 00003AE0 (14 KiB): D/IRAM[0m
[0;32mI (346) heap_init: At 3FFE4350 len 0001BCB0 (111 KiB): D/IRAM[0m
[0;32mI (352) heap_init: At 4008FBDC len 00010424 (65 KiB): IRAM[0m
[0;32mI (360) spi_flash: detected chip: generic[0m
[0;32mI (363) spi_flash: flash io: dio[0m
[0;33mW (367) spi_flash: Detected size(4096k) larger than the size in the binary image header(2048k). Using the size in the binary image header.[0m
[0;33mW (380) i2c: This driver is an old driver, please migrate your application code to adapt `driver/i2c_master.h`[0m
[0;32mI (392) main_task: Started on CPU0[0m
[0;32mI (402) main_task: Calling app_main()[0m
[0;32mI (402) APP_INIT_TASK: ### App initialization task started ###[0m
[0;32mI (402) APP_INIT_TASK: Initializing MCU configuration...[0m
[0;32mI (412) TANWA_CONFIG: I2C initialized[0m
ets Jun  8 2016 00:22:57

rst:0x8 (TG1WDT_SYS_RESET),boot:0x13 (SPI_FAST_FLASH_BOOT)
configsip: 0, SPIWP:0xee
clk_drv:0x00,q_drv:0x00,d_drv:0x00,cs0_drv:0x00,hd_drv:0x00,wp_drv:0x00
mode:DIO, clock div:2
load:0x3fff0030,len:7172
load:0x40078000,len:15540
load:0x40080400,len:4
ho 8 tail 4 room 4
load:0x40080404,len:3904
entry 0x40080640
[0;32mI (61) boot: ESP-IDF v5.2.1 2nd stage bootloader[0m
[0;32mI (61) boot: compile time Jul 18 2024 02:37:22[0m
[0;32mI (61) boot: Multicore bootloader[0m
[0;32mI (66) boot: chip revision: v1.0[0m
[0;32mI (70) boot.esp32: SPI Speed      : 40MHz[0m
[0;32mI (75) boot.esp32: SPI Mode       : DIO[0m
[0;32mI (79) boot.esp32: SPI Flash Size : 2MB[0m
[0;33mW (84) boot.esp32: PRO CPU has been reset by WDT.[0m
[0;33mW (89) boot.esp32: WDT reset info: PRO CPU PC=0x4008184e[0m
[0;33mW (95) boot.esp32: WDT reset info: APP CPU PC=0x40088771[0m
[0;32mI (101) boot: Enabling RNG early entropy source...[0m
[0;32mI (107) boot: Partition Table:[0m
[0;32mI (110) boot: ## Label            Usage          Type ST Offset   Length[0m
[0;32mI (118) boot:  0 nvs              WiFi data        01 02 00009000 00006000[0m
[0;32mI (125) boot:  1 phy_init         RF data          01 01 0000f000 00001000[0m
[0;32mI (133) boot:  2 factory          factory app      00 00 00010000 00100000[0m
[0;32mI (140) boot: End of partition table[0m
[0;32mI (145) esp_image: segment 0: paddr=00010020 vaddr=3f400020 size=0d3f8h ( 54264) map[0m
[0;32mI (172) esp_image: segment 1: paddr=0001d420 vaddr=3ffb0000 size=024e8h (  9448) load[0m
[0;32mI (176) esp_image: segment 2: paddr=0001f910 vaddr=40080000 size=00708h (  1800) load[0m
[0;32mI (178) esp_image: segment 3: paddr=00020020 vaddr=400d0020 size=1a364h (107364) map[0m
[0;32mI (223) esp_image: segment 4: paddr=0003a38c vaddr=40080708 size=0f4d4h ( 62676) load[0m
[0;32mI (256) boot: Loaded app from partition at offset 0x10000[0m
[0;32mI (256) boot: Disabling RNG early entropy source...[0m
[0;32mI (267) cpu_start: Multicore app[0m
[0;32mI (276) cpu_start: Pro cpu start user code[0m
[0;32mI (276) cpu_start: cpu freq: 160000000 Hz[0m
[0;32mI (276) cpu_start: Application information:[0m
[0;32mI (279) cpu_start: Project name:     TANWA_FLC[0m
[0;32mI (284) cpu_start: App version:      cc203f4-dirty[0m
[0;32mI (290) cpu_start: Compile time:     Jul 18 2024 02:53:20[0m
[0;32mI (296) cpu_start: ELF file SHA256:  f338d1225...[0m
[0;32mI (301) cpu_start: ESP-IDF:          v5.2.1[0m
[0;32mI (306) cpu_start: Min chip rev:     v0.0[0m
[0;32mI (311) cpu_start: Max chip rev:     v3.99 [0m
[0;32mI (315) cpu_start: Chip rev:         v1.0[0m
[0;32mI (320) heap_init: Initializing. RAM available for dynamic allocation:[0m
[0;32mI (327) heap_init: At 3FFAE6E0 len 00001920 (6 KiB): DRAM[0m
[0;32mI (333) heap_init: At 3FFB2DF0 len 0002D210 (180 KiB): DRAM[0m
[0;32mI (340) heap_init: At 3FFE0440 len 00003AE0 (14 KiB): D/IRAM[0m
[0;32mI (346) heap_init: At 3FFE4350 len 0001BCB0 (111 KiB): D/IRAM[0m
[0;32mI (352) heap_init: At 4008FBDC len 00010424 (65 KiB): IRAM[0m
[0;32mI (360) spi_flash: detected chip: generic[0m
[0;32mI (363) spi_flash: flash io: dio[0m
[0;33mW (367) spi_flash: Detected size(4096k) larger than the size in the binary image header(2048k). Using the size in the binary image header.[0m
[0;33mW (380) i2c: This driver is an old driver, please migrate your application code to adapt `driver/i2c_master.h`[0m
[0;32mI (392) main_task: Started on CPU0[0m
[0;32mI (402) main_task: Calling app_main()[0m
[0;32mI (402) APP_INIT_TASK: ### App initialization task started ###[0m
[0;32mI (402) APP_INIT_TASK: Initializing MCU configuration...[0m
[0;32mI (412) TANWA_CONFIG: I2C initialized[0m
ets Jun  8 2016 00:22:57

rst:0x8 (TG1WDT_SYS_RESET),boot:0x13 (SPI_FAST_FLASH_BOOT)
configsip: 0, SPIWP:0xee
clk_drv:0x00,q_drv:0x00,d_drv:0x00,cs0_drv:0x00,hd_drv:0x00,wp_drv:0x00
mode:DIO, clock div:2
load:0x3fff0030,len:7172
load:0x40078000,len:15540
load:0x40080400,len:4
ho 8 tail 4 room 4
load:0x40080404,len:3904
entry 0x40080640
[0;32mI (61) boot: ESP-IDF v5.2.1 2nd stage bootloader[0m
[0;32mI (61) boot: compile time Jul 18 2024 02:37:22[0m
[0;32mI (61) boot: Multicore bootloader[0m
[0;32mI (66) boot: chip revision: v1.0[0m
[0;32mI (70) boot.esp32: SPI Speed      : 40MHz[0m
[0;32mI (75) boot.esp32: SPI Mode       : DIO[0m
[0;32mI (79) boot.esp32: SPI Flash Size : 2MB[0m
[0;33mW (84) boot.esp32: PRO CPU has been reset by WDT.[0m
[0;33mW (89) boot.esp32: WDT reset info: PRO CPU PC=0x4008184e[0m
[0;33mW (95) boot.esp32: WDT reset info: APP CPU PC=0x40088786[0m
[0;32mI (101) boot: Enabling RNG early entropy source...[0m
[0;32mI (107) boot: Partition Table:[0m
[0;32mI (110) boot: ## Label            Usage          Type ST Offset   Length[0m
[0;32mI (118) boot:  0 nvs              WiFi data        01 02 00009000 00006000[0m
[0;32mI (125) boot:  1 phy_init         RF data          01 01 0000f000 00001000[0m
[0;32mI (133) boot:  2 factory          factory app      00 00 00010000 00100000[0m
[0;32mI (140) boot: End of partition table[0m
[0;32mI (145) esp_image: segment 0: paddr=00010020 vaddr=3f400020 size=0d3f8h ( 54264) map[0m
[0;32mI (172) esp_image: segment 1: paddr=0001d420 vaddr=3ffb0000 size=024e8h (  9448) load[0m
[0;32mI (176) esp_image: segment 2: paddr=0001f910 vaddr=40080000 size=00708h (  1800) load[0m
[0;32mI (178) esp_image: segment 3: paddr=00020020 vaddr=400d0020 size=1a364h (107364) map[0m
[0;32mI (223) esp_image: segment 4: paddr=0003a38c vaddr=40080708 size=0f4d4h ( 62676) load[0m
[0;32mI (256) boot: Loaded app from partition at offset 0x10000[0m
[0;32mI (256) boot: Disabling RNG early entropy source...[0m
[0;32mI (267) cpu_start: Multicore app[0m
[0;32mI (276) cpu_start: Pro cpu start user code[0m
[0;32mI (276) cpu_start: cpu freq: 160000000 Hz[0m
[0;32mI (276) cpu_start: Application information:[0m
[0;32mI (279) cpu_start: Project name:     TANWA_FLC[0m
[0;32mI (284) cpu_start: App version:      cc203f4-dirty[0m
[0;32mI (290) cpu_start: Compile time:     Jul 18 2024 02:53:20[0m
[0;32mI (296) cpu_start: ELF file SHA256:  f338d1225...[0m
[0;32mI (301) cpu_start: ESP-IDF:          v5.2.1[0m
[0;32mI (306) cpu_start: Min chip rev:     v0.0[0m
[0;32mI (311) cpu_start: Max chip rev:     v3.99 [0m
[0;32mI (315) cpu_start: Chip rev:         v1.0[0m
[0;32mI (320) heap_init: Initializing. RAM available for dynamic allocation:[0m
[0;32mI (327) heap_init: At 3FFAE6E0 len 00001920 (6 KiB): DRAM[0m
[0;32mI (333) heap_init: At 3FFB2DF0 len 0002D210 (180 KiB): DRAM[0m
[0;32mI (340) heap_init: At 3FFE0440 len 00003AE0 (14 KiB): D/IRAM[0m
[0;32mI (346) heap_init: At 3FFE4350 len 0001BCB0 (111 KiB): D/IRAM[0m
[0;32mI (352) heap_init: At 4008FBDC len 00010424 (65 KiB): IRAM[0m
[0;32mI (360) spi_flash: detected chip: generic[0m
[0;32mI (363) spi_flash: flash io: dio[0m
[0;33mW (367) spi_flash: Detected size(4096k) larger than the size in the binary image header(2048k). Using the size in the binary image header.[0m
[0;33mW (380) i2c: This driver is an old driver, please migrate your application code to adapt `driver/i2c_master.h`[0m
[0;32mI (392) main_task: Started on CPU0[0m
[0;32mI (402) main_task: Calling app_main()[0m
[0;32mI (402) APP_INIT_TASK: ### App initialization task started ###[0m
[0;32mI (402) APP_INIT_TASK: Initializing MCU configuration...[0m
[0;32mI (412) TANWA_CONFIG: I2C initialized[0m
ets Jun  8 2016 00:22:57

rst:0x8 (TG1WDT_SYS_RESET),boot:0x13 (SPI_FAST_FLASH_BOOT)
configsip: 0, SPIWP:0xee
clk_drv:0x00,q_drv:0x00,d_drv:0x00,cs0_drv:0x00,hd_drv:0x00,wp_drv:0x00
mode:DIO, clock div:2
load:0x3fff0030,len:7172
load:0x40078000,len:15540
load:0x40080400,len:4
ho 8 tail 4 room 4
load:0x40080404,len:3904
entry 0x40080640
[0;32mI (61) boot: ESP-IDF v5.2.1 2nd stage bootloader[0m
[0;32mI (61) boot: compile time Jul 18 2024 02:37:22[0m
[0;32mI (61) boot: Multicore bootloader[0m
[0;32mI (66) boot: chip revision: v1.0[0m
[0;32mI (70) boot.esp32: SPI Speed      : 40MHz[0m
[0;32mI (75) boot.esp32: SPI Mode       : DIO[0m
[0;32mI (79) boot.esp32: SPI Flash Size : 2MB[0m
[0;33mW (84) boot.esp32: PRO CPU has been reset by WDT.[0m
[0;33mW (89) boot.esp32: WDT reset info: PRO CPU PC=0x4008184e[0m
[0;33mW (95) boot.esp32: WDT reset info: APP CPU PC=0x4008313f[0m
[0;32mI (101) boot: Enabling RNG early entropy source...[0m
[0;32mI (107) boot: Partition Table:[0m
[0;32mI (110) boot: ## Label            Usage          Type ST Offset   Length[0m
[0;32mI (118) boot:  0 nvs              WiFi data        01 02 00009000 00006000[0m
[0;32mI (125) boot:  1 phy_init         RF data          01 01 0000f000 00001000[0m
[0;32mI (133) boot:  2 factory          factory app      00 00 00010000 00100000[0m
[0;32mI (140) boot: End of partition table[0m
[0;32mI (145) esp_image: segment 0: paddr=00010020 vaddr=3f400020 size=0d3f8h ( 54264) map[0m
[0;32mI (172) esp_image: segment 1: paddr=0001d420 vaddr=3ffb0000 size=024e8h (  9448) load[0m
[0;32mI (176) esp_image: segment 2: paddr=0001f910 vaddr=40080000 size=00708h (  1800) load[0m
[0;32mI (178) esp_image: segment 3: paddr=00020020 vaddr=400d0020 size=1a364h (107364) map[0m
[0;32mI (223) esp_image: segment 4: paddr=0003a38c vaddr=40080708 size=0f4d4h ( 62676) load[0m
[0;32mI (256) boot: Loaded app from partition at offset 0x10000[0m
[0;32mI (256) boot: Disabling RNG early entropy source...[0m
[0;32mI (267) cpu_start: Multicore app[0m
[0;32mI (276) cpu_start: Pro cpu start user code[0m
[0;32mI (276) cpu_start: cpu freq: 160000000 Hz[0m
[0;32mI (276) cpu_start: Application information:[0m
[0;32mI (279) cpu_start: Project name:     TANWA_FLC[0m
[0;32mI (284) cpu_start: App version:      cc203f4-dirty[0m
[0;32mI (290) cpu_start: Compile time:     Jul 18 2024 02:53:20[0m
[0;32mI (296) cpu_start: ELF file SHA256:  f338d1225...[0m
[0;32mI (301) cpu_start: ESP-IDF:          v5.2.1[0m
[0;32mI (306) cpu_start: Min chip rev:     v0.0[0m
[0;32mI (311) cpu_start: Max chip rev:     v3.99 [0m
[0;32mI (315) cpu_start: Chip rev:         v1.0[0m
[0;32mI (320) heap_init: Initializing. RAM available for dynamic allocation:[0m
[0;32mI (327) heap_init: At 3FFAE6E0 len 00001920 (6 KiB): DRAM[0m
[0;32mI (333) heap_init: At 3FFB2DF0 len 0002D210 (180 KiB): DRAM[0m
[0;32mI (340) heap_init: At 3FFE0440 len 00003AE0 (14 KiB): D/IRAM[0m
[0;32mI (346) heap_init: At 3FFE4350 len 0001BCB0 (111 KiB): D/IRAM[0m
[0;32mI (352) heap_init: At 4008FBDC len 00010424 (65 KiB): IRAM[0m
[0;32mI (360) spi_flash: detected chip: generic[0m
[0;32mI (363) spi_flash: flash io: dio[0m
[0;33mW (367) spi_flash: Detected size(4096k) larger than the size in the binary image header(2048k). Using the size in the binary image header.[0m
[0;33mW (380) i2c: This driver is an old driver, please migrate your application code to adapt `driver/i2c_master.h`[0m
[0;32mI (392) main_task: Started on CPU0[0m
[0;32mI (402) main_task: Calling app_main()[0m
[0;32mI (402) APP_INIT_TASK: ### App initialization task started ###[0m
[0;32mI (402) APP_INIT_TASK: Initializing MCU configuration...[0m
[0;32mI (412) TANWA_CONFIG: I2C initialized[0m
ets Jun  8 2016 00:22:57

rst:0x8 (TG1WDT_SYS_RESET),boot:0x13 (SPI_FAST_FLASH_BOOT)
configsip: 0, SPIWP:0xee
clk_drv:0x00,q_drv:0x00,d_drv:0x00,cs0_drv:0x00,hd_drv:0x00,wp_drv:0x00
mode:DIO, clock div:2
load:0x3fff0030,len:7172
load:0x40078000,len:15540
load:0x40080400,len:4
ho 8 tail 4 room 4
load:0x40080404,len:3904
entry 0x40080640
[0;32mI (61) boot: ESP-IDF v5.2.1 2nd stage bootloader[0m
[0;32mI (61) boot: compile time Jul 18 2024 02:37:22[0m
[0;32mI (61) boot: Multicore bootloader[0m
[0;32mI (66) boot: chip revision: v1.0[0m
[0;32mI (70) boot.esp32: SPI Speed      : 40MHz[0m
[0;32mI (75) boot.esp32: SPI Mode       : DIO[0m
[0;32mI (79) boot.esp32: SPI Flash Size : 2MB[0m
[0;33mW (84) boot.esp32: PRO CPU has been reset by WDT.[0m
[0;33mW (89) boot.esp32: WDT reset info: PRO CPU PC=0x4008184e[0m
[0;33mW (95) boot.esp32: WDT reset info: APP CPU PC=0x40080340[0m
[0;32mI (101) boot: Enabling RNG early entropy source...[0m
[0;32mI (107) boot: Partition Table:[0m
[0;32mI (110) boot: ## Label            Usage          Type ST Offset   Length[0m
[0;32mI (118) boot:  0 nvs              WiFi data        01 02 00009000 00006000[0m
[0;32mI (125) boot:  1 phy_init         RF data          01 01 0000f000 00001000[0m
[0;32mI (133) boot:  2 factory          factory app      00 00 00010000 00100000[0m
[0;32mI (140) boot: End of partition table[0m
[0;32mI (145) esp_image: segment 0: paddr=00010020 vaddr=3f400020 size=0d3f8h ( 54264) map[0m
[0;32mI (172) esp_image: segment 1: paddr=0001d420 vaddr=3ffb0000 size=024e8h (  9448) load[0m
[0;32mI (176) esp_image: segment 2: paddr=0001f910 vaddr=40080000 size=00708h (  1800) load[0m
[0;32mI (178) esp_image: segment 3: paddr=00020020 vaddr=400d0020 size=1a364h (107364) map[0m
[0;32mI (223) esp_image: segment 4: paddr=0003a38c vaddr=40080708 size=0f4d4h ( 62676) load[0m
[0;32mI (256) boot: Loaded app from partition at offset 0x10000[0m
[0;32mI (256) boot: Disabling RNG early entropy source...[0m
[0;32mI (267) cpu_start: Multicore app[0m
[0;32mI (276) cpu_start: Pro cpu start user code[0m
[0;32mI (276) cpu_start: cpu freq: 160000000 Hz[0m
[0;32mI (276) cpu_start: Application information:[0m
[0;32mI (279) cpu_start: Project name:     TANWA_FLC[0m
[0;32mI (284) cpu_start: App version:      cc203f4-dirty[0m
[0;32mI (290) cpu_start: Compile time:     Jul 18 2024 02:53:20[0m
[0;32mI (296) cpu_start: ELF file SHA256:  f338d1225...[0m
[0;32mI (301) cpu_start: ESP-IDF:          v5.2.1[0m
[0;32mI (306) cpu_start: Min chip rev:     v0.0[0m
[0;32mI (311) cpu_start: Max chip rev:     v3.99 [0m
[0;32mI (315) cpu_start: Chip rev:         v1.0[0m
[0;32mI (320) heap_init: Initializing. RAM available for dynamic allocation:[0m
[0;32mI (327) heap_init: At 3FFAE6E0 len 00001920 (6 KiB): DRAM[0m
[0;32mI (333) heap_init: At 3FFB2DF0 len 0002D210 (180 KiB): DRAM[0m
[0;32mI (340) heap_init: At 3FFE0440 len 00003AE0 (14 KiB): D/IRAM[0m
[0;32mI (346) heap_init: At 3FFE4350 len 0001BCB0 (111 KiB): D/IRAM[0m
[0;32mI (352) heap_init: At 4008FBDC len 00010424 (65 KiB): IRAM[0m
[0;32mI (360) spi_flash: detected chip: generic[0m
[0;32mI (363) spi_flash: flash io: dio[0m
[0;33mW (367) spi_flash: Detected size(4096k) larger than the size in the binary image header(2048k). Using the size in the binary image header.[0m
[0;33mW (380) i2c: This driver is an old driver, please migrate your application code to adapt `driver/i2c_master.h`[0m
[0;32mI (392) main_task: Started on CPU0[0m
[0;32mI (402) main_task: Calling app_main()[0m
[0;32mI (402) APP_INIT_TASK: ### App initialization task started ###[0m
[0;32mI (402) APP_INIT_TASK: Initializing MCU configuration...[0m
[0;32mI (412) TANWA_CONFIG: I2C initialized[0m
ets Jun  8 2016 00:22:57

rst:0x8 (TG1WDT_SYS_RESET),boot:0x13 (SPI_FAST_FLASH_BOOT)
configsip: 0, SPIWP:0xee
clk_drv:0x00,q_drv:0x00,d_drv:0x00,cs0_drv:0x00,hd_drv:0x00,wp_drv:0x00
mode:DIO, clock div:2
load:0x3fff0030,len:7172
load:0x40078000,len:15540
load:0x40080400,len:4
ho 8 tail 4 room 4
load:0x40080404,len:3904
entry 0x40080640
[0;32mI (61) boot: ESP-IDF v5.2.1 2nd stage bootloader[0m
[0;32mI (61) boot: compile time Jul 18 2024 02:37:22[0m
[0;32mI (61) boot: Multicore bootloader[0m
[0;32mI (66) boot: chip revision: v1.0[0m
[0;32mI (70) boot.esp32: SPI Speed      : 40MHz[0m
[0;32mI (75) boot.esp32: SPI Mode       : DIO[0m
[0;32mI (79) boot.esp32: SPI Flash Size : 2MB[0m
[0;33mW (84) boot.esp32: PRO CPU has been reset by WDT.[0m
[0;33mW (89) boot.esp32: WDT reset info: PRO CPU PC=0x4008184e[0m
[0;33mW (95) boot.esp32: WDT reset info: APP CPU PC=0x40083138[0m
[0;32mI (101) boot: Enabling RNG early entropy source...[0m
[0;32mI (107) boot: Partition Table:[0m
[0;32mI (110) boot: ## Label            Usage          Type ST Offset   Length[0m
[0;32mI (118) boot:  0 nvs              WiFi data        01 02 00009000 00006000[0m
[0;32mI (125) boot:  1 phy_init         RF data          01 01 0000f000 00001000[0m
[0;32mI (133) boot:  2 factory          factory app      00 00 00010000 00100000[0m
[0;32mI (140) boot: End of partition table[0m
[0;32mI (145) esp_image: segment 0: paddr=00010020 vaddr=3f400020 size=0d3f8h ( 54264) map[0m
[0;32mI (172) esp_image: segment 1: paddr=0001d420 vaddr=3ffb0000 size=024e8h (  9448) load[0m
[0;32mI (176) esp_image: segment 2: paddr=0001f910 vaddr=40080000 size=00708h (  1800) load[0m
[0;32mI (178) esp_image: segment 3: paddr=00020020 vaddr=400d0020 size=1a364h (107364) map[0m
[0;32mI (223) esp_image: segment 4: paddr=0003a38c vaddr=40080708 size=0f4d4h ( 62676) load[0m
[0;32mI (256) boot: Loaded app from partition at offset 0x10000[0m
[0;32mI (256) boot: Disabling RNG early entropy source...[0m
[0;32mI (267) cpu_start: Multicore app[0m
[0;32mI (276) cpu_start: Pro cpu start user code[0m
[0;32mI (276) cpu_start: cpu freq: 160000000 Hz[0m
[0;32mI (276) cpu_start: Application information:[0m
[0;32mI (279) cpu_start: Project name:     TANWA_FLC[0m
[0;32mI (284) cpu_start: App version:      cc203f4-dirty[0m
[0;32mI (289) cpu_start: Compile time:     Jul 18 2024 02:53:20[0m
[0;32mI (296) cpu_start: ELF file SHA256:  f338d1225...[0m
[0;32mI (301) cpu_start: ESP-IDF:          v5.2.1[0m
[0;32mI (306) cpu_start: Min chip rev:     v0.0[0m
[0;32mI (311) cpu_start: Max chip rev:     v3.99 [0m
[0;32mI (315) cpu_start: Chip rev:         v1.0[0m
[0;32mI (320) heap_init: Initializing. RAM available for dynamic allocation:[0m
[0;32mI (327) heap_init: At 3FFAE6E0 len 00001920 (6 KiB): DRAM[0m
[0;32mI (333) heap_init: At 3FFB2DF0 len 0002D210 (180 KiB): DRAM[0m
[0;32mI (340) heap_init: At 3FFE0440 len 00003AE0 (14 KiB): D/IRAM[0m
[0;32mI (346) heap_init: At 3FFE4350 len 0001BCB0 (111 KiB): D/IRAM[0m
[0;32mI (352) heap_init: At 4008FBDC len 00010424 (65 KiB): IRAM[0m
[0;32mI (360) spi_flash: detected chip: generic[0m
[0;32mI (363) spi_flash: flash io: dio[0m
[0;33mW (367) spi_flash: Detected size(4096k) larger than the size in the binary image header(2048k). Using the size in the binary image header.[0m
[0;33mW (380) i2c: This driver is an old driver, please migrate your application code to adapt `driver/i2c_master.h`[0m
[0;32mI (392) main_task: Started on CPU0[0m
[0;32mI (402) main_task: Calling app_main()[0m
[0;32mI (402) APP_INIT_TASK: ### App initialization task started ###[0m
[0;32mI (402) APP_INIT_TASK: Initializing MCU configuration...[0m
[0;32mI (412) TANWA_CONFIG: I2C initialized[0m
ets Jun  8 2016 00:22:57

rst:0x8 (TG1WDT_SYS_RESET),boot:0x13 (SPI_FAST_FLASH_BOOT)
configsip: 0, SPIWP:0xee
clk_drv:0x00,q_drv:0x00,d_drv:0x00,cs0_drv:0x00,hd_drv:0x00,wp_drv:0x00
mode:DIO, clock div:2
load:0x3fff0030,len:7172
load:0x40078000,len:15540
load:0x40080400,len:4
ho 8 tail 4 room 4
load:0x40080404,len:3904
entry 0x40080640
[0;32mI (61) boot: ESP-IDF v5.2.1 2nd stage bootloader[0m
[0;32mI (61) boot: compile time Jul 18 2024 02:37:22[0m
[0;32mI (61) boot: Multicore bootloader[0m
[0;32mI (66) boot: chip revision: v1.0[0m
[0;32mI (70) boot.esp32: SPI Speed      : 40MHz[0m
[0;32mI (75) boot.esp32: SPI Mode       : DIO[0m
[0;32mI (79) boot.esp32: SPI Flash Size : 2MB[0m
[0;33mW (84) boot.esp32: PRO CPU has been reset by WDT.[0m
[0;33mW (89) boot.esp32: WDT reset info: PRO CPU PC=0x4008184e[0m
[0;33mW (95) boot.esp32: WDT reset info: APP CPU PC=0x40083053[0m
[0;32mI (101) boot: Enabling RNG early entropy source...[0m
[0;32mI (107) boot: Partition Table:[0m
[0;32mI (110) boot: ## Label            Usage          Type ST Offset   Length[0m
[0;32mI (118) boot:  0 nvs              WiFi data        01 02 00009000 00006000[0m
[0;32mI (125) boot:  1 phy_init         RF data          01 01 0000f000 00001000[0m
[0;32mI (133) boot:  2 factory          factory app      00 00 00010000 00100000[0m
[0;32mI (140) boot: End of partition table[0m
[0;32mI (145) esp_image: segment 0: paddr=00010020 vaddr=3f400020 size=0d3f8h ( 54264) map[0m
[0;32mI (172) esp_image: segment 1: paddr=0001d420 vaddr=3ffb0000 size=024e8h (  9448) load[0m
[0;32mI (176) esp_image: segment 2: paddr=0001f910 vaddr=40080000 size=00708h (  1800) load[0m
[0;32mI (178) esp_image: segment 3: paddr=00020020 vaddr=400d0020 size=1a364h (107364) map[0m
[0;32mI (223) esp_image: segment 4: paddr=0003a38c vaddr=40080708 size=0f4d4h ( 62676) load[0m
[0;32mI (256) boot: Loaded app from partition at offset 0x10000[0m
[0;32mI (256) boot: Disabling RNG early entropy source...[0m
[0;32mI (267) cpu_start: Multicore app[0m
[0;32mI (276) cpu_start: Pro cpu start user code[0m
[0;32mI (276) cpu_start: cpu freq: 160000000 Hz[0m
[0;32mI (276) cpu_start: Application information:[0m
[0;32mI (279) cpu_start: Project name:     TANWA_FLC[0m
[0;32mI (284) cpu_start: App version:      cc203f4-dirty[0m
[0;32mI (290) cpu_start: Compile time:     Jul 18 2024 02:53:20[0m
[0;32mI (296) cpu_start: ELF file SHA256:  f338d1225...[0m
[0;32mI (301) cpu_start: ESP-IDF:          v5.2.1[0m
[0;32mI (306) cpu_start: Min chip rev:     v0.0[0m
[0;32mI (311) cpu_start: Max chip rev:     v3.99 [0m
[0;32mI (315) cpu_start: Chip rev:         v1.0[0m
[0;32mI (320) heap_init: Initializing. RAM available for dynamic allocation:[0m
[0;32mI (327) heap_init: At 3FFAE6E0 len 00001920 (6 KiB): DRAM[0m
[0;32mI (333) heap_init: At 3FFB2DF0 len 0002D210 (180 KiB): DRAM[0m
[0;32mI (340) heap_init: At 3FFE0440 len 00003AE0 (14 KiB): D/IRAM[0m
[0;32mI (346) heap_init: At 3FFE4350 len 0001BCB0 (111 KiB): D/IRAM[0m
[0;32mI (352) heap_init: At 4008FBDC len 00010424 (65 KiB): IRAM[0m
[0;32mI (360) spi_flash: detected chip: generic[0m
[0;32mI (363) spi_flash: flash io: dio[0m
[0;33mW (367) spi_flash: Detected size(4096k) larger than the size in the binary image header(2048k). Using the size in the binary image header.[0m
[0;33mW (380) i2c: This driver is an old driver, please migrate your application code to adapt `driver/i2c_master.h`[0m
[0;32mI (392) main_task: Started on CPU0[0m
[0;32mI (402) main_task: Calling app_main()[0m
[0;32mI (402) APP_INIT_TASK: ### App initialization task started ###[0m
[0;32mI (402) APP_INIT_TASK: Initializing MCU configuration...[0m
[0;32mI (412) TANWA_CONFIG: I2C initialized[0m
ets Jun  8 2016 00:22:57

rst:0x8 (TG1WDT_SYS_RESET),boot:0x13 (SPI_FAST_FLASH_BOOT)
configsip: 0, SPIWP:0xee
clk_drv:0x00,q_drv:0x00,d_drv:0x00,cs0_drv:0x00,hd_drv:0x00,wp_drv:0x00
mode:DIO, clock div:2
load:0x3fff0030,len:7172
load:0x40078000,len:15540
load:0x40080400,len:4
ho 8 tail 4 room 4
load:0x40080404,len:3904
entry 0x40080640
[0;32mI (61) boot: ESP-IDF v5.2.1 2nd stage bootloader[0m
[0;32mI (61) boot: compile time Jul 18 2024 02:37:22[0m
[0;32mI (61) boot: Multicore bootloader[0m
[0;32mI (66) boot: chip revision: v1.0[0m
[0;32mI (70) boot.esp32: SPI Speed      : 40MHz[0m
[0;32mI (75) boot.esp32: SPI Mode       : DIO[0m
[0;32mI (79) boot.esp32: SPI Flash Size : 2MB[0m
[0;33mW (84) boot.esp32: PRO CPU has been reset by WDT.[0m
[0;33mW (89) boot.esp32: WDT reset info: PRO CPU PC=0x4008184e[0m
[0;33mW (95) boot.esp32: WDT reset info: APP CPU PC=0x40082fd8[0m
[0;32mI (101) boot: Enabling RNG early entropy source...[0m
[0;32mI (107) boot: Partition Table:[0m
[0;32mI (110) boot: ## Label            Usage          Type ST Offset   Length[0m
[0;32mI (118) boot:  0 nvs              WiFi data        01 02 00009000 00006000[0m
[0;32mI (125) boot:  1 phy_init         RF data          01 01 0000f000 00001000[0m
[0;32mI (133) boot:  2 factory          factory app      00 00 00010000 00100000[0m
[0;32mI (140) boot: End of partition table[0m
[0;32mI (145) esp_image: segment 0: paddr=00010020 vaddr=3f400020 size=0d3f8h ( 54264) map[0m
[0;32mI (172) esp_image: segment 1: paddr=0001d420 vaddr=3ffb0000 size=024e8h (  9448) load[0m
[0;32mI (176) esp_image: segment 2: paddr=0001f910 vaddr=40080000 size=00708h (  1800) load[0m
[0;32mI (178) esp_image: segment 3: paddr=00020020 vaddr=400d0020 size=1a364h (107364) map[0m
[0;32mI (223) esp_image: segment 4: paddr=0003a38c vaddr=40080708 size=0f4d4h ( 62676) load[0m
[0;32mI (256) boot: Loaded app from partition at offset 0x10000[0m
[0;32mI (256) boot: Disabling RNG early entropy source...[0m
[0;32mI (267) cpu_start: Multicore app[0m
[0;32mI (276) cpu_start: Pro cpu start user code[0m
[0;32mI (276) cpu_start: cpu freq: 160000000 Hz[0m
[0;32mI (276) cpu_start: Application information:[0m
[0;32mI (279) cpu_start: Project name:     TANWA_FLC[0m
[0;32mI (284) cpu_start: App version:      cc203f4-dirty[0m
[0;32mI (290) cpu_start: Compile time:     Jul 18 2024 02:53:20[0m
[0;32mI (296) cpu_start: ELF file SHA256:  f338d1225...[0m
[0;32mI (301) cpu_start: ESP-IDF:          v5.2.1[0m
[0;32mI (306) cpu_start: Min chip rev:     v0.0[0m
[0;32mI (311) cpu_start: Max chip rev:     v3.99 [0m
[0;32mI (315) cpu_start: Chip rev:         v1.0[0m
[0;32mI (320) heap_init: Initializing. RAM available for dynamic allocation:[0m
[0;32mI (327) heap_init: At 3FFAE6E0 len 00001920 (6 KiB): DRAM[0m
[0;32mI (333) heap_init: At 3FFB2DF0 len 0002D210 (180 KiB): DRAM[0m
[0;32mI (340) heap_init: At 3FFE0440 len 00003AE0 (14 KiB): D/IRAM[0m
[0;32mI (346) heap_init: At 3FFE4350 len 0001BCB0 (111 KiB): D/IRAM[0m
[0;32mI (352) heap_init: At 4008FBDC len 00010424 (65 KiB): IRAM[0m
[0;32mI (360) spi_flash: detected chip: generic[0m
[0;32mI (363) spi_flash: flash io: dio[0m
[0;33mW (367) spi_flash: Detected size(4096k) larger than the size in the binary image header(2048k). Using the size in the binary image header.[0m
[0;33mW (380) i2c: This driver is an old driver, please migrate your application code to adapt `driver/i2c_master.h`[0m
[0;32mI (392) main_task: Started on CPU0[0m
[0;32mI (402) main_task: Calling app_main()[0m
[0;32mI (402) APP_INIT_TASK: ### App initialization task started ###[0m
[0;32mI (402) APP_INIT_TASK: Initializing MCU configuration...[0m
[0;32mI (412) TANWA_CONFIG: I2C initialized[0m
ets Jun  8 2016 00:22:57

rst:0x8 (TG1WDT_SYS_RESET),boot:0x13 (SPI_FAST_FLASH_BOOT)
configsip: 0, SPIWP:0xee
clk_drv:0x00,q_drv:0x00,d_drv:0x00,cs0_drv:0x00,hd_drv:0x00,wp_drv:0x00
mode:DIO, clock div:2
load:0x3fff0030,len:7172
load:0x40078000,len:15540
load:0x40080400,len:4
ho 8 tail 4 room 4
load:0x40080404,len:3904
entry 0x40080640
[0;32mI (61) boot: ESP-IDF v5.2.1 2nd stage bootloader[0m
[0;32mI (61) boot: compile time Jul 18 2024 02:37:22[0m
[0;32mI (61) boot: Multicore bootloader[0m
[0;32mI (66) boot: chip revision: v1.0[0m
[0;32mI (70) boot.esp32: SPI Speed      : 40MHz[0m
[0;32mI (75) boot.esp32: SPI Mode       : DIO[0m
[0;32mI (79) boot.esp32: SPI Flash Size : 2MB[0m
[0;33mW (84) boot.esp32: PRO CPU has been reset by WDT.[0m
[0;33mW (89) boot.esp32: WDT reset info: PRO CPU PC=0x4008184e[0m
[0;33mW (95) boot.esp32: WDT reset info: APP CPU PC=0x4008878e[0m
[0;32mI (101) boot: Enabling RNG early entropy source...[0m
[0;32mI (107) boot: Partition Table:[0m
[0;32mI (110) boot: ## Label            Usage          Type ST Offset   Length[0m
[0;32mI (118) boot:  0 nvs              WiFi data        01 02 00009000 00006000[0m
[0;32mI (125) boot:  1 phy_init         RF data          01 01 0000f000 00001000[0m
[0;32mI (133) boot:  2 factory          factory app      00 00 00010000 00100000[0m
[0;32mI (140) boot: End of partition table[0m
[0;32mI (145) esp_image: segment 0: paddr=00010020 vaddr=3f400020 size=0d3f8h ( 54264) map[0m
[0;32mI (172) esp_image: segment 1: paddr=0001d420 vaddr=3ffb0000 size=024e8h (  9448) load[0m
[0;32mI (176) esp_image: segment 2: paddr=0001f910 vaddr=40080000 size=00708h (  1800) load[0m
[0;32mI (178) esp_image: segment 3: paddr=00020020 vaddr=400d0020 size=1a364h (107364) map[0m
[0;32mI (223) esp_image: segment 4: paddr=0003a38c vaddr=40080708 size=0f4d4h ( 62676) load[0m
[0;32mI (256) boot: Loaded app from partition at offset 0x10000[0m
[0;32mI (256) boot: Disabling RNG early entropy source...[0m
[0;32mI (267) cpu_start: Multicore app[0m
[0;32mI (276) cpu_start: Pro cpu start user code[0m
[0;32mI (276) cpu_start: cpu freq: 160000000 Hz[0m
[0;32mI (276) cpu_start: Application information:[0m
[0;32mI (279) cpu_start: Project name:     TANWA_FLC[0m
[0;32mI (284) cpu_start: App version:      cc203f4-dirty[0m
[0;32mI (289) cpu_start: Compile time:     Jul 18 2024 02:53:20[0m
[0;32mI (296) cpu_start: ELF file SHA256:  f338d1225...[0m
[0;32mI (301) cpu_start: ESP-IDF:          v5.2.1[0m
[0;32mI (306) cpu_start: Min chip rev:     v0.0[0m
[0;32mI (311) cpu_start: Max chip rev:     v3.99 [0m
[0;32mI (315) cpu_start: Chip rev:         v1.0[0m
[0;32mI (320) heap_init: Initializing. RAM available for dynamic allocation:[0m
[0;32mI (327) heap_init: At 3FFAE6E0 len 00001920 (6 KiB): DRAM[0m
[0;32mI (333) heap_init: At 3FFB2DF0 len 0002D210 (180 KiB): DRAM[0m
[0;32mI (340) heap_init: At 3FFE0440 len 00003AE0 (14 KiB): D/IRAM[0m
[0;32mI (346) heap_init: At 3FFE4350 len 0001BCB0 (111 KiB): D/IRAM[0m
[0;32mI (352) heap_init: At 4008FBDC len 00010424 (65 KiB): IRAM[0m
[0;32mI (360) spi_flash: detected chip: generic[0m
[0;32mI (363) spi_flash: flash io: dio[0m
[0;33mW (367) spi_flash: Detected size(4096k) larger than the size in the binary image header(2048k). Using the size in the binary image header.[0m
[0;33mW (380) i2c: This driver is an old driver, please migrate your application code to adapt `driver/i2c_master.h`[0m
[0;32mI (392) main_task: Started on CPU0[0m
[0;32mI (402) main_task: Calling app_main()[0m
[0;32mI (402) APP_INIT_TASK: ### App initialization task started ###[0m
[0;32mI (402) APP_INIT_TASK: Initializing MCU configuration...[0m
[0;32mI (412) TANWA_CONFIG: I2C initialized[0m
ets Jun  8 2016 00:22:57

rst:0x8 (TG1WDT_SYS_RESET),boot:0x13 (SPI_FAST_FLASH_BOOT)
configsip: 0, SPIWP:0xee
clk_drv:0x00,q_drv:0x00,d_drv:0x00,cs0_drv:0x00,hd_drv:0x00,wp_drv:0x00
mode:DIO, clock div:2
load:0x3fff0030,len:7172
load:0x40078000,len:15540
load:0x40080400,len:4
ho 8 tail 4 room 4
load:0x40080404,len:3904
entry 0x40080640
[0;32mI (61) boot: ESP-IDF v5.2.1 2nd stage bootloader[0m
[0;32mI (61) boot: compile time Jul 18 2024 02:37:22[0m
[0;32mI (61) boot: Multicore bootloader[0m
[0;32mI (66) boot: chip revision: v1.0[0m
[0;32mI (70) boot.esp32: SPI Speed      : 40MHz[0m
[0;32mI (75) boot.esp32: SPI Mode       : DIO[0m
[0;32mI (79) boot.esp32: SPI Flash Size : 2MB[0m
[0;33mW (84) boot.esp32: PRO CPU has been reset by WDT.[0m
[0;33mW (89) boot.esp32: WDT reset info: PRO CPU PC=0x4008184e[0m
[0;33mW (95) boot.esp32: WDT reset info: APP CPU PC=0x4008301e[0m
[0;32mI (101) boot: Enabling RNG early entropy source...[0m
[0;32mI (107) boot: Partition Table:[0m
[0;32mI (110) boot: ## Label            Usage          Type ST Offset   Length[0m
[0;32mI (118) boot:  0 nvs              WiFi data        01 02 00009000 00006000[0m
[0;32mI (125) boot:  1 phy_init         RF data          01 01 0000f000 00001000[0m
[0;32mI (133) boot:  2 factory          factory app      00 00 00010000 00100000[0m
[0;32mI (140) boot: End of partition table[0m
[0;32mI (145) esp_image: segment 0: paddr=00010020 vaddr=3f400020 size=0d3f8h ( 54264) map[0m
[0;32mI (172) esp_image: segment 1: paddr=0001d420 vaddr=3ffb0000 size=024e8h (  9448) load[0m
[0;32mI (176) esp_image: segment 2: paddr=0001f910 vaddr=40080000 size=00708h (  1800) load[0m
[0;32mI (178) esp_image: segment 3: paddr=00020020 vaddr=400d0020 size=1a364h (107364) map[0m
[0;32mI (223) esp_image: segment 4: paddr=0003a38c vaddr=40080708 size=0f4d4h ( 62676) load[0m
[0;32mI (256) boot: Loaded app from partition at offset 0x10000[0m
[0;32mI (256) boot: Disabling RNG early entropy source...[0m
[0;32mI (267) cpu_start: Multicore app[0m
[0;32mI (276) cpu_start: Pro cpu start user code[0m
[0;32mI (276) cpu_start: cpu freq: 160000000 Hz[0m
[0;32mI (276) cpu_start: Application information:[0m
[0;32mI (279) cpu_start: Project name:     TANWA_FLC[0m
[0;32mI (284) cpu_start: App version:      cc203f4-dirty[0m
[0;32mI (290) cpu_start: Compile time:     Jul 18 2024 02:53:20[0m
[0;32mI (296) cpu_start: ELF file SHA256:  f338d1225...[0m
[0;32mI (301) cpu_start: ESP-IDF:          v5.2.1[0m
[0;32mI (306) cpu_start: Min chip rev:     v0.0[0m
[0;32mI (311) cpu_start: Max chip rev:     v3.99 [0m
[0;32mI (315) cpu_start: Chip rev:         v1.0[0m
[0;32mI (320) heap_init: Initializing. RAM available for dynamic allocation:[0m
[0;32mI (327) heap_init: At 3FFAE6E0 len 00001920 (6 KiB): DRAM[0m
[0;32mI (333) heap_init: At 3FFB2DF0 len 0002D210 (180 KiB): DRAM[0m
[0;32mI (340) heap_init: At 3FFE0440 len 00003AE0 (14 KiB): D/IRAM[0m
[0;32mI (346) heap_init: At 3FFE4350 len 0001BCB0 (111 KiB): D/IRAM[0m
[0;32mI (352) heap_init: At 4008FBDC len 00010424 (65 KiB): IRAM[0m
[0;32mI (360) spi_flash: detected chip: generic[0m
[0;32mI (363) spi_flash: flash io: dio[0m
[0;33mW (367) spi_flash: Detected size(4096k) larger than the size in the binary image header(2048k). Using the size in the binary image header.[0m
[0;33mW (380) i2c: This driver is an old driver, please migrate your application code to adapt `driver/i2c_master.h`[0m
[0;32mI (392) main_task: Started on CPU0[0m
[0;32mI (402) main_task: Calling app_main()[0m
[0;32mI (402) APP_INIT_TASK: ### App initialization task started ###[0m
[0;32mI (402) APP_INIT_TASK: Initializing MCU configuration...[0m
[0;32mI (412) TANWA_CONFIG: I2C initialized[0m
ets Jun  8 2016 00:22:57

rst:0x8 (TG1WDT_SYS_RESET),boot:0x13 (SPI_FAST_FLASH_BOOT)
configsip: 0, SPIWP:0xee
clk_drv:0x00,q_drv:0x00,d_drv:0x00,cs0_drv:0x00,hd_drv:0x00,wp_drv:0x00
mode:DIO, clock div:2
load:0x3fff0030,len:7172
load:0x40078000,len:15540
load:0x40080400,len:4
ho 8 tail 4 room 4
load:0x40080404,len:3904
entry 0x40080640
[0;32mI (61) boot: ESP-IDF v5.2.1 2nd stage bootloader[0m
[0;32mI (61) boot: compile time Jul 18 2024 02:37:22[0m
[0;32mI (61) boot: Multicore bootloader[0m
[0;32mI (66) boot: chip revision: v1.0[0m
[0;32mI (70) boot.esp32: SPI Speed      : 40MHz[0m
[0;32mI (75) boot.esp32: SPI Mode       : DIO[0m
[0;32mI (79) boot.esp32: SPI Flash Size : 2MB[0m
[0;33mW (84) boot.esp32: PRO CPU has been reset by WDT.[0m
[0;33mW (89) boot.esp32: WDT reset info: PRO CPU PC=0x4008184e[0m
[0;33mW (95) boot.esp32: WDT reset info: APP CPU PC=0x40080343[0m
[0;32mI (101) boot: Enabling RNG early entropy source...[0m
[0;32mI (107) boot: Partition Table:[0m
[0;32mI (110) boot: ## Label            Usage          Type ST Offset   Length[0m
[0;32mI (118) boot:  0 nvs              WiFi data        01 02 00009000 00006000[0m
[0;32mI (125) boot:  1 phy_init         RF data          01 01 0000f000 00001000[0m
[0;32mI (133) boot:  2 factory          factory app      00 00 00010000 00100000[0m
[0;32mI (140) boot: End of partition table[0m
[0;32mI (145) esp_image: segment 0: paddr=00010020 vaddr=3f400020 size=0d3f8h ( 54264) map[0m
[0;32mI (172) esp_image: segment 1: paddr=0001d420 vaddr=3ffb0000 size=024e8h (  9448) load[0m
[0;32mI (176) esp_image: segment 2: paddr=0001f910 vaddr=40080000 size=00708h (  1800) load[0m
[0;32mI (178) esp_image: segment 3: paddr=00020020 vaddr=400d0020 size=1a364h (107364) map[0m
[0;32mI (223) esp_image: segment 4: paddr=0003a38c vaddr=40080708 size=0f4d4h ( 62676) load[0m
[0;32mI (256) boot: Loaded app from partition at offset 0x10000[0m
[0;32mI (256) boot: Disabling RNG early entropy source...[0m
[0;32mI (267) cpu_start: Multicore app[0m
[0;32mI (276) cpu_start: Pro cpu start user code[0m
[0;32mI (276) cpu_start: cpu freq: 160000000 Hz[0m
[0;32mI (276) cpu_start: Application information:[0m
[0;32mI (279) cpu_start: Project name:     TANWA_FLC[0m
[0;32mI (284) cpu_start: App version:      cc203f4-dirty[0m
[0;32mI (289) cpu_start: Compile time:     Jul 18 2024 02:53:20[0m
[0;32mI (296) cpu_start: ELF file SHA256:  f338d1225...[0m
[0;32mI (301) cpu_start: ESP-IDF:          v5.2.1[0m
[0;32mI (306) cpu_start: Min chip rev:     v0.0[0m
[0;32mI (311) cpu_start: Max chip rev:     v3.99 [0m
[0;32mI (315) cpu_start: Chip rev:         v1.0[0m
[0;32mI (320) heap_init: Initializing. RAM available for dynamic allocation:[0m
[0;32mI (327) heap_init: At 3FFAE6E0 len 00001920 (6 KiB): DRAM[0m
[0;32mI (333) heap_init: At 3FFB2DF0 len 0002D210 (180 KiB): DRAM[0m
[0;32mI (340) heap_init: At 3FFE0440 len 00003AE0 (14 KiB): D/IRAM[0m
[0;32mI (346) heap_init: At 3FFE4350 len 0001BCB0 (111 KiB): D/IRAM[0m
[0;32mI (352) heap_init: At 4008FBDC len 00010424 (65 KiB): IRAM[0m
[0;32mI (360) spi_flash: detected chip: generic[0m
[0;32mI (363) spi_flash: flash io: dio[0m
[0;33mW (367) spi_flash: Detected size(4096k) larger than the size in the binary image header(2048k). Using the size in the binary image header.[0m
[0;33mW (380) i2c: This driver is an old driver, please migrate your application code to adapt `driver/i2c_master.h`[0m
[0;32mI (392) main_task: Started on CPU0[0m
[0;32mI (402) main_task: Calling app_main()[0m
[0;32mI (402) APP_INIT_TASK: ### App initialization task started ###[0m
[0;32mI (402) APP_INIT_TASK: Initializing MCU configuration...[0m
[0;32mI (412) TANWA_CONFIG: I2C initialized[0m
ets Jun  8 2016 00:22:57

rst:0x8 (TG1WDT_SYS_RESET),boot:0x13 (SPI_FAST_FLASH_BOOT)
configsip: 0, SPIWP:0xee
clk_drv:0x00,q_drv:0x00,d_drv:0x00,cs0_drv:0x00,hd_drv:0x00,wp_drv:0x00
mode:DIO, clock div:2
load:0x3fff0030,len:7172
load:0x40078000,len:15540
load:0x40080400,len:4
ho 8 tail 4 room 4
load:0x40080404,len:3904
entry 0x40080640
[0;32mI (61) boot: ESP-IDF v5.2.1 2nd stage bootloader[0m
[0;32mI (61) boot: compile time Jul 18 2024 02:37:22[0m
[0;32mI (61) boot: Multicore bootloader[0m
[0;32mI (66) boot: chip revision: v1.0[0m
[0;32mI (70) boot.esp32: SPI Speed      : 40MHz[0m
[0;32mI (75) boot.esp32: SPI Mode       : DIO[0m
[0;32mI (79) boot.esp32: SPI Flash Size : 2MB[0m
[0;33mW (84) boot.esp32: PRO CPU has been reset by WDT.[0m
[0;33mW (89) boot.esp32: WDT reset info: PRO CPU PC=0x4008184e[0m
[0;33mW (95) boot.esp32: WDT reset info: APP CPU PC=0x400d1fa0[0m
[0;32mI (101) boot: Enabling RNG early entropy source...[0m
[0;32mI (107) boot: Partition Table:[0m
[0;32mI (110) boot: ## Label            Usage          Type ST Offset   Length[0m
[0;32mI (118) boot:  0 nvs              WiFi data        01 02 00009000 00006000[0m
[0;32mI (125) boot:  1 phy_init         RF data          01 01 0000f000 00001000[0m
[0;32mI (133) boot:  2 factory          factory app      00 00 00010000 00100000[0m
[0;32mI (140) boot: End of partition table[0m
[0;32mI (145) esp_image: segment 0: paddr=00010020 vaddr=3f400020 size=0d3f8h ( 54264) map[0m
[0;32mI (172) esp_image: segment 1: paddr=0001d420 vaddr=3ffb0000 size=024e8h (  9448) load[0m
[0;32mI (176) esp_image: segment 2: paddr=0001f910 vaddr=40080000 size=00708h (  1800) load[0m
[0;32mI (178) esp_image: segment 3: paddr=00020020 vaddr=400d0020 size=1a364h (107364) map[0m
[0;32mI (223) esp_image: segment 4: paddr=0003a38c vaddr=40080708 size=0f4d4h ( 62676) load[0m
[0;32mI (256) boot: Loaded app from partition at offset 0x10000[0m
[0;32mI (256) boot: Disabling RNG early entropy source...[0m
[0;32mI (267) cpu_start: Multicore app[0m
[0;32mI (276) cpu_start: Pro cpu start user code[0m
[0;32mI (276) cpu_start: cpu freq: 160000000 Hz[0m
[0;32mI (276) cpu_start: Application information:[0m
[0;32mI (279) cpu_start: Project name:     TANWA_FLC[0m
[0;32mI (284) cpu_start: App version:      cc203f4-dirty[0m
[0;32mI (290) cpu_start: Compile time:     Jul 18 2024 02:53:20[0m
[0;32mI (296) cpu_start: ELF file SHA256:  f338d1225...[0m
[0;32mI (301) cpu_start: ESP-IDF:          v5.2.1[0m
[0;32mI (306) cpu_start: Min chip rev:     v0.0[0m
[0;32mI (311) cpu_start: Max chip rev:     v3.99 [0m
[0;32mI (315) cpu_start: Chip rev:         v1.0[0m
[0;32mI (320) heap_init: Initializing. RAM available for dynamic allocation:[0m
[0;32mI (327) heap_init: At 3FFAE6E0 len 00001920 (6 KiB): DRAM[0m
[0;32mI (333) heap_init: At 3FFB2DF0 len 0002D210 (180 KiB): DRAM[0m
[0;32mI (340) heap_init: At 3FFE0440 len 00003AE0 (14 KiB): D/IRAM[0m
[0;32mI (346) heap_init: At 3FFE4350 len 0001BCB0 (111 KiB): D/IRAM[0m
[0;32mI (352) heap_init: At 4008FBDC len 00010424 (65 KiB): IRAM[0m
[0;32mI (360) spi_flash: detected chip: generic[0m
[0;32mI (363) spi_flash: flash io: dio[0m
[0;33mW (367) spi_flash: Detected size(4096k) larger than the size in the binary image header(2048k). Using the size in the binary image header.[0m
[0;33mW (380) i2c: This driver is an old driver, please migrate your application code to adapt `driver/i2c_master.h`[0m
[0;32mI (392) main_task: Started on CPU0[0m
[0;32mI (402) main_task: Calling app_main()[0m
[0;32mI (402) APP_INIT_TASK: ### App initialization task started ###[0m
[0;32mI (402) APP_INIT_TASK: Initializing MCU configuration...[0m
[0;32mI (412) TANWA_CONFIG: I2C initialized[0m
ets Jun  8 2016 00:22:57

rst:0x8 (TG1WDT_SYS_RESET),boot:0x13 (SPI_FAST_FLASH_BOOT)
configsip: 0, SPIWP:0xee
clk_drv:0x00,q_drv:0x00,d_drv:0x00,cs0_drv:0x00,hd_drv:0x00,wp_drv:0x00
mode:DIO, clock div:2
load:0x3fff0030,len:7172
load:0x40078000,len:15540
load:0x40080400,len:4
ho 8 tail 4 room 4
load:0x40080404,len:3904
entry 0x40080640
[0;32mI (61) boot: ESP-IDF v5.2.1 2nd stage bootloader[0m
[0;32mI (61) boot: compile time Jul 18 2024 02:37:22[0m
[0;32mI (61) boot: Multicore bootloader[0m
[0;32mI (66) boot: chip revision: v1.0[0m
[0;32mI (70) boot.esp32: SPI Speed      : 40MHz[0m
[0;32mI (75) boot.esp32: SPI Mode       : DIO[0m
[0;32mI (79) boot.esp32: SPI Flash Size : 2MB[0m
[0;33mW (84) boot.esp32: PRO CPU has been reset by WDT.[0m
[0;33mW (89) boot.esp32: WDT reset info: PRO CPU PC=0x4008184e[0m
[0;33mW (95) boot.esp32: WDT reset info: APP CPU PC=0x40088784[0m
[0;32mI (101) boot: Enabling RNG early entropy source...[0m
[0;32mI (107) boot: Partition Table:[0m
[0;32mI (110) boot: ## Label            Usage          Type ST Offset   Length[0m
[0;32mI (118) boot:  0 nvs              WiFi data        01 02 00009000 00006000[0m
[0;32mI (125) boot:  1 phy_init         RF data          01 01 0000f000 00001000[0m
[0;32mI (133) boot:  2 factory          factory app      00 00 00010000 00100000[0m
[0;32mI (140) boot: End of partition table[0m
[0;32mI (145) esp_image: segment 0: paddr=00010020 vaddr=3f400020 size=0d3f8h ( 54264) map[0m
[0;32mI (172) esp_image: segment 1: paddr=0001d420 vaddr=3ffb0000 size=024e8h (  9448) load[0m
[0;32mI (176) esp_image: segment 2: paddr=0001f910 vaddr=40080000 size=00708h (  1800) load[0m
[0;32mI (178) esp_image: segment 3: paddr=00020020 vaddr=400d0020 size=1a364h (107364) map[0m
[0;32mI (223) esp_image: segment 4: paddr=0003a38c vaddr=40080708 size=0f4d4h ( 62676) load[0m
[0;32mI (256) boot: Loaded app from partition at offset 0x10000[0m
[0;32mI (256) boot: Disabling RNG early entropy source...[0m
[0;32mI (267) cpu_start: Multicore app[0m
[0;32mI (276) cpu_start: Pro cpu start user code[0m
[0;32mI (276) cpu_start: cpu freq: 160000000 Hz[0m
[0;32mI (276) cpu_start: Application information:[0m
[0;32mI (279) cpu_start: Project name:     TANWA_FLC[0m
[0;32mI (284) cpu_start: App version:      cc203f4-dirty[0m
[0;32mI (290) cpu_start: Compile time:     Jul 18 2024 02:53:20[0m
[0;32mI (296) cpu_start: ELF file SHA256:  f338d1225...[0m
[0;32mI (301) cpu_start: ESP-IDF:          v5.2.1[0m
[0;32mI (306) cpu_start: Min chip rev:     v0.0[0m
[0;32mI (311) cpu_start: Max chip rev:     v3.99 [0m
[0;32mI (315) cpu_start: Chip rev:         v1.0[0m
[0;32mI (320) heap_init: Initializing. RAM available for dynamic allocation:[0m
[0;32mI (327) heap_init: At 3FFAE6E0 len 00001920 (6 KiB): DRAM[0m
[0;32mI (333) heap_init: At 3FFB2DF0 len 0002D210 (180 KiB): DRAM[0m
[0;32mI (340) heap_init: At 3FFE0440 len 00003AE0 (14 KiB): D/IRAM[0m
[0;32mI (346) heap_init: At 3FFE4350 len 0001BCB0 (111 KiB): D/IRAM[0m
[0;32mI (352) heap_init: At 4008FBDC len 00010424 (65 KiB): IRAM[0m
[0;32mI (360) spi_flash: detected chip: generic[0m
[0;32mI (363) spi_flash: flash io: dio[0m
[0;33mW (367) spi_flash: Detected size(4096k) larger than the size in the binary image header(2048k). Using the size in the binary image header.[0m
[0;33mW (380) i2c: This driver is an old driver, please migrate your application code to adapt `driver/i2c_master.h`[0m
[0;32mI (392) main_task: Started on CPU0[0m
[0;32mI (402) main_task: Calling app_main()[0m
[0;32mI (402) APP_INIT_TASK: ### App initialization task started ###[0m
[0;32mI (402) APP_INIT_TASK: Initializing MCU configuration...[0m
[0;32mI (412) TANWA_CONFIG: I2C initialized[0m
ets Jun  8 2016 00:22:57

rst:0x8 (TG1WDT_SYS_RESET),boot:0x13 (SPI_FAST_FLASH_BOOT)
configsip: 0, SPIWP:0xee
clk_drv:0x00,q_drv:0x00,d_drv:0x00,cs0_drv:0x00,hd_drv:0x00,wp_drv:0x00
mode:DIO, clock div:2
load:0x3fff0030,len:7172
load:0x40078000,len:15540
load:0x40080400,len:4
ho 8 tail 4 room 4
load:0x40080404,len:3904
entry 0x40080640
[0;32mI (61) boot: ESP-IDF v5.2.1 2nd stage bootloader[0m
[0;32mI (61) boot: compile time Jul 18 2024 02:37:22[0m
[0;32mI (61) boot: Multicore bootloader[0m
[0;32mI (66) boot: chip revision: v1.0[0m
[0;32mI (70) boot.esp32: SPI Speed      : 40MHz[0m
[0;32mI (75) boot.esp32: SPI Mode       : DIO[0m
[0;32mI (79) boot.esp32: SPI Flash Size : 2MB[0m
[0;33mW (84) boot.esp32: PRO CPU has been reset by WDT.[0m
[0;33mW (89) boot.esp32: WDT reset info: PRO CPU PC=0x4008184e[0m
[0;33mW (95) boot.esp32: WDT reset info: APP CPU PC=0x40088789[0m
[0;32mI (101) boot: Enabling RNG early entropy source...[0m
[0;32mI (107) boot: Partition Table:[0m
[0;32mI (110) boot: ## Label            Usage          Type ST Offset   Length[0m
[0;32mI (118) boot:  0 nvs              WiFi data        01 02 00009000 00006000[0m
[0;32mI (125) boot:  1 phy_init         RF data          01 01 0000f000 00001000[0m
[0;32mI (133) boot:  2 factory          factory app      00 00 00010000 00100000[0m
[0;32mI (140) boot: End of partition table[0m
[0;32mI (145) esp_image: segment 0: paddr=00010020 vaddr=3f400020 size=0d3f8h ( 54264) map[0m
[0;32mI (172) esp_image: segment 1: paddr=0001d420 vaddr=3ffb0000 size=024e8h (  9448) load[0m
[0;32mI (176) esp_image: segment 2: paddr=0001f910 vaddr=40080000 size=00708h (  1800) load[0m
[0;32mI (178) esp_image: segment 3: paddr=00020020 vaddr=400d0020 size=1a364h (107364) map[0m
[0;32mI (223) esp_image: segment 4: paddr=0003a38c vaddr=40080708 size=0f4d4h ( 62676) load[0m
[0;32mI (256) boot: Loaded app from partition at offset 0x10000[0m
[0;32mI (256) boot: Disabling RNG early entropy source...[0m
[0;32mI (267) cpu_start: Multicore app[0m
[0;32mI (276) cpu_start: Pro cpu start user code[0m
[0;32mI (276) cpu_start: cpu freq: 160000000 Hz[0m
[0;32mI (276) cpu_start: Application information:[0m
[0;32mI (279) cpu_start: Project name:     TANWA_FLC[0m
[0;32mI (284) cpu_start: App version:      cc203f4-dirty[0m
[0;32mI (290) cpu_start: Compile time:     Jul 18 2024 02:53:20[0m
[0;32mI (296) cpu_start: ELF file SHA256:  f338d1225...[0m
[0;32mI (301) cpu_start: ESP-IDF:          v5.2.1[0m
[0;32mI (306) cpu_start: Min chip rev:     v0.0[0m
[0;32mI (311) cpu_start: Max chip rev:     v3.99 [0m
[0;32mI (315) cpu_start: Chip rev:         v1.0[0m
[0;32mI (320) heap_init: Initializing. RAM available for dynamic allocation:[0m
[0;32mI (327) heap_init: At 3FFAE6E0 len 00001920 (6 KiB): DRAM[0m
[0;32mI (333) heap_init: At 3FFB2DF0 len 0002D210 (180 KiB): DRAM[0m
[0;32mI (340) heap_init: At 3FFE0440 len 00003AE0 (14 KiB): D/IRAM[0m
[0;32mI (346) heap_init: At 3FFE4350 len 0001BCB0 (111 KiB): D/IRAM[0m
[0;32mI (352) heap_init: At 4008FBDC len 00010424 (65 KiB): IRAM[0m
[0;32mI (360) spi_flash: detected chip: generic[0m
[0;32mI (363) spi_flash: flash io: dio[0m
[0;33mW (367) spi_flash: Detected size(4096k) larger than the size in the binary image header(2048k). Using the size in the binary image header.[0m
[0;33mW (380) i2c: This driver is an old driver, please migrate your application code to adapt `driver/i2c_master.h`[0m
[0;32mI (392) main_task: Started on CPU0[0m
[0;32mI (402) main_task: Calling app_main()[0m
[0;32mI (402) APP_INIT_TASK: ### App initialization task started ###[0m
[0;32mI (402) APP_INIT_TASK: Initializing MCU configuration...[0m
[0;32mI (412) TANWA_CONFIG: I2C initialized[0m
ets Jun  8 2016 00:22:57

rst:0x8 (TG1WDT_SYS_RESET),boot:0x13 (SPI_FAST_FLASH_BOOT)
configsip: 0, SPIWP:0xee
clk_drv:0x00,q_drv:0x00,d_drv:0x00,cs0_drv:0x00,hd_drv:0x00,wp_drv:0x00
mode:DIO, clock div:2
load:0x3fff0030,len:7172
load:0x40078000,len:15540
load:0x40080400,len:4
ho 8 tail 4 room 4
load:0x40080404,len:3904
entry 0x40080640
[0;32mI (61) boot: ESP-IDF v5.2.1 2nd stage bootloader[0m
[0;32mI (61) boot: compile time Jul 18 2024 02:37:22[0m
[0;32mI (61) boot: Multicore bootloader[0m
[0;32mI (66) boot: chip revision: v1.0[0m
[0;32mI (70) boot.esp32: SPI Speed      : 40MHz[0m
[0;32mI (75) boot.esp32: SPI Mode       : DIO[0m
[0;32mI (79) boot.esp32: SPI Flash Size : 2MB[0m
[0;33mW (84) boot.esp32: PRO CPU has been reset by WDT.[0m
[0;33mW (89) boot.esp32: WDT reset info: PRO CPU PC=0x4008184e[0m
[0;33mW (95) boot.esp32: WDT reset info: APP CPU PC=0x40080340[0m
[0;32mI (101) boot: Enabling RNG early entropy source...[0m
[0;32mI (107) boot: Partition Table:[0m
[0;32mI (110) boot: ## Label            Usage          Type ST Offset   Length[0m
[0;32mI (118) boot:  0 nvs              WiFi data        01 02 00009000 00006000[0m
[0;32mI (125) boot:  1 phy_init         RF data          01 01 0000f000 00001000[0m
[0;32mI (133) boot:  2 factory          factory app      00 00 00010000 00100000[0m
[0;32mI (140) boot: End of partition table[0m
[0;32mI (145) esp_image: segment 0: paddr=00010020 vaddr=3f400020 size=0d3f8h ( 54264) map[0m
[0;32mI (172) esp_image: segment 1: paddr=0001d420 vaddr=3ffb0000 size=024e8h (  9448) load[0m
[0;32mI (176) esp_image: segment 2: paddr=0001f910 vaddr=40080000 size=00708h (  1800) load[0m
[0;32mI (178) esp_image: segment 3: paddr=00020020 vaddr=400d0020 size=1a364h (107364) map[0m
[0;32mI (223) esp_image: segment 4: paddr=0003a38c vaddr=40080708 size=0f4d4h ( 62676) load[0m
[0;32mI (256) boot: Loaded app from partition at offset 0x10000[0m
[0;32mI (256) boot: Disabling RNG early entropy source...[0m
[0;32mI (267) cpu_start: Multicore app[0m
[0;32mI (276) cpu_start: Pro cpu start user code[0m
[0;32mI (276) cpu_start: cpu freq: 160000000 Hz[0m
[0;32mI (276) cpu_start: Application information:[0m
[0;32mI (279) cpu_start: Project name:     TANWA_FLC[0m
[0;32mI (284) cpu_start: App version:      cc203f4-dirty[0m
[0;32mI (289) cpu_start: Compile time:     Jul 18 2024 02:53:20[0m
[0;32mI (296) cpu_start: ELF file SHA256:  f338d1225...[0m
[0;32mI (301) cpu_start: ESP-IDF:          v5.2.1[0m
[0;32mI (306) cpu_start: Min chip rev:     v0.0[0m
[0;32mI (311) cpu_start: Max chip rev:     v3.99 [0m
[0;32mI (315) cpu_start: Chip rev:         v1.0[0m
[0;32mI (320) heap_init: Initializing. RAM available for dynamic allocation:[0m
[0;32mI (327) heap_init: At 3FFAE6E0 len 00001920 (6 KiB): DRAM[0m
[0;32mI (333) heap_init: At 3FFB2DF0 len 0002D210 (180 KiB): DRAM[0m
[0;32mI (340) heap_init: At 3FFE0440 len 00003AE0 (14 KiB): D/IRAM[0m
[0;32mI (346) heap_init: At 3FFE4350 len 0001BCB0 (111 KiB): D/IRAM[0m
[0;32mI (352) heap_init: At 4008FBDC len 00010424 (65 KiB): IRAM[0m
[0;32mI (360) spi_flash: detected chip: generic[0m
[0;32mI (363) spi_flash: flash io: dio[0m
[0;33mW (367) spi_flash: Detected size(4096k) larger than the size in the binary image header(2048k). Using the size in the binary image header.[0m
[0;33mW (380) i2c: This driver is an old driver, please migrate your application code to adapt `driver/i2c_master.h`[0m
[0;32mI (392) main_task: Started on CPU0[0m
[0;32mI (402) main_task: Calling app_main()[0m
[0;32mI (402) APP_INIT_TASK: ### App initialization task started ###[0m
[0;32mI (402) APP_INIT_TASK: Initializing MCU configuration...[0m
[0;32mI (412) TANWA_CONFIG: I2C initialized[0m
ets Jun  8 2016 00:22:57

rst:0x8 (TG1WDT_SYS_RESET),boot:0x13 (SPI_FAST_FLASH_BOOT)
configsip: 0, SPIWP:0xee
clk_drv:0x00,q_drv:0x00,d_drv:0x00,cs0_drv:0x00,hd_drv:0x00,wp_drv:0x00
mode:DIO, clock div:2
load:0x3fff0030,len:7172
load:0x40078000,len:15540
load:0x40080400,len:4
ho 8 tail 4 room 4
load:0x40080404,len:3904
entry 0x40080640
[0;32mI (61) boot: ESP-IDF v5.2.1 2nd stage bootloader[0m
[0;32mI (61) boot: compile time Jul 18 2024 02:37:22[0m
[0;32mI (61) boot: Multicore bootloader[0m
[0;32mI (66) boot: chip revision: v1.0[0m
[0;32mI (70) boot.esp32: SPI Speed      : 40MHz[0m
[0;32mI (75) boot.esp32: SPI Mode       : DIO[0m
[0;32mI (79) boot.esp32: SPI Flash Size : 2MB[0m
[0;33mW (84) boot.esp32: PRO CPU has been reset by WDT.[0m
[0;33mW (89) boot.esp32: WDT reset info: PRO CPU PC=0x4008184e[0m
[0;33mW (95) boot.esp32: WDT reset info: APP CPU PC=0x40083056[0m
[0;32mI (101) boot: Enabling RNG early entropy source...[0m
[0;32mI (107) boot: Partition Table:[0m
[0;32mI (110) boot: ## Label            Usage          Type ST Offset   Length[0m
[0;32mI (118) boot:  0 nvs              WiFi data        01 02 00009000 00006000[0m
[0;32mI (125) boot:  1 phy_init         RF data          01 01 0000f000 00001000[0m
[0;32mI (133) boot:  2 factory          factory app      00 00 00010000 00100000[0m
[0;32mI (140) boot: End of partition table[0m
[0;32mI (145) esp_image: segment 0: paddr=00010020 vaddr=3f400020 size=0d3f8h ( 54264) map[0m
[0;32mI (172) esp_image: segment 1: paddr=0001d420 vaddr=3ffb0000 size=024e8h (  9448) load[0m
[0;32mI (176) esp_image: segment 2: paddr=0001f910 vaddr=40080000 size=00708h (  1800) load[0m
[0;32mI (178) esp_image: segment 3: paddr=00020020 vaddr=400d0020 size=1a364h (107364) map[0m
[0;32mI (223) esp_image: segment 4: paddr=0003a38c vaddr=40080708 size=0f4d4h ( 62676) load[0m
[0;32mI (256) boot: Loaded app from partition at offset 0x10000[0m
[0;32mI (256) boot: Disabling RNG early entropy source...[0m
[0;32mI (267) cpu_start: Multicore app[0m
[0;32mI (276) cpu_start: Pro cpu start user code[0m
[0;32mI (276) cpu_start: cpu freq: 160000000 Hz[0m
[0;32mI (276) cpu_start: Application information:[0m
[0;32mI (279) cpu_start: Project name:     TANWA_FLC[0m
[0;32mI (284) cpu_start: App version:      cc203f4-dirty[0m
[0;32mI (290) cpu_start: Compile time:     Jul 18 2024 02:53:20[0m
[0;32mI (296) cpu_start: ELF file SHA256:  f338d1225...[0m
[0;32mI (301) cpu_start: ESP-IDF:          v5.2.1[0m
[0;32mI (306) cpu_start: Min chip rev:     v0.0[0m
[0;32mI (311) cpu_start: Max chip rev:     v3.99 [0m
[0;32mI (315) cpu_start: Chip rev:         v1.0[0m
[0;32mI (320) heap_init: Initializing. RAM available for dynamic allocation:[0m
[0;32mI (327) heap_init: At 3FFAE6E0 len 00001920 (6 KiB): DRAM[0m
[0;32mI (333) heap_init: At 3FFB2DF0 len 0002D210 (180 KiB): DRAM[0m
[0;32mI (340) heap_init: At 3FFE0440 len 00003AE0 (14 KiB): D/IRAM[0m
[0;32mI (346) heap_init: At 3FFE4350 len 0001BCB0 (111 KiB): D/IRAM[0m
[0;32mI (352) heap_init: At 4008FBDC len 00010424 (65 KiB): IRAM[0m
[0;32mI (360) spi_flash: detected chip: generic[0m
[0;32mI (363) spi_flash: flash io: dio[0m
[0;33mW (367) spi_flash: Detected size(4096k) larger than the size in the binary image header(2048k). Using the size in the binary image header.[0m
[0;33mW (380) i2c: This driver is an old driver, please migrate your application code to adapt `driver/i2c_master.h`[0m
[0;32mI (392) main_task: Started on CPU0[0m
[0;32mI (402) main_task: Calling app_main()[0m
[0;32mI (402) APP_INIT_TASK: ### App initialization task started ###[0m
[0;32mI (402) APP_INIT_TASK: Initializing MCU configuration...[0m
[0;32mI (412) TANWA_CONFIG: I2C initialized[0m
ets Jun  8 2016 00:22:57

rst:0x8 (TG1WDT_SYS_RESET),boot:0x13 (SPI_FAST_FLASH_BOOT)
configsip: 0, SPIWP:0xee
clk_drv:0x00,q_drv:0x00,d_drv:0x00,cs0_drv:0x00,hd_drv:0x00,wp_drv:0x00
mode:DIO, clock div:2
load:0x3fff0030,len:7172
load:0x40078000,len:15540
load:0x40080400,len:4
ho 8 tail 4 room 4
load:0x40080404,len:3904
entry 0x40080640
[0;32mI (61) boot: ESP-IDF v5.2.1 2nd stage bootloader[0m
[0;32mI (61) boot: compile time Jul 18 2024 02:37:22[0m
[0;32mI (61) boot: Multicore bootloader[0m
[0;32mI (66) boot: chip revision: v1.0[0m
[0;32mI (70) boot.esp32: SPI Speed      : 40MHz[0m
[0;32mI (75) boot.esp32: SPI Mode       : DIO[0m
[0;32mI (79) boot.esp32: SPI Flash Size : 2MB[0m
[0;33mW (84) boot.esp32: PRO CPU has been reset by WDT.[0m
[0;33mW (89) boot.esp32: WDT reset info: PRO CPU PC=0x4008184e[0m
[0;33mW (95) boot.esp32: WDT reset info: APP CPU PC=0x40080340[0m
[0;32mI (101) boot: Enabling RNG early entropy source...[0m
[0;32mI (107) boot: Partition Table:[0m
[0;32mI (110) boot: ## Label            Usage          Type ST Offset   Length[0m
[0;32mI (118) boot:  0 nvs              WiFi data        01 02 00009000 00006000[0m
[0;32mI (125) boot:  1 phy_init         RF data          01 01 0000f000 00001000[0m
[0;32mI (133) boot:  2 factory          factory app      00 00 00010000 00100000[0m
[0;32mI (140) boot: End of partition table[0m
[0;32mI (145) esp_image: segment 0: paddr=00010020 vaddr=3f400020 size=0d3f8h ( 54264) map[0m
[0;32mI (172) esp_image: segment 1: paddr=0001d420 vaddr=3ffb0000 size=024e8h (  9448) load[0m
[0;32mI (176) esp_image: segment 2: paddr=0001f910 vaddr=40080000 size=00708h (  1800) load[0m
[0;32mI (178) esp_image: segment 3: paddr=00020020 vaddr=400d0020 size=1a364h (107364) map[0m
[0;32mI (223) esp_image: segment 4: paddr=0003a38c vaddr=40080708 size=0f4d4h ( 62676) load[0m
[0;32mI (256) boot: Loaded app from partition at offset 0x10000[0m
[0;32mI (256) boot: Disabling RNG early entropy source...[0m
[0;32mI (267) cpu_start: Multicore app[0m
[0;32mI (276) cpu_start: Pro cpu start user code[0m
[0;32mI (276) cpu_start: cpu freq: 160000000 Hz[0m
[0;32mI (276) cpu_start: Application information:[0m
[0;32mI (279) cpu_start: Project name:     TANWA_FLC[0m
[0;32mI (284) cpu_start: App version:      cc203f4-dirty[0m
[0;32mI (290) cpu_start: Compile time:     Jul 18 2024 02:53:20[0m
[0;32mI (296) cpu_start: ELF file SHA256:  f338d1225...[0m
[0;32mI (301) cpu_start: ESP-IDF:          v5.2.1[0m
[0;32mI (306) cpu_start: Min chip rev:     v0.0[0m
[0;32mI (311) cpu_start: Max chip rev:     v3.99 [0m
[0;32mI (315) cpu_start: Chip rev:         v1.0[0m
[0;32mI (320) heap_init: Initializing. RAM available for dynamic allocation:[0m
[0;32mI (327) heap_init: At 3FFAE6E0 len 00001920 (6 KiB): DRAM[0m
[0;32mI (333) heap_init: At 3FFB2DF0 len 0002D210 (180 KiB): DRAM[0m
[0;32mI (340) heap_init: At 3FFE0440 len 00003AE0 (14 KiB): D/IRAM[0m
[0;32mI (346) heap_init: At 3FFE4350 len 0001BCB0 (111 KiB): D/IRAM[0m
[0;32mI (352) heap_init: At 4008FBDC len 00010424 (65 KiB): IRAM[0m
[0;32mI (360) spi_flash: detected chip: generic[0m
[0;32mI (363) spi_flash: flash io: dio[0m
[0;33mW (367) spi_flash: Detected size(4096k) larger than the size in the binary image header(2048k). Using the size in the binary image header.[0m
[0;33mW (380) i2c: This driver is an old driver, please migrate your application code to adapt `driver/i2c_master.h`[0m
[0;32mI (392) main_task: Started on CPU0[0m
[0;32mI (402) main_task: Calling app_main()[0m
[0;32mI (402) APP_INIT_TASK: ### App initialization task started ###[0m
[0;32mI (402) APP_INIT_TASK: Initializing MCU configuration...[0m
[0;32mI (412) TANWA_CONFIG: I2C initialized[0m
ets Jun  8 2016 00:22:57

rst:0x8 (TG1WDT_SYS_RESET),boot:0x13 (SPI_FAST_FLASH_BOOT)
configsip: 0, SPIWP:0xee
clk_drv:0x00,q_drv:0x00,d_drv:0x00,cs0_drv:0x00,hd_drv:0x00,wp_drv:0x00
mode:DIO, clock div:2
load:0x3fff0030,len:7172
load:0x40078000,len:15540
load:0x40080400,len:4
ho 8 tail 4 room 4
load:0x40080404,len:3904
entry 0x40080640
[0;32mI (61) boot: ESP-IDF v5.2.1 2nd stage bootloader[0m
[0;32mI (61) boot: compile time Jul 18 2024 02:37:22[0m
[0;32mI (61) boot: Multicore bootloader[0m
[0;32mI (66) boot: chip revision: v1.0[0m
[0;32mI (70) boot.esp32: SPI Speed      : 40MHz[0m
[0;32mI (75) boot.esp32: SPI Mode       : DIO[0m
[0;32mI (79) boot.esp32: SPI Flash Size : 2MB[0m
[0;33mW (84) boot.esp32: PRO CPU has been reset by WDT.[0m
[0;33mW (89) boot.esp32: WDT reset info: PRO CPU PC=0x4008184e[0m
[0;33mW (95) boot.esp32: WDT reset info: APP CPU PC=0x4008876e[0m
[0;32mI (101) boot: Enabling RNG early entropy source...[0m
[0;32mI (107) boot: Partition Table:[0m
[0;32mI (110) boot: ## Label            Usage          Type ST Offset   Length[0m
[0;32mI (118) boot:  0 nvs              WiFi data        01 02 00009000 00006000[0m
[0;32mI (125) boot:  1 phy_init         RF data          01 01 0000f000 00001000[0m
[0;32mI (133) boot:  2 factory          factory app      00 00 00010000 00100000[0m
[0;32mI (140) boot: End of partition table[0m
[0;32mI (145) esp_image: segment 0: paddr=00010020 vaddr=3f400020 size=0d3f8h ( 54264) map[0m
[0;32mI (172) esp_image: segment 1: paddr=0001d420 vaddr=3ffb0000 size=024e8h (  9448) load[0m
[0;32mI (176) esp_image: segment 2: paddr=0001f910 vaddr=40080000 size=00708h (  1800) load[0m
[0;32mI (178) esp_image: segment 3: paddr=00020020 vaddr=400d0020 size=1a364h (107364) map[0m
[0;32mI (223) esp_image: segment 4: paddr=0003a38c vaddr=40080708 size=0f4d4h ( 62676) load[0m
[0;32mI (256) boot: Loaded app from partition at offset 0x10000[0m
[0;32mI (256) boot: Disabling RNG early entropy source...[0m
[0;32mI (267) cpu_start: Multicore app[0m
[0;32mI (276) cpu_start: Pro cpu start user code[0m
[0;32mI (276) cpu_start: cpu freq: 160000000 Hz[0m
[0;32mI (276) cpu_start: Application information:[0m
[0;32mI (279) cpu_start: Project name:     TANWA_FLC[0m
[0;32mI (284) cpu_start: App version:      cc203f4-dirty[0m
[0;32mI (290) cpu_start: Compile time:     Jul 18 2024 02:53:20[0m
[0;32mI (296) cpu_start: ELF file SHA256:  f338d1225...[0m
[0;32mI (301) cpu_start: ESP-IDF:          v5.2.1[0m
[0;32mI (306) cpu_start: Min chip rev:     v0.0[0m
[0;32mI (311) cpu_start: Max chip rev:     v3.99 [0m
[0;32mI (315) cpu_start: Chip rev:         v1.0[0m
[0;32mI (320) heap_init: Initializing. RAM available for dynamic allocation:[0m
[0;32mI (327) heap_init: At 3FFAE6E0 len 00001920 (6 KiB): DRAM[0m
[0;32mI (333) heap_init: At 3FFB2DF0 len 0002D210 (180 KiB): DRAM[0m
[0;32mI (340) heap_init: At 3FFE0440 len 00003AE0 (14 KiB): D/IRAM[0m
[0;32mI (346) heap_init: At 3FFE4350 len 0001BCB0 (111 KiB): D/IRAM[0m
[0;32mI (352) heap_init: At 4008FBDC len 00010424 (65 KiB): IRAM[0m
[0;32mI (360) spi_flash: detected chip: generic[0m
[0;32mI (363) spi_flash: flash io: dio[0m
[0;33mW (367) spi_flash: Detected size(4096k) larger than the size in the binary image header(2048k). Using the size in the binary image header.[0m
[0;33mW (380) i2c: This driver is an old driver, please migrate your application code to adapt `driver/i2c_master.h`[0m
[0;32mI (392) main_task: Started on CPU0[0m
[0;32mI (402) main_task: Calling app_main()[0m
[0;32mI (402) APP_INIT_TASK: ### App initialization task started ###[0m
[0;32mI (402) APP_INIT_TASK: Initializing MCU configuration...[0m
[0;32mI (412) TANWA_CONFIG: I2C initialized[0m
ets Jun  8 2016 00:22:57

rst:0x8 (TG1WDT_SYS_RESET),boot:0x13 (SPI_FAST_FLASH_BOOT)
configsip: 0, SPIWP:0xee
clk_drv:0x00,q_drv:0x00,d_drv:0x00,cs0_drv:0x00,hd_drv:0x00,wp_drv:0x00
mode:DIO, clock div:2
load:0x3fff0030,len:7172
load:0x40078000,len:15540
load:0x40080400,len:4
ho 8 tail 4 room 4
load:0x40080404,len:3904
entry 0x40080640
[0;32mI (61) boot: ESP-IDF v5.2.1 2nd stage bootloader[0m
[0;32mI (61) boot: compile time Jul 18 2024 02:37:22[0m
[0;32mI (61) boot: Multicore bootloader[0m
[0;32mI (66) boot: chip revision: v1.0[0m
[0;32mI (70) boot.esp32: SPI Speed      : 40MHz[0m
[0;32mI (75) boot.esp32: SPI Mode       : DIO[0m
[0;32mI (79) boot.esp32: SPI Flash Size : 2MB[0m
[0;33mW (84) boot.esp32: PRO CPU has been reset by WDT.[0m
[0;33mW (89) boot.esp32: WDT reset info: PRO CPU PC=0x4008184e[0m
[0;33mW (95) boot.esp32: WDT reset info: APP CPU PC=0x40088774[0m
[0;32mI (101) boot: Enabling RNG early entropy source...[0m
[0;32mI (107) boot: Partition Table:[0m
[0;32mI (110) boot: ## Label            Usage          Type ST Offset   Length[0m
[0;32mI (118) boot:  0 nvs              WiFi data        01 02 00009000 00006000[0m
[0;32mI (125) boot:  1 phy_init         RF data          01 01 0000f000 00001000[0m
[0;32mI (133) boot:  2 factory          factory app      00 00 00010000 00100000[0m
[0;32mI (140) boot: End of partition table[0m
[0;32mI (145) esp_image: segment 0: paddr=00010020 vaddr=3f400020 size=0d3f8h ( 54264) map[0m
[0;32mI (172) esp_image: segment 1: paddr=0001d420 vaddr=3ffb0000 size=024e8h (  9448) load[0m
[0;32mI (176) esp_image: segment 2: paddr=0001f910 vaddr=40080000 size=00708h (  1800) load[0m
[0;32mI (178) esp_image: segment 3: paddr=00020020 vaddr=400d0020 size=1a364h (107364) map[0m
[0;32mI (223) esp_image: segment 4: paddr=0003a38c vaddr=40080708 size=0f4d4h ( 62676) load[0m
[0;32mI (256) boot: Loaded app from partition at offset 0x10000[0m
[0;32mI (256) boot: Disabling RNG early entropy source...[0m
[0;32mI (267) cpu_start: Multicore app[0m
[0;32mI (276) cpu_start: Pro cpu start user code[0m
[0;32mI (276) cpu_start: cpu freq: 160000000 Hz[0m
[0;32mI (276) cpu_start: Application information:[0m
[0;32mI (279) cpu_start: Project name:     TANWA_FLC[0m
[0;32mI (284) cpu_start: App version:      cc203f4-dirty[0m
[0;32mI (290) cpu_start: Compile time:     Jul 18 2024 02:53:20[0m
[0;32mI (296) cpu_start: ELF file SHA256:  f338d1225...[0m
[0;32mI (301) cpu_start: ESP-IDF:          v5.2.1[0m
[0;32mI (306) cpu_start: Min chip rev:     v0.0[0m
[0;32mI (311) cpu_start: Max chip rev:     v3.99 [0m
[0;32mI (315) cpu_start: Chip rev:         v1.0[0m
[0;32mI (320) heap_init: Initializing. RAM available for dynamic allocation:[0m
[0;32mI (327) heap_init: At 3FFAE6E0 len 00001920 (6 KiB): DRAM[0m
[0;32mI (333) heap_init: At 3FFB2DF0 len 0002D210 (180 KiB): DRAM[0m
[0;32mI (340) heap_init: At 3FFE0440 len 00003AE0 (14 KiB): D/IRAM[0m
[0;32mI (346) heap_init: At 3FFE4350 len 0001BCB0 (111 KiB): D/IRAM[0m
[0;32mI (352) heap_init: At 4008FBDC len 00010424 (65 KiB): IRAM[0m
[0;32mI (360) spi_flash: detected chip: generic[0m
[0;32mI (363) spi_flash: flash io: dio[0m
[0;33mW (367) spi_flash: Detected size(4096k) larger than the size in the binary image header(2048k). Using the size in the binary image header.[0m
[0;33mW (380) i2c: This driver is an old driver, please migrate your application code to adapt `driver/i2c_master.h`[0m
[0;32mI (392) main_task: Started on CPU0[0m
[0;32mI (402) main_task: Calling app_main()[0m
[0;32mI (402) APP_INIT_TASK: ### App initialization task started ###[0m
[0;32mI (402) APP_INIT_TASK: Initializing MCU configuration...[0m
[0;32mI (412) TANWA_CONFIG: I2C initialized[0m
ets Jun  8 2016 00:22:57

rst:0x8 (TG1WDT_SYS_RESET),boot:0x13 (SPI_FAST_FLASH_BOOT)
configsip: 0, SPIWP:0xee
clk_drv:0x00,q_drv:0x00,d_drv:0x00,cs0_drv:0x00,hd_drv:0x00,wp_drv:0x00
mode:DIO, clock div:2
load:0x3fff0030,len:7172
load:0x40078000,len:15540
load:0x40080400,len:4
ho 8 tail 4 room 4
load:0x40080404,len:3904
entry 0x40080640
[0;32mI (61) boot: ESP-IDF v5.2.1 2nd stage bootloader[0m
[0;32mI (61) boot: compile time Jul 18 2024 02:37:22[0m
[0;32mI (61) boot: Multicore bootloader[0m
[0;32mI (66) boot: chip revision: v1.0[0m
[0;32mI (70) boot.esp32: SPI Speed      : 40MHz[0m
[0;32mI (75) boot.esp32: SPI Mode       : DIO[0m
[0;32mI (79) boot.esp32: SPI Flash Size : 2MB[0m
[0;33mW (84) boot.esp32: PRO CPU has been reset by WDT.[0m
[0;33mW (89) boot.esp32: WDT reset info: PRO CPU PC=0x4008184e[0m
[0;33mW (95) boot.esp32: WDT reset info: APP CPU PC=0x4008313d[0m
[0;32mI (101) boot: Enabling RNG early entropy source...[0m
[0;32mI (107) boot: Partition Table:[0m
[0;32mI (110) boot: ## Label            Usage          Type ST Offset   Length[0m
[0;32mI (118) boot:  0 nvs              WiFi data        01 02 00009000 00006000[0m
[0;32mI (125) boot:  1 phy_init         RF data          01 01 0000f000 00001000[0m
[0;32mI (133) boot:  2 factory          factory app      00 00 00010000 00100000[0m
[0;32mI (140) boot: End of partition table[0m
[0;32mI (145) esp_image: segment 0: paddr=00010020 vaddr=3f400020 size=0d3f8h ( 54264) map[0m
[0;32mI (172) esp_image: segment 1: paddr=0001d420 vaddr=3ffb0000 size=024e8h (  9448) load[0m
[0;32mI (176) esp_image: segment 2: paddr=0001f910 vaddr=40080000 size=00708h (  1800) load[0m
[0;32mI (178) esp_image: segment 3: paddr=00020020 vaddr=400d0020 size=1a364h (107364) map[0m
[0;32mI (223) esp_image: segment 4: paddr=0003a38c vaddr=40080708 size=0f4d4h ( 62676) load[0m
[0;32mI (256) boot: Loaded app from partition at offset 0x10000[0m
[0;32mI (256) boot: Disabling RNG early entropy source...[0m
[0;32mI (267) cpu_start: Multicore app[0m
[0;32mI (276) cpu_start: Pro cpu start user code[0m
[0;32mI (276) cpu_start: cpu freq: 160000000 Hz[0m
