ets Jun  8 2016 00:22:57

rst:0x1 (POWERON_RESET),boot:0x13 (SPI_FAST_FLASH_BOOT)
configsip: 0, SPIWP:0xee
clk_drv:0x00,q_drv:0x00,d_drv:0x00,cs0_drv:0x00,hd_drv:0x00,wp_drv:0x00
mode:DIO, clock div:2
load:0x3fff0030,len:7172
load:0x40078000,len:15540
load:0x40080400,len:4
ho 8 tail 4 room 4
load:0x40080404,len:3904
entry 0x40080640
[0;32mI (30) boot: ESP-IDF v5.2.1 2nd stage bootloader[0m
[0;32mI (30) boot: compile time Aug 23 2024 15:15:19[0m
[0;32mI (31) boot: Multicore bootloader[0m
[0;32mI (35) boot: chip revision: v1.0[0m
[0;32mI (38) boot.esp32: SPI Speed      : 40MHz[0m
[0;32mI (43) boot.esp32: SPI Mode       : DIO[0m
[0;32mI (48) boot.esp32: SPI Flash Size : 2MB[0m
[0;32mI (52) boot: Enabling RNG early entropy source...[0m
[0;32mI (58) boot: Partition Table:[0m
[0;32mI (61) boot: ## Label            Usage          Type ST Offset   Length[0m
[0;32mI (68) boot:  0 nvs              WiFi data        01 02 00009000 00006000[0m
[0;32mI (76) boot:  1 phy_init         RF data          01 01 0000f000 00001000[0m
[0;32mI (83) boot:  2 factory          factory app      00 00 00010000 00100000[0m
[0;32mI (91) boot: End of partition table[0m
[0;32mI (95) esp_image: segment 0: paddr=00010020 vaddr=3f400020 size=0d1b8h ( 53688) map[0m
[0;32mI (122) esp_image: segment 1: paddr=0001d1e0 vaddr=3ffb0000 size=02434h (  9268) load[0m
[0;32mI (126) esp_image: segment 2: paddr=0001f61c vaddr=40080000 size=009fch (  2556) load[0m
[0;32mI (129) esp_image: segment 3: paddr=00020020 vaddr=400d0020 size=19b44h (105284) map[0m
[0;32mI (172) esp_image: segment 4: paddr=00039b6c vaddr=400809fc size=0e180h ( 57728) load[0m
[0;32mI (202) boot: Loaded app from partition at offset 0x10000[0m
[0;32mI (203) boot: Disabling RNG early entropy source...[0m
[0;32mI (214) cpu_start: Multicore app[0m
[0;32mI (223) cpu_start: Pro cpu start user code[0m
[0;32mI (223) cpu_start: cpu freq: 160000000 Hz[0m
[0;32mI (223) cpu_start: Application information:[0m
[0;32mI (226) cpu_start: Project name:     TANWA_FLC[0m
[0;32mI (231) cpu_start: App version:      bcc1617-dirty[0m
[0;32mI (236) cpu_start: Compile time:     Aug 23 2024 16:59:02[0m
[0;32mI (243) cpu_start: ELF file SHA256:  c6f920712...[0m
[0;32mI (248) cpu_start: ESP-IDF:          v5.2.1[0m
[0;32mI (253) cpu_start: Min chip rev:     v0.0[0m
[0;32mI (257) cpu_start: Max chip rev:     v3.99 [0m
[0;32mI (262) cpu_start: Chip rev:         v1.0[0m
[0;32mI (267) heap_init: Initializing. RAM available for dynamic allocation:[0m
[0;32mI (274) heap_init: At 3FFAE6E0 len 00001920 (6 KiB): DRAM[0m
[0;32mI (280) heap_init: At 3FFB2D30 len 0002D2D0 (180 KiB): DRAM[0m
[0;32mI (286) heap_init: At 3FFE0440 len 00003AE0 (14 KiB): D/IRAM[0m
[0;32mI (293) heap_init: At 3FFE4350 len 0001BCB0 (111 KiB): D/IRAM[0m
[0;32mI (299) heap_init: At 4008EB7C len 00011484 (69 KiB): IRAM[0m
[0;32mI (307) spi_flash: detected chip: generic[0m
[0;32mI (310) spi_flash: flash io: dio[0m
[0;33mW (314) spi_flash: Detected size(4096k) larger than the size in the binary image header(2048k). Using the size in the binary image header.[0m
[0;33mW (327) i2c: This driver is an old driver, please migrate your application code to adapt `driver/i2c_master.h`[0m
[0;32mI (338) main_task: Started on CPU0[0m
[0;32mI (348) main_task: Calling app_main()[0m
[0;32mI (348) APP_INIT_TASK: ### App initialization task started ###[0m
[0;32mI (348) APP_INIT_TASK: Initializing MCU configuration...[0m
[0;32mI (358) TANWA_CONFIG: I2C initialized[0m
[0;32mI (358) TANWA_CONFIG: SPI initialized[0m
[0;32mI (358) gpio: GPIO[16]| InputEn: 1| OutputEn: 0| OpenDrain: 0| Pullup: 0| Pulldown: 0| Intr:0 [0m
[0;32mI (368) gpio: GPIO[17]| InputEn: 0| OutputEn: 1| OpenDrain: 0| Pullup: 0| Pulldown: 0| Intr:0 [0m
[0;32mI (378) TANWA_CONFIG: TWAI initialized[0m
[0;32mI (388) APP_INIT_TASK: ### MCU configuration success ###[0m
[0;32mI (388) APP_INIT_TASK: Initializing hardware...[0m
[0;32mI (358) main_task: Returned from app_main()[0m
[0;31mE (398) TMP1075: TMP1075 initialization failed[0m
[0;31mE (408) TANWA_CONFIG: Failed to initialize TMP1075 sensor 1[0m
[0;31mE (408) APP_INIT_TASK: Hardware initialization failed[0m
[0;32mI (418) APP_INIT_TASK: ### RTOS util initialization success ###[0m
[0;32mI (1428) APP_INIT_TASK: ### App initialization finished ###[0m
[0;32mI (1428) DATA_TASK: Recieving task is running[0m
[0;32mI (1428) DATA_TASK: GET_DATA CMD[0m
[0;32mI (1428) DATA_TASK: MEASURING TEMPERATURES[0m
[0;31mE (1428) spi_master: check_trans_valid(789): invalid dev handle[0m
ESP_ERROR_CHECK failed: esp_err_t 0x102 (ESP_ERR_INVALID_ARG) at 0x400d60ca
file: "./components/hardware/max31856.c" line 16
func: max31856_write_register
expression: ret

abort() was called at PC 0x40087057 on core 0


Backtrace: 0x4008178a:0x3ffb9090 0x40087061:0x3ffb90b0 0x4008d50d:0x3ffb90d0 0x40087057:0x3ffb9140 0x400d60ca:0x3ffb9170 0x400d6337:0x3ffb91c0 0x400d64c8:0x3ffb91e0 0x400d5c52:0x3ffb9200 0x400d5d43:0x3ffb9240 0x400d5ddc:0x3ffb9260 0x40087b7d:0x3ffb9290




ELF file SHA256: c6f920712

Rebooting...
ets Jun  8 2016 00:22:57

rst:0xc (SW_CPU_RESET),boot:0x13 (SPI_FAST_FLASH_BOOT)
configsip: 0, SPIWP:0xee
clk_drv:0x00,q_drv:0x00,d_drv:0x00,cs0_drv:0x00,hd_drv:0x00,wp_drv:0x00
mode:DIO, clock div:2
load:0x3fff0030,len:7172
load:0x40078000,len:15540
load:0x40080400,len:4
ho 8 tail 4 room 4
load:0x40080404,len:3904
entry 0x40080640
[0;32mI (30) boot: ESP-IDF v5.2.1 2nd stage bootloader[0m
[0;32mI (31) boot: compile time Aug 23 2024 15:15:19[0m
[0;32mI (31) boot: Multicore bootloader[0m
[0;32mI (35) boot: chip revision: v1.0[0m
[0;32mI (39) boot.esp32: SPI Speed      : 40MHz[0m
[0;32mI (44) boot.esp32: SPI Mode       : DIO[0m
[0;32mI (48) boot.esp32: SPI Flash Size : 2MB[0m
[0;32mI (53) boot: Enabling RNG early entropy source...[0m
[0;32mI (58) boot: Partition Table:[0m
[0;32mI (62) boot: ## Label            Usage          Type ST Offset   Length[0m
[0;32mI (69) boot:  0 nvs              WiFi data        01 02 00009000 00006000[0m
[0;32mI (76) boot:  1 phy_init         RF data          01 01 0000f000 00001000[0m
[0;32mI (84) boot:  2 factory          factory app      00 00 00010000 00100000[0m
[0;32mI (91) boot: End of partition table[0m
[0;32mI (96) esp_image: segment 0: paddr=00010020 vaddr=3f400020 size=0d1b8h ( 53688) map[0m
[0;32mI (122) esp_image: segment 1: paddr=0001d1e0 vaddr=3ffb0000 size=02434h (  9268) load[0m
[0;32mI (126) esp_image: segment 2: paddr=0001f61c vaddr=40080000 size=009fch (  2556) load[0m
[0;32mI (129) esp_image: segment 3: paddr=00020020 vaddr=400d0020 size=19b44h (105284) map[0m
[0;32mI (173) esp_image: segment 4: paddr=00039b6c vaddr=400809fc size=0e180h ( 57728) load[0m
[0;32mI (203) boot: Loaded app from partition at offset 0x10000[0m
[0;32mI (203) boot: Disabling RNG early entropy source...[0m
[0;32mI (214) cpu_start: Multicore app[0m
[0;32mI (223) cpu_start: Pro cpu start user code[0m
[0;32mI (223) cpu_start: cpu freq: 160000000 Hz[0m
[0;32mI (223) cpu_start: Application information:[0m
[0;32mI (226) cpu_start: Project name:     TANWA_FLC[0m
[0;32mI (231) cpu_start: App version:      bcc1617-dirty[0m
[0;32mI (237) cpu_start: Compile time:     Aug 23 2024 16:59:02[0m
[0;32mI (243) cpu_start: ELF file SHA256:  c6f920712...[0m
[0;32mI (248) cpu_start: ESP-IDF:          v5.2.1[0m
[0;32mI (253) cpu_start: Min chip rev:     v0.0[0m
[0;32mI (258) cpu_start: Max chip rev:     v3.99 [0m
[0;32mI (263) cpu_start: Chip rev:         v1.0[0m
[0;32mI (268) heap_init: Initializing. RAM available for dynamic allocation:[0m
[0;32mI (275) heap_init: At 3FFAE6E0 len 00001920 (6 KiB): DRAM[0m
[0;32mI (281) heap_init: At 3FFB2D30 len 0002D2D0 (180 KiB): DRAM[0m
[0;32mI (287) heap_init: At 3FFE0440 len 00003AE0 (14 KiB): D/IRAM[0m
[0;32mI (293) heap_init: At 3FFE4350 len 0001BCB0 (111 KiB): D/IRAM[0m
[0;32mI (300) heap_init: At 4008EB7C len 00011484 (69 KiB): IRAM[0m
[0;32mI (307) spi_flash: detected chip: generic[0m
[0;32mI (311) spi_flash: flash io: dio[0m
[0;33mW (315) spi_flash: Detected size(4096k) larger than the size in the binary image header(2048k). Using the size in the binary image header.[0m
[0;33mW (328) i2c: This driver is an old driver, please migrate your application code to adapt `driver/i2c_master.h`[0m
[0;32mI (339) main_task: Started on CPU0[0m
[0;32mI (349) main_task: Calling app_main()[0m
[0;32mI (349) APP_INIT_TASK: ### App initialization task started ###[0m
[0;32mI (349) APP_INIT_TASK: Initializing MCU configuration...[0m
[0;32mI (359) TANWA_CONFIG: I2C initialized[0m
[0;32mI (359) TANWA_CONFIG: SPI initialized[0m
[0;32mI (359) gpio: GPIO[16]| InputEn: 1| OutputEn: 0| OpenDrain: 0| Pullup: 0| Pulldown: 0| Intr:0 [0m
[0;32mI (369) gpio: GPIO[17]| InputEn: 0| OutputEn: 1| OpenDrain: 0| Pullup: 0| Pulldown: 0| Intr:0 [0m
[0;32mI (379) TANWA_CONFIG: TWAI initialized[0m
[0;32mI (389) APP_INIT_TASK: ### MCU configuration success ###[0m
[0;32mI (389) APP_INIT_TASK: Initializing hardware...[0m
[0;32mI (359) main_task: Returned from app_main()[0m
[0;31mE (399) TMP1075: TMP1075 initialization failed[0m
[0;31mE (409) TANWA_CONFIG: Failed to initialize TMP1075 sensor 1[0m
[0;31mE (409) APP_INIT_TASK: Hardware initialization failed[0m
[0;32mI (419) APP_INIT_TASK: ### RTOS util initialization success ###[0m
[0;32mI (1429) APP_INIT_TASK: ### App initialization finished ###[0m
[0;32mI (1429) DATA_TASK: Recieving task is running[0m
[0;32mI (1429) DATA_TASK: GET_DATA CMD[0m
[0;32mI (1429) DATA_TASK: MEASURING TEMPERATURES[0m
[0;31mE (1429) spi_master: check_trans_valid(789): invalid dev handle[0m
ESP_ERROR_CHECK failed: esp_err_t 0x102 (ESP_ERR_INVALID_ARG) at 0x400d60ca
file: "./components/hardware/max31856.c" line 16
func: max31856_write_register
expression: ret

abort() was called at PC 0x40087057 on core 0


Backtrace: 0x4008178a:0x3ffb9090 0x40087061:0x3ffb90b0 0x4008d50d:0x3ffb90d0 0x40087057:0x3ffb9140 0x400d60ca:0x3ffb9170 0x400d6337:0x3ffb91c0 0x400d64c8:0x3ffb91e0 0x400d5c52:0x3ffb9200 0x400d5d43:0x3ffb9240 0x400d5ddc:0x3ffb9260 0x40087b7d:0x3ffb9290




ELF file SHA256: c6f920712

Rebooting...
ets Jun  8 2016 00:22:57

rst:0xc (SW_CPU_RESET),boot:0x13 (SPI_FAST_FLASH_BOOT)
configsip: 0, SPIWP:0xee
clk_drv:0x00,q_drv:0x00,d_drv:0x00,cs0_drv:0x00,hd_drv:0x00,wp_drv:0x00
mode:DIO, clock div:2
load:0x3fff0030,len:7172
load:0x40078000,len:15540
load:0x40080400,len:4
ho 8 tail 4 room 4
load:0x40080404,len:3904
entry 0x40080640
[0;32mI (30) boot: ESP-IDF v5.2.1 2nd stage bootloader[0m
[0;32mI (31) boot: compile time Aug 23 2024 15:15:19[0m
[0;32mI (31) boot: Multicore bootloader[0m
[0;32mI (35) boot: chip revision: v1.0[0m
[0;32mI (39) boot.esp32: SPI Speed      : 40MHz[0m
[0;32mI (44) boot.esp32: SPI Mode       : DIO[0m
[0;32mI (48) boot.esp32: SPI Flash Size : 2MB[0m
[0;32mI (53) boot: Enabling RNG early entropy source...[0m
[0;32mI (58) boot: Partition Table:[0m
[0;32mI (62) boot: ## Label            Usage          Type ST Offset   Length[0m
[0;32mI (69) boot:  0 nvs              WiFi data        01 02 00009000 00006000[0m
[0;32mI (76) boot:  1 phy_init         RF data          01 01 0000f000 00001000[0m
[0;32mI (84) boot:  2 factory          factory app      00 00 00010000 00100000[0m
[0;32mI (91) boot: End of partition table[0m
[0;32mI (96) esp_image: segment 0: paddr=00010020 vaddr=3f400020 size=0d1b8h ( 53688) map[0m
[0;32mI (122) esp_image: segment 1: paddr=0001d1e0 vaddr=3ffb0000 size=02434h (  9268) load[0m
[0;32mI (126) esp_image: segment 2: paddr=0001f61c vaddr=40080000 size=009fch (  2556) load[0m
[0;32mI (129) esp_image: segment 3: paddr=00020020 vaddr=400d0020 size=19b44h (105284) map[0m
[0;32mI (173) esp_image: segment 4: paddr=00039b6c vaddr=400809fc size=0e180h ( 57728) load[0m
[0;32mI (203) boot: Loaded app from partition at offset 0x10000[0m
[0;32mI (203) boot: Disabling RNG early entropy source...[0m
[0;32mI (214) cpu_start: Multicore app[0m
[0;32mI (223) cpu_start: Pro cpu start user code[0m
[0;32mI (223) cpu_start: cpu freq: 160000000 Hz[0m
[0;32mI (223) cpu_start: Application information:[0m
[0;32mI (226) cpu_start: Project name:     TANWA_FLC[0m
[0;32mI (231) cpu_start: App version:      bcc1617-dirty[0m
[0;32mI (237) cpu_start: Compile time:     Aug 23 2024 16:59:02[0m
[0;32mI (243) cpu_start: ELF file SHA256:  c6f920712...[0m
[0;32mI (248) cpu_start: ESP-IDF:          v5.2.1[0m
[0;32mI (253) cpu_start: Min chip rev:     v0.0[0m
[0;32mI (258) cpu_start: Max chip rev:     v3.99 [0m
[0;32mI (263) cpu_start: Chip rev:         v1.0[0m
[0;32mI (268) heap_init: Initializing. RAM available for dynamic allocation:[0m
[0;32mI (275) heap_init: At 3FFAE6E0 len 00001920 (6 KiB): DRAM[0m
[0;32mI (281) heap_init: At 3FFB2D30 len 0002D2D0 (180 KiB): DRAM[0m
[0;32mI (287) heap_init: At 3FFE0440 len 00003AE0 (14 KiB): D/IRAM[0m
[0;32mI (293) heap_init: At 3FFE4350 len 0001BCB0 (111 KiB): D/IRAM[0m
[0;32mI (300) heap_init: At 4008EB7C len 00011484 (69 KiB): IRAM[0m
[0;32mI (307) spi_flash: detected chip: generic[0m
[0;32mI (311) spi_flash: flash io: dio[0m
[0;33mW (315) spi_flash: Detected size(4096k) larger than the size in the binary image header(2048k). Using the size in the binary image header.[0m
[0;33mW (328) i2c: This driver is an old driver, please migrate your application code to adapt `driver/i2c_master.h`[0m
[0;32mI (339) main_task: Started on CPU0[0m
[0;32mI (349) main_task: Calling app_main()[0m
[0;32mI (349) APP_INIT_TASK: ### App initialization task started ###[0m
[0;32mI (349) APP_INIT_TASK: Initializing MCU configuration...[0m
[0;32mI (359) TANWA_CONFIG: I2C initialized[0m
[0;32mI (359) TANWA_CONFIG: SPI initialized[0m
[0;32mI (359) gpio: GPIO[16]| InputEn: 1| OutputEn: 0| OpenDrain: 0| Pullup: 0| Pulldown: 0| Intr:0 [0m
[0;32mI (369) gpio: GPIO[17]| InputEn: 0| OutputEn: 1| OpenDrain: 0| Pullup: 0| Pulldown: 0| Intr:0 [0m
[0;32mI (379) TANWA_CONFIG: TWAI initialized[0m
[0;32mI (389) APP_INIT_TASK: ### MCU configuration success ###[0m
[0;32mI (389) APP_INIT_TASK: Initializing hardware...[0m
[0;32mI (359) main_task: Returned from app_main()[0m
[0;31mE (399) TMP1075: TMP1075 initialization failed[0m
[0;31mE (409) TANWA_CONFIG: Failed to initialize TMP1075 sensor 1[0m
[0;31mE (409) APP_INIT_TASK: Hardware initialization failed[0m
[0;32mI (419) APP_INIT_TASK: ### RTOS util initialization success ###[0m
[0;32mI (1429) APP_INIT_TASK: ### App initialization finished ###[0m
[0;32mI (1429) DATA_TASK: Recieving task is running[0m
[0;32mI (1429) DATA_TASK: GET_DATA CMD[0m
[0;32mI (1429) DATA_TASK: MEASURING TEMPERATURES[0m
[0;31mE (1429) spi_master: check_trans_valid(789): invalid dev handle[0m
ESP_ERROR_CHECK failed: esp_err_t 0x102 (ESP_ERR_INVALID_ARG) at 0x400d60ca
file: "./components/hardware/max31856.c" line 16
func: max31856_write_register
expression: ret

abort() was called at PC 0x40087057 on core 0


Backtrace: 0x4008178a:0x3ffb9090 0x40087061:0x3ffb90b0 0x4008d50d:0x3ffb90d0 0x40087057:0x3ffb9140 0x400d60ca:0x3ffb9170 0x400d6337:0x3ffb91c0 0x400d64c8:0x3ffb91e0 0x400d5c52:0x3ffb9200 0x400d5d43:0x3ffb9240 0x400d5ddc:0x3ffb9260 0x40087b7d:0x3ffb9290




ELF file SHA256: c6f920712

Rebooting...
ets Jun  8 2016 00:22:57

rst:0xc (SW_CPU_RESET),boot:0x13 (SPI_FAST_FLASH_BOOT)
configsip: 0, SPIWP:0xee
clk_drv:0x00,q_drv:0x00,d_drv:0x00,cs0_drv:0x00,hd_drv:0x00,wp_drv:0x00
mode:DIO, clock div:2
load:0x3fff0030,len:7172
load:0x40078000,len:15540
load:0x40080400,len:4
ho 8 tail 4 room 4
load:0x40080404,len:3904
entry 0x40080640
[0;32mI (30) boot: ESP-IDF v5.2.1 2nd stage bootloader[0m
[0;32mI (31) boot: compile time Aug 23 2024 15:15:19[0m
[0;32mI (31) boot: Multicore bootloader[0m
[0;32mI (35) boot: chip revision: v1.0[0m
[0;32mI (39) boot.esp32: SPI Speed      : 40MHz[0m
[0;32mI (44) boot.esp32: SPI Mode       : DIO[0m
[0;32mI (48) boot.esp32: SPI Flash Size : 2MB[0m
[0;32mI (53) boot: Enabling RNG early entropy source...[0m
[0;32mI (58) boot: Partition Table:[0m
[0;32mI (62) boot: ## Label            Usage          Type ST Offset   Length[0m
[0;32mI (69) boot:  0 nvs              WiFi data        01 02 00009000 00006000[0m
[0;32mI (76) boot:  1 phy_init         RF data          01 01 0000f000 00001000[0m
[0;32mI (84) boot:  2 factory          factory app      00 00 00010000 00100000[0m
[0;32mI (91) boot: End of partition table[0m
[0;32mI (96) esp_image: segment 0: paddr=00010020 vaddr=3f400020 size=0d1b8h ( 53688) map[0m
[0;32mI (122) esp_image: segment 1: paddr=0001d1e0 vaddr=3ffb0000 size=02434h (  9268) load[0m
[0;32mI (126) esp_image: segment 2: paddr=0001f61c vaddr=40080000 size=009fch (  2556) load[0m
[0;32mI (129) esp_image: segment 3: paddr=00020020 vaddr=400d0020 size=19b44h (105284) map[0m
[0;32mI (173) esp_image: segment 4: paddr=00039b6c vaddr=400809fc size=0e180h ( 57728) load[0m
[0;32mI (203) boot: Loaded app from partition at offset 0x10000[0m
[0;32mI (203) boot: Disabling RNG early entropy source...[0m
[0;32mI (214) cpu_start: Multicore app[0m
[0;32mI (223) cpu_start: Pro cpu start user code[0m
[0;32mI (223) cpu_start: cpu freq: 160000000 Hz[0m
[0;32mI (223) cpu_start: Application information:[0m
[0;32mI (226) cpu_start: Project name:     TANWA_FLC[0m
[0;32mI (231) cpu_start: App version:      bcc1617-dirty[0m
[0;32mI (237) cpu_start: Compile time:     Aug 23 2024 16:59:02[0m
[0;32mI (243) cpu_start: ELF file SHA256:  c6f920712...[0m
[0;32mI (248) cpu_start: ESP-IDF:          v5.2.1[0m
[0;32mI (253) cpu_start: Min chip rev:     v0.0[0m
[0;32mI (258) cpu_start: Max chip rev:     v3.99 [0m
[0;32mI (263) cpu_start: Chip rev:         v1.0[0m
[0;32mI (268) heap_init: Initializing. RAM available for dynamic allocation:[0m
[0;32mI (275) heap_init: At 3FFAE6E0 len 00001920 (6 KiB): DRAM[0m
[0;32mI (281) heap_init: At 3FFB2D30 len 0002D2D0 (180 KiB): DRAM[0m
[0;32mI (287) heap_init: At 3FFE0440 len 00003AE0 (14 KiB): D/IRAM[0m
[0;32mI (293) heap_init: At 3FFE4350 len 0001BCB0 (111 KiB): D/IRAM[0m
[0;32mI (300) heap_init: At 4008EB7C len 00011484 (69 KiB): IRAM[0m
[0;32mI (307) spi_flash: detected chip: generic[0m
[0;32mI (311) spi_flash: flash io: dio[0m
[0;33mW (315) spi_flash: Detected size(4096k) larger than the size in the binary image header(2048k). Using the size in the binary image header.[0m
[0;33mW (328) i2c: This driver is an old driver, please migrate your application code to adapt `driver/i2c_master.h`[0m
[0;32mI (339) main_task: Started on CPU0[0m
[0;32mI (349) main_task: Calling app_main()[0m
[0;32mI (349) APP_INIT_TASK: ### App initialization task started ###[0m
[0;32mI (349) APP_INIT_TASK: Initializing MCU configuration...[0m
[0;32mI (359) TANWA_CONFIG: I2C initialized[0m
[0;32mI (359) TANWA_CONFIG: SPI initialized[0m
[0;32mI (359) gpio: GPIO[16]| InputEn: 1| OutputEn: 0| OpenDrain: 0| Pullup: 0| Pulldown: 0| Intr:0 [0m
[0;32mI (369) gpio: GPIO[17]| InputEn: 0| OutputEn: 1| OpenDrain: 0| Pullup: 0| Pulldown: 0| Intr:0 [0m
[0;32mI (379) TANWA_CONFIG: TWAI initialized[0m
[0;32mI (389) APP_INIT_TASK: ### MCU configuration success ###[0m
[0;32mI (389) APP_INIT_TASK: Initializing hardware...[0m
[0;32mI (359) main_task: Returned from app_main()[0m
[0;31mE (399) TMP1075: TMP1075 initialization failed[0m
[0;31mE (409) TANWA_CONFIG: Failed to initialize TMP1075 sensor 1[0m
[0;31mE (409) APP_INIT_TASK: Hardware initialization failed[0m
[0;32mI (419) APP_INIT_TASK: ### RTOS util initialization success ###[0m
[0;32mI (1429) APP_INIT_TASK: ### App initialization finished ###[0m
[0;32mI (1429) DATA_TASK: Recieving task is running[0m
[0;32mI (1429) DATA_TASK: GET_DATA CMD[0m
[0;32mI (1429) DATA_TASK: MEASURING TEMPERATURES[0m
[0;31mE (1429) spi_master: check_trans_valid(789): invalid dev handle[0m
ESP_ERROR_CHECK failed: esp_err_t 0x102 (ESP_ERR_INVALID_ARG) at 0x400d60ca
file: "./components/hardware/max31856.c" line 16
func: max31856_write_register
expression: ret

abort() was called at PC 0x40087057 on core 0


Backtrace: 0x4008178a:0x3ffb9090 0x40087061:0x3ffb90b0 0x4008d50d:0x3ffb90d0 0x40087057:0x3ffb9140 0x400d60ca:0x3ffb9170 0x400d6337:0x3ffb91c0 0x400d64c8:0x3ffb91e0 0x400d5c52:0x3ffb9200 0x400d5d43:0x3ffb9240 0x400d5ddc:0x3ffb9260 0x40087b7d:0x3ffb9290




ELF file SHA256: c6f920712

Rebooting...
ets Jun  8 2016 00:22:57

rst:0xc (SW_CPU_RESET),boot:0x13 (SPI_FAST_FLASH_BOOT)
configsip: 0, SPIWP:0xee
clk_drv:0x00,q_drv:0x00,d_drv:0x00,cs0_drv:0x00,hd_drv:0x00,wp_drv:0x00
mode:DIO, clock div:2
load:0x3fff0030,len:7172
load:0x40078000,len:15540
load:0x40080400,len:4
ho 8 tail 4 room 4
load:0x40080404,len:3904
entry 0x40080640
[0;32mI (30) boot: ESP-IDF v5.2.1 2nd stage bootloader[0m
[0;32mI (31) boot: compile time Aug 23 2024 15:15:19[0m
[0;32mI (31) boot: Multicore bootloader[0m
[0;32mI (35) boot: chip revision: v1.0[0m
[0;32mI (39) boot.esp32: SPI Speed      : 40MHz[0m
[0;32mI (44) boot.esp32: SPI Mode       : DIO[0m
[0;32mI (48) boot.esp32: SPI Flash Size : 2MB[0m
[0;32mI (53) boot: Enabling RNG early entropy source...[0m
[0;32mI (58) boot: Partition Table:[0m
[0;32mI (62) boot: ## Label            Usage          Type ST Offset   Length[0m
[0;32mI (69) boot:  0 nvs              WiFi data        01 02 00009000 00006000[0m
[0;32mI (76) boot:  1 phy_init         RF data          01 01 0000f000 00001000[0m
[0;32mI (84) boot:  2 factory          factory app      00 00 00010000 00100000[0m
[0;32mI (91) boot: End of partition table[0m
[0;32mI (96) esp_image: segment 0: paddr=00010020 vaddr=3f400020 size=0d1b8h ( 53688) map[0m
[0;32mI (122) esp_image: segment 1: paddr=0001d1e0 vaddr=3ffb0000 size=02434h (  9268) load[0m
[0;32mI (126) esp_image: segment 2: paddr=0001f61c vaddr=40080000 size=009fch (  2556) load[0m
[0;32mI (129) esp_image: segment 3: paddr=00020020 vaddr=400d0020 size=19b44h (105284) map[0m
[0;32mI (173) esp_image: segment 4: paddr=00039b6c vaddr=400809fc size=0e180h ( 57728) load[0m
[0;32mI (203) boot: Loaded app from partition at offset 0x10000[0m
[0;32mI (203) boot: Disabling RNG early entropy source...[0m
[0;32mI (214) cpu_start: Multicore app[0m
[0;32mI (223) cpu_start: Pro cpu start user code[0m
[0;32mI (223) cpu_start: cpu freq: 160000000 Hz[0m
[0;32mI (223) cpu_start: Application information:[0m
[0;32mI (226) cpu_start: Project name:     TANWA_FLC[0m
[0;32mI (231) cpu_start: App version:      bcc1617-dirty[0m
[0;32mI (237) cpu_start: Compile time:     Aug 23 2024 16:59:02[0m
[0;32mI (243) cpu_start: ELF file SHA256:  c6f920712...[0m
[0;32mI (248) cpu_start: ESP-IDF:          v5.2.1[0m
[0;32mI (253) cpu_start: Min chip rev:     v0.0[0m
[0;32mI (258) cpu_start: Max chip rev:     v3.99 [0m
[0;32mI (263) cpu_start: Chip rev:         v1.0[0m
[0;32mI (268) heap_init: Initializing. RAM available for dynamic allocation:[0m
[0;32mI (275) heap_init: At 3FFAE6E0 len 00001920 (6 KiB): DRAM[0m
[0;32mI (281) heap_init: At 3FFB2D30 len 0002D2D0 (180 KiB): DRAM[0m
[0;32mI (287) heap_init: At 3FFE0440 len 00003AE0 (14 KiB): D/IRAM[0m
[0;32mI (293) heap_init: At 3FFE4350 len 0001BCB0 (111 KiB): D/IRAM[0m
[0;32mI (300) heap_init: At 4008EB7C len 00011484 (69 KiB): IRAM[0m
[0;32mI (307) spi_flash: detected chip: generic[0m
[0;32mI (311) spi_flash: flash io: dio[0m
[0;33mW (315) spi_flash: Detected size(4096k) larger than the size in the binary image header(2048k). Using the size in the binary image header.[0m
[0;33mW (328) i2c: This driver is an old driver, please migrate your application code to adapt `driver/i2c_master.h`[0m
[0;32mI (339) main_task: Started on CPU0[0m
[0;32mI (349) main_task: Calling app_main()[0m
[0;32mI (349) APP_INIT_TASK: ### App initialization task started ###[0m
[0;32mI (349) APP_INIT_TASK: Initializing MCU configuration...[0m
[0;32mI (359) TANWA_CONFIG: I2C initialized[0m
[0;32mI (359) TANWA_CONFIG: SPI initialized[0m
[0;32mI (359) gpio: GPIO[16]| InputEn: 1| OutputEn: 0| OpenDrain: 0| Pullup: 0| Pulldown: 0| Intr:0 [0m
[0;32mI (369) gpio: GPIO[17]| InputEn: 0| OutputEn: 1| OpenDrain: 0| Pullup: 0| Pulldown: 0| Intr:0 [0m
[0;32mI (379) TANWA_CONFIG: TWAI initialized[0m
[0;32mI (389) APP_INIT_TASK: ### MCU configuration success ###[0m
[0;32mI (389) APP_INIT_TASK: Initializing hardware...[0m
[0;32mI (359) main_task: Returned from app_main()[0m
[0;31mE (399) TMP1075: TMP1075 initialization failed[0m
[0;31mE (409) TANWA_CONFIG: Failed to initialize TMP1075 sensor 1[0m
[0;31mE (409) APP_INIT_TASK: Hardware initialization failed[0m
[0;32mI (419) APP_INIT_TASK: ### RTOS util initialization success ###[0m
[0;32mI (1429) APP_INIT_TASK: ### App initialization finished ###[0m
[0;32mI (1429) DATA_TASK: Recieving task is running[0m
[0;32mI (1429) DATA_TASK: GET_DATA CMD[0m
[0;32mI (1429) DATA_TASK: MEASURING TEMPERATURES[0m
[0;31mE (1429) spi_master: check_trans_valid(789): invalid dev handle[0m
ESP_ERROR_CHECK failed: esp_err_t 0x102 (ESP_ERR_INVALID_ARG) at 0x400d60ca
file: "./components/hardware/max31856.c" line 16
func: max31856_write_register
expression: ret

abort() was called at PC 0x40087057 on core 0


Backtrace: 0x4008178a:0x3ffb9090 0x40087061:0x3ffb90b0 0x4008d50d:0x3ffb90d0 0x40087057:0x3ffb9140 0x400d60ca:0x3ffb9170 0x400d6337:0x3ffb91c0 0x400d64c8:0x3ffb91e0 0x400d5c52:0x3ffb9200 0x400d5d43:0x3ffb9240 0x400d5ddc:0x3ffb9260 0x40087b7d:0x3ffb9290




ELF file SHA256: c6f920712

Rebooting...
ets Jun  8 2016 00:22:57

rst:0xc (SW_CPU_RESET),boot:0x13 (SPI_FAST_FLASH_BOOT)
configsip: 0, SPIWP:0xee
clk_drv:0x00,q_drv:0x00,d_drv:0x00,cs0_drv:0x00,hd_drv:0x00,wp_drv:0x00
mode:DIO, clock div:2
load:0x3fff0030,len:7172
load:0x40078000,len:15540
load:0x40080400,len:4
ho 8 tail 4 room 4
load:0x40080404,len:3904
entry 0x40080640
[0;32mI (30) boot: ESP-IDF v5.2.1 2nd stage bootloader[0m
[0;32mI (31) boot: compile time Aug 23 2024 15:15:19[0m
[0;32mI (31) boot: Multicore bootloader[0m
[0;32mI (35) boot: chip revision: v1.0[0m
[0;32mI (39) boot.esp32: SPI Speed      : 40MHz[0m
[0;32mI (44) boot.esp32: SPI Mode       : DIO[0m
[0;32mI (48) boot.esp32: SPI Flash Size : 2MB[0m
[0;32mI (53) boot: Enabling RNG early entropy source...[0m
[0;32mI (58) boot: Partition Table:[0m
[0;32mI (62) boot: ## Label            Usage          Type ST Offset   Length[0m
[0;32mI (69) boot:  0 nvs              WiFi data        01 02 00009000 00006000[0m
[0;32mI (76) boot:  1 phy_init         RF data          01 01 0000f000 00001000[0m
[0;32mI (84) boot:  2 factory          factory app      00 00 00010000 00100000[0m
[0;32mI (91) boot: End of partition table[0m
[0;32mI (96) esp_image: segment 0: paddr=00010020 vaddr=3f400020 size=0d1b8h ( 53688) map[0m
[0;32mI (122) esp_image: segment 1: paddr=0001d1e0 vaddr=3ffb0000 size=02434h (  9268) load[0m
[0;32mI (126) esp_image: segment 2: paddr=0001f61c vaddr=40080000 size=009fch (  2556) load[0m
[0;32mI (129) esp_image: segment 3: paddr=00020020 vaddr=400d0020 size=19b44h (105284) map[0m
[0;32mI (173) esp_image: segment 4: paddr=00039b6c vaddr=400809fc size=0e180h ( 57728) load[0m
[0;32mI (203) boot: Loaded app from partition at offset 0x10000[0m
[0;32mI (203) boot: Disabling RNG early entropy source...[0m
[0;32mI (214) cpu_start: Multicore app[0m
[0;32mI (223) cpu_start: Pro cpu start user code[0m
[0;32mI (223) cpu_start: cpu freq: 160000000 Hz[0m
[0;32mI (223) cpu_start: Application information:[0m
[0;32mI (226) cpu_start: Project name:     TANWA_FLC[0m
[0;32mI (231) cpu_start: App version:      bcc1617-dirty[0m
[0;32mI (237) cpu_start: Compile time:     Aug 23 2024 16:59:02[0m
[0;32mI (243) cpu_start: ELF file SHA256:  c6f920712...[0m
[0;32mI (248) cpu_start: ESP-IDF:          v5.2.1[0m
[0;32mI (253) cpu_start: Min chip rev:     v0.0[0m
[0;32mI (258) cpu_start: Max chip rev:     v3.99 [0m
[0;32mI (263) cpu_start: Chip rev:         v1.0[0m
[0;32mI (268) heap_init: Initializing. RAM available for dynamic allocation:[0m
[0;32mI (275) heap_init: At 3FFAE6E0 len 00001920 (6 KiB): DRAM[0m
[0;32mI (281) heap_init: At 3FFB2D30 len 0002D2D0 (180 KiB): DRAM[0m
[0;32mI (287) heap_init: At 3FFE0440 len 00003AE0 (14 KiB): D/IRAM[0m
[0;32mI (293) heap_init: At 3FFE4350 len 0001BCB0 (111 KiB): D/IRAM[0m
[0;32mI (300) heap_init: At 4008EB7C len 00011484 (69 KiB): IRAM[0m
[0;32mI (307) spi_flash: detected chip: generic[0m
[0;32mI (311) spi_flash: flash io: dio[0m
[0;33mW (315) spi_flash: Detected size(4096k) larger than the size in the binary image header(2048k). Using the size in the binary image header.[0m
[0;33mW (328) i2c: This driver is an old driver, please migrate your application code to adapt `driver/i2c_master.h`[0m
[0;32mI (339) main_task: Started on CPU0[0m
[0;32mI (349) main_task: Calling app_main()[0m
[0;32mI (349) APP_INIT_TASK: ### App initialization task started ###[0m
[0;32mI (349) APP_INIT_TASK: Initializing MCU configuration...[0m
[0;32mI (359) TANWA_CONFIG: I2C initialized[0m
[0;32mI (359) TANWA_CONFIG: SPI initialized[0m
[0;32mI (359) gpio: GPIO[16]| InputEn: 1| OutputEn: 0| OpenDrain: 0| Pullup: 0| Pulldown: 0| Intr:0 [0m
[0;32mI (369) gpio: GPIO[17]| InputEn: 0| OutputEn: 1| OpenDrain: 0| Pullup: 0| Pulldown: 0| Intr:0 [0m
[0;32mI (379) TANWA_CONFIG: TWAI initialized[0m
[0;32mI (389) APP_INIT_TASK: ### MCU configuration success ###[0m
[0;32mI (389) APP_INIT_TASK: Initializing hardware...[0m
[0;32mI (359) main_task: Returned from app_main()[0m
[0;31mE (399) TMP1075: TMP1075 initialization failed[0m
[0;31mE (409) TANWA_CONFIG: Failed to initialize TMP1075 sensor 1[0m
[0;31mE (409) APP_INIT_TASK: Hardware initialization failed[0m
[0;32mI (419) APP_INIT_TASK: ### RTOS util initialization success ###[0m
[0;32mI (1429) APP_INIT_TASK: ### App initialization finished ###[0m
[0;32mI (1429) DATA_TASK: Recieving task is running[0m
[0;32mI (1429) DATA_TASK: GET_DATA CMD[0m
[0;32mI (1429) DATA_TASK: MEASURING TEMPERATURES[0m
[0;31mE (1429) spi_master: check_trans_valid(789): invalid dev handle[0m
ESP_ERROR_CHECK failed: esp_err_t 0x102 (ESP_ERR_INVALID_ARG) at 0x400d60ca
file: "./components/hardware/max31856.c" line 16
func: max31856_write_register
expression: ret

abort() was called at PC 0x40087057 on core 0


Backtrace: 0x4008178a:0x3ffb9090 0x40087061:0x3ffb90b0 0x4008d50d:0x3ffb90d0 0x40087057:0x3ffb9140 0x400d60ca:0x3ffb9170 0x400d6337:0x3ffb91c0 0x400d64c8:0x3ffb91e0 0x400d5c52:0x3ffb9200 0x400d5d43:0x3ffb9240 0x400d5ddc:0x3ffb9260 0x40087b7d:0x3ffb9290




ELF file SHA256: c6f920712

Rebooting...
ets Jun  8 2016 00:22:57

rst:0xc (SW_CPU_RESET),boot:0x13 (SPI_FAST_FLASH_BOOT)
configsip: 0, SPIWP:0xee
clk_drv:0x00,q_drv:0x00,d_drv:0x00,cs0_drv:0x00,hd_drv:0x00,wp_drv:0x00
mode:DIO, clock div:2
load:0x3fff0030,len:7172
load:0x40078000,len:15540
load:0x40080400,len:4
ho 8 tail 4 room 4
load:0x40080404,len:3904
entry 0x40080640
[0;32mI (30) boot: ESP-IDF v5.2.1 2nd stage bootloader[0m
[0;32mI (31) boot: compile time Aug 23 2024 15:15:19[0m
[0;32mI (31) boot: Multicore bootloader[0m
[0;32mI (35) boot: chip revision: v1.0[0m
[0;32mI (39) boot.esp32: SPI Speed      : 40MHz[0m
[0;32mI (44) boot.esp32: SPI Mode       : DIO[0m
[0;32mI (48) boot.esp32: SPI Flash Size : 2MB[0m
[0;32mI (53) boot: Enabling RNG early entropy source...[0m
[0;32mI (58) boot: Partition Table:[0m
[0;32mI (62) boot: ## Label            Usage          Type ST Offset   Length[0m
[0;32mI (69) boot:  0 nvs              WiFi data        01 02 00009000 00006000[0m
[0;32mI (76) boot:  1 phy_init         RF data          01 01 0000f000 00001000[0m
[0;32mI (84) boot:  2 factory          factory app      00 00 00010000 00100000[0m
[0;32mI (91) boot: End of partition table[0m
[0;32mI (96) esp_image: segment 0: paddr=00010020 vaddr=3f400020 size=0d1b8h ( 53688) map[0m
[0;32mI (122) esp_image: segment 1: paddr=0001d1e0 vaddr=3ffb0000 size=02434h (  9268) load[0m
[0;32mI (126) esp_image: segment 2: paddr=0001f61c vaddr=40080000 size=009fch (  2556) load[0m
[0;32mI (129) esp_image: segment 3: paddr=00020020 vaddr=400d0020 size=19b44h (105284) map[0m
[0;32mI (173) esp_image: segment 4: paddr=00039b6c vaddr=400809fc size=0e180h ( 57728) load[0m
[0;32mI (203) boot: Loaded app from partition at offset 0x10000[0m
[0;32mI (203) boot: Disabling RNG early entropy source...[0m
[0;32mI (214) cpu_start: Multicore app[0m
[0;32mI (223) cpu_start: Pro cpu start user code[0m
[0;32mI (223) cpu_start: cpu freq: 160000000 Hz[0m
[0;32mI (223) cpu_start: Application information:[0m
[0;32mI (226) cpu_start: Project name:     TANWA_FLC[0m
[0;32mI (231) cpu_start: App version:      bcc1617-dirty[0m
[0;32mI (237) cpu_start: Compile time:     Aug 23 2024 16:59:02[0m
[0;32mI (243) cpu_start: ELF file SHA256:  c6f920712...[0m
[0;32mI (248) cpu_start: ESP-IDF:          v5.2.1[0m
[0;32mI (253) cpu_start: Min chip rev:     v0.0[0m
[0;32mI (258) cpu_start: Max chip rev:     v3.99 [0m
[0;32mI (263) cpu_start: Chip rev:         v1.0[0m
[0;32mI (268) heap_init: Initializing. RAM available for dynamic allocation:[0m
[0;32mI (275) heap_init: At 3FFAE6E0 len 00001920 (6 KiB): DRAM[0m
[0;32mI (281) heap_init: At 3FFB2D30 len 0002D2D0 (180 KiB): DRAM[0m
[0;32mI (287) heap_init: At 3FFE0440 len 00003AE0 (14 KiB): D/IRAM[0m
[0;32mI (293) heap_init: At 3FFE4350 len 0001BCB0 (111 KiB): D/IRAM[0m
[0;32mI (300) heap_init: At 4008EB7C len 00011484 (69 KiB): IRAM[0m
[0;32mI (307) spi_flash: detected chip: generic[0m
[0;32mI (311) spi_flash: flash io: dio[0m
[0;33mW (315) spi_flash: Detected size(4096k) larger than the size in the binary image header(2048k). Using the size in the binary image header.[0m
[0;33mW (328) i2c: This driver is an old driver, please migrate your application code to adapt `driver/i2c_master.h`[0m
[0;32mI (339) main_task: Started on CPU0[0m
[0;32mI (349) main_task: Calling app_main()[0m
[0;32mI (349) APP_INIT_TASK: ### App initialization task started ###[0m
[0;32mI (349) APP_INIT_TASK: Initializing MCU configuration...[0m
[0;32mI (359) TANWA_CONFIG: I2C initialized[0m
[0;32mI (359) TANWA_CONFIG: SPI initialized[0m
[0;32mI (359) gpio: GPIO[16]| InputEn: 1| OutputEn: 0| OpenDrain: 0| Pullup: 0| Pulldown: 0| Intr:0 [0m
[0;32mI (369) gpio: GPIO[17]| InputEn: 0| OutputEn: 1| OpenDrain: 0| Pullup: 0| Pulldown: 0| Intr:0 [0m
[0;32mI (379) TANWA_CONFIG: TWAI initialized[0m
[0;32mI (389) APP_INIT_TASK: ### MCU configuration success ###[0m
[0;32mI (389) APP_INIT_TASK: Initializing hardware...[0m
[0;32mI (359) main_task: Returned from app_main()[0m
[0;31mE (399) TMP1075: TMP1075 initialization failed[0m
[0;31mE (409) TANWA_CONFIG: Failed to initialize TMP1075 sensor 1[0m
[0;31mE (409) APP_INIT_TASK: Hardware initialization failed[0m
[0;32mI (419) APP_INIT_TASK: ### RTOS util initialization success ###[0m
[0;32mI (1429) APP_INIT_TASK: ### App initialization finished ###[0m
[0;32mI (1429) DATA_TASK: Recieving task is running[0m
[0;32mI (1429) DATA_TASK: GET_DATA CMD[0m
[0;32mI (1429) DATA_TASK: MEASURING TEMPERATURES[0m
[0;31mE (1429) spi_master: check_trans_valid(789): invalid dev handle[0m
ESP_ERROR_CHECK failed: esp_err_t 0x102 (ESP_ERR_INVALID_ARG) at 0x400d60ca
file: "./components/hardware/max31856.c" line 16
func: max31856_write_register
expression: ret

abort() was called at PC 0x40087057 on core 0


Backtrace: 0x4008178a:0x3ffb9090 0x40087061:0x3ffb90b0 0x4008d50d:0x3ffb90d0 0x40087057:0x3ffb9140 0x400d60ca:0x3ffb9170 0x400d6337:0x3ffb91c0 0x400d64c8:0x3ffb91e0 0x400d5c52:0x3ffb9200 0x400d5d43:0x3ffb9240 0x400d5ddc:0x3ffb9260 0x40087b7d:0x3ffb9290




ELF file SHA256: c6f920712

Rebooting...
ets Jun  8 2016 00:22:57

rst:0xc (SW_CPU_RESET),boot:0x13 (SPI_FAST_FLASH_BOOT)
configsip: 0, SPIWP:0xee
clk_drv:0x00,q_drv:0x00,d_drv:0x00,cs0_drv:0x00,hd_drv:0x00,wp_drv:0x00
mode:DIO, clock div:2
load:0x3fff0030,len:7172
load:0x40078000,len:15540
load:0x40080400,len:4
ho 8 tail 4 room 4
load:0x40080404,len:3904
entry 0x40080640
[0;32mI (30) boot: ESP-IDF v5.2.1 2nd stage bootloader[0m
[0;32mI (31) boot: compile time Aug 23 2024 15:15:19[0m
[0;32mI (31) boot: Multicore bootloader[0m
[0;32mI (35) boot: chip revision: v1.0[0m
[0;32mI (39) boot.esp32: SPI Speed      : 40MHz[0m
[0;32mI (44) boot.esp32: SPI Mode       : DIO[0m
[0;32mI (48) boot.esp32: SPI Flash Size : 2MB[0m
[0;32mI (53) boot: Enabling RNG early entropy source...[0m
[0;32mI (58) boot: Partition Table:[0m
[0;32mI (62) boot: ## Label            Usage          Type ST Offset   Length[0m
[0;32mI (69) boot:  0 nvs              WiFi data        01 02 00009000 00006000[0m
[0;32mI (76) boot:  1 phy_init         RF data          01 01 0000f000 00001000[0m
[0;32mI (84) boot:  2 factory          factory app      00 00 00010000 00100000[0m
[0;32mI (91) boot: End of partition table[0m
[0;32mI (96) esp_image: segment 0: paddr=00010020 vaddr=3f400020 size=0d1b8h ( 53688) map[0m
[0;32mI (122) esp_image: segment 1: paddr=0001d1e0 vaddr=3ffb0000 size=02434h (  9268) load[0m
[0;32mI (126) esp_image: segment 2: paddr=0001f61c vaddr=40080000 size=009fch (  2556) load[0m
[0;32mI (129) esp_image: segment 3: paddr=00020020 vaddr=400d0020 size=19b44h (105284) map[0m
[0;32mI (173) esp_image: segment 4: paddr=00039b6c vaddr=400809fc size=0e180h ( 57728) load[0m
[0;32mI (203) boot: Loaded app from partition at offset 0x10000[0m
[0;32mI (203) boot: Disabling RNG early entropy source...[0m
[0;32mI (214) cpu_start: Multicore app[0m
[0;32mI (223) cpu_start: Pro cpu start user code[0m
[0;32mI (223) cpu_start: cpu freq: 160000000 Hz[0m
[0;32mI (223) cpu_start: Application information:[0m
[0;32mI (226) cpu_start: Project name:     TANWA_FLC[0m
[0;32mI (231) cpu_start: App version:      bcc1617-dirty[0m
[0;32mI (237) cpu_start: Compile time:     Aug 23 2024 16:59:02[0m
[0;32mI (243) cpu_start: ELF file SHA256:  c6f920712...[0m
[0;32mI (248) cpu_start: ESP-IDF:          v5.2.1[0m
[0;32mI (253) cpu_start: Min chip rev:     v0.0[0m
[0;32mI (258) cpu_start: Max chip rev:     v3.99 [0m
[0;32mI (263) cpu_start: Chip rev:         v1.0[0m
[0;32mI (268) heap_init: Initializing. RAM available for dynamic allocation:[0m
[0;32mI (275) heap_init: At 3FFAE6E0 len 00001920 (6 KiB): DRAM[0m
[0;32mI (281) heap_init: At 3FFB2D30 len 0002D2D0 (180 KiB): DRAM[0m
[0;32mI (287) heap_init: At 3FFE0440 len 00003AE0 (14 KiB): D/IRAM[0m
[0;32mI (293) heap_init: At 3FFE4350 len 0001BCB0 (111 KiB): D/IRAM[0m
[0;32mI (300) heap_init: At 4008EB7C len 00011484 (69 KiB): IRAM[0m
[0;32mI (307) spi_flash: detected chip: generic[0m
[0;32mI (311) spi_flash: flash io: dio[0m
[0;33mW (315) spi_flash: Detected size(4096k) larger than the size in the binary image header(2048k). Using the size in the binary image header.[0m
[0;33mW (328) i2c: This driver is an old driver, please migrate your application code to adapt `driver/i2c_master.h`[0m
[0;32mI (339) main_task: Started on CPU0[0m
[0;32mI (349) main_task: Calling app_main()[0m
[0;32mI (349) APP_INIT_TASK: ### App initialization task started ###[0m
[0;32mI (349) APP_INIT_TASK: Initializing MCU configuration...[0m
[0;32mI (359) TANWA_CONFIG: I2C initialized[0m
[0;32mI (359) TANWA_CONFIG: SPI initialized[0m
[0;32mI (359) gpio: GPIO[16]| InputEn: 1| OutputEn: 0| OpenDrain: 0| Pullup: 0| Pulldown: 0| Intr:0 [0m
[0;32mI (369) gpio: GPIO[17]| InputEn: 0| OutputEn: 1| OpenDrain: 0| Pullup: 0| Pulldown: 0| Intr:0 [0m
[0;32mI (379) TANWA_CONFIG: TWAI initialized[0m
[0;32mI (389) APP_INIT_TASK: ### MCU configuration success ###[0m
[0;32mI (389) APP_INIT_TASK: Initializing hardware...[0m
[0;32mI (359) main_task: Returned from app_main()[0m
[0;31mE (399) TMP1075: TMP1075 initialization failed[0m
[0;31mE (409) TANWA_CONFIG: Failed to initialize TMP1075 sensor 1[0m
[0;31mE (409) APP_INIT_TASK: Hardware initialization failed[0m
[0;32mI (419) APP_INIT_TASK: ### RTOS util initialization success ###[0m
[0;32mI (1429) APP_INIT_TASK: ### App initialization finished ###[0m
[0;32mI (1429) DATA_TASK: Recieving task is running[0m
[0;32mI (1429) DATA_TASK: GET_DATA CMD[0m
[0;32mI (1429) DATA_TASK: MEASURING TEMPERATURES[0m
[0;31mE (1429) spi_master: check_trans_valid(789): invalid dev handle[0m
ESP_ERROR_CHECK failed: esp_err_t 0x102 (ESP_ERR_INVALID_ARG) at 0x400d60ca
file: "./components/hardware/max31856.c" line 16
func: max31856_write_register
expression: ret

abort() was called at PC 0x40087057 on core 0


Backtrace: 0x4008178a:0x3ffb9090 0x40087061:0x3ffb90b0 0x4008d50d:0x3ffb90d0 0x40087057:0x3ffb9140 0x400d60ca:0x3ffb9170 0x400d6337:0x3ffb91c0 0x400d64c8:0x3ffb91e0 0x400d5c52:0x3ffb9200 0x400d5d43:0x3ffb9240 0x400d5ddc:0x3ffb9260 0x40087b7d:0x3ffb9290




ELF file SHA256: c6f920712

Rebooting...
ets Jun  8 2016 00:22:57

rst:0xc (SW_CPU_RESET),boot:0x13 (SPI_FAST_FLASH_BOOT)
configsip: 0, SPIWP:0xee
clk_drv:0x00,q_drv:0x00,d_drv:0x00,cs0_drv:0x00,hd_drv:0x00,wp_drv:0x00
mode:DIO, clock div:2
load:0x3fff0030,len:7172
load:0x40078000,len:15540
load:0x40080400,len:4
ho 8 tail 4 room 4
load:0x40080404,len:3904
entry 0x40080640
[0;32mI (30) boot: ESP-IDF v5.2.1 2nd stage bootloader[0m
[0;32mI (31) boot: compile time Aug 23 2024 15:15:19[0m
[0;32mI (31) boot: Multicore bootloader[0m
[0;32mI (35) boot: chip revision: v1.0[0m
[0;32mI (39) boot.esp32: SPI Speed      : 40MHz[0m
[0;32mI (44) boot.esp32: SPI Mode       : DIO[0m
[0;32mI (48) boot.esp32: SPI Flash Size : 2MB[0m
[0;32mI (53) boot: Enabling RNG early entropy source...[0m
[0;32mI (58) boot: Partition Table:[0m
[0;32mI (62) boot: ## Label            Usage          Type ST Offset   Length[0m
[0;32mI (69) boot:  0 nvs              WiFi data        01 02 00009000 00006000[0m
[0;32mI (76) boot:  1 phy_init         RF data          01 01 0000f000 00001000[0m
[0;32mI (84) boot:  2 factory          factory app      00 00 00010000 00100000[0m
[0;32mI (91) boot: End of partition table[0m
[0;32mI (96) esp_image: segment 0: paddr=00010020 vaddr=3f400020 size=0d1b8h ( 53688) map[0m
[0;32mI (122) esp_image: segment 1: paddr=0001d1e0 vaddr=3ffb0000 size=02434h (  9268) load[0m
[0;32mI (126) esp_image: segment 2: paddr=0001f61c vaddr=40080000 size=009fch (  2556) load[0m
[0;32mI (129) esp_image: segment 3: paddr=00020020 vaddr=400d0020 size=19b44h (105284) map[0m
[0;32mI (173) esp_image: segment 4: paddr=00039b6c vaddr=400809fc size=0e180h ( 57728) load[0m
[0;32mI (203) boot: Loaded app from partition at offset 0x10000[0m
[0;32mI (203) boot: Disabling RNG early entropy source...[0m
[0;32mI (214) cpu_start: Multicore app[0m
[0;32mI (223) cpu_start: Pro cpu start user code[0m
[0;32mI (223) cpu_start: cpu freq: 160000000 Hz[0m
[0;32mI (223) cpu_start: Application information:[0m
[0;32mI (226) cpu_start: Project name:     TANWA_FLC[0m
[0;32mI (231) cpu_start: App version:      bcc1617-dirty[0m
[0;32mI (237) cpu_start: Compile time:     Aug 23 2024 16:59:02[0m
[0;32mI (243) cpu_start: ELF file SHA256:  c6f920712...[0m
[0;32mI (248) cpu_start: ESP-IDF:          v5.2.1[0m
[0;32mI (253) cpu_start: Min chip rev:     v0.0[0m
[0;32mI (258) cpu_start: Max chip rev:     v3.99 [0m
[0;32mI (263) cpu_start: Chip rev:         v1.0[0m
[0;32mI (268) heap_init: Initializing. RAM available for dynamic allocation:[0m
[0;32mI (275) heap_init: At 3FFAE6E0 len 00001920 (6 KiB): DRAM[0m
[0;32mI (281) heap_init: At 3FFB2D30 len 0002D2D0 (180 KiB): DRAM[0m
[0;32mI (287) heap_init: At 3FFE0440 len 00003AE0 (14 KiB): D/IRAM[0m
[0;32mI (293) heap_init: At 3FFE4350 len 0001BCB0 (111 KiB): D/IRAM[0m
[0;32mI (300) heap_init: At 4008EB7C len 00011484 (69 KiB): IRAM[0m
[0;32mI (307) spi_flash: detected chip: generic[0m
[0;32mI (311) spi_flash: flash io: dio[0m
[0;33mW (315) spi_flash: Detected size(4096k) larger than the size in the binary image header(2048k). Using the size in the binary image header.[0m
[0;33mW (328) i2c: This driver is an old driver, please migrate your application code to adapt `driver/i2c_master.h`[0m
[0;32mI (339) main_task: Started on CPU0[0m
[0;32mI (349) main_task: Calling app_main()[0m
[0;32mI (349) APP_INIT_TASK: ### App initialization task started ###[0m
[0;32mI (349) APP_INIT_TASK: Initializing MCU configuration...[0m
[0;32mI (359) TANWA_CONFIG: I2C initialized[0m
[0;32mI (359) TANWA_CONFIG: SPI initialized[0m
[0;32mI (359) gpio: GPIO[16]| InputEn: 1| OutputEn: 0| OpenDrain: 0| Pullup: 0| Pulldown: 0| Intr:0 [0m
[0;32mI (369) gpio: GPIO[17]| InputEn: 0| OutputEn: 1| OpenDrain: 0| Pullup: 0| Pulldown: 0| Intr:0 [0m
[0;32mI (379) TANWA_CONFIG: TWAI initialized[0m
[0;32mI (389) APP_INIT_TASK: ### MCU configuration success ###[0m
[0;32mI (389) APP_INIT_TASK: Initializing hardware...[0m
[0;32mI (359) main_task: Returned from app_main()[0m
[0;31mE (399) TMP1075: TMP1075 initialization failed[0m
[0;31mE (409) TANWA_CONFIG: Failed to initialize TMP1075 sensor 1[0m
[0;31mE (409) APP_INIT_TASK: Hardware initialization failed[0m
[0;32mI (419) APP_INIT_TASK: ### RTOS util initialization success ###[0m
[0;32mI (1429) APP_INIT_TASK: ### App initialization finished ###[0m
[0;32mI (1429) DATA_TASK: Recieving task is running[0m
[0;32mI (1429) DATA_TASK: GET_DATA CMD[0m
[0;32mI (1429) DATA_TASK: MEASURING TEMPERATURES[0m
[0;31mE (1429) spi_master: check_trans_valid(789): invalid dev handle[0m
ESP_ERROR_CHECK failed: esp_err_t 0x102 (ESP_ERR_INVALID_ARG) at 0x400d60ca
file: "./components/hardware/max31856.c" line 16
func: max31856_write_register
expression: ret

abort() was called at PC 0x40087057 on core 0


Backtrace: 0x4008178a:0x3ffb9090 0x40087061:0x3ffb90b0 0x4008d50d:0x3ffb90d0 0x40087057:0x3ffb9140 0x400d60ca:0x3ffb9170 0x400d6337:0x3ffb91c0 0x400d64c8:0x3ffb91e0 0x400d5c52:0x3ffb9200 0x400d5d43:0x3ffb9240 0x400d5ddc:0x3ffb9260 0x40087b7d:0x3ffb9290




ELF file SHA256: c6f920712

Rebooting...
ets Jun  8 2016 00:22:57

rst:0xc (SW_CPU_RESET),boot:0x13 (SPI_FAST_FLASH_BOOT)
configsip: 0, SPIWP:0xee
clk_drv:0x00,q_drv:0x00,d_drv:0x00,cs0_drv:0x00,hd_drv:0x00,wp_drv:0x00
mode:DIO, clock div:2
load:0x3fff0030,len:7172
load:0x40078000,len:15540
load:0x40080400,len:4
ho 8 tail 4 room 4
load:0x40080404,len:3904
entry 0x40080640
[0;32mI (30) boot: ESP-IDF v5.2.1 2nd stage bootloader[0m
[0;32mI (31) boot: compile time Aug 23 2024 15:15:19[0m
[0;32mI (31) boot: Multicore bootloader[0m
[0;32mI (35) boot: chip revision: v1.0[0m
[0;32mI (39) boot.esp32: SPI Speed      : 40MHz[0m
[0;32mI (44) boot.esp32: SPI Mode       : DIO[0m
[0;32mI (48) boot.esp32: SPI Flash Size : 2MB[0m
[0;32mI (53) boot: Enabling RNG early entropy source...[0m
[0;32mI (58) boot: Partition Table:[0m
[0;32mI (62) boot: ## Label            Usage          Type ST Offset   Length[0m
[0;32mI (69) boot:  0 nvs              WiFi data        01 02 00009000 00006000[0m
[0;32mI (76) boot:  1 phy_init         RF data          01 01 0000f000 00001000[0m
[0;32mI (84) boot:  2 factory          factory app      00 00 00010000 00100000[0m
[0;32mI (91) boot: End of partition table[0m
[0;32mI (96) esp_image: segment 0: paddr=00010020 vaddr=3f400020 size=0d1b8h ( 53688) map[0m
[0;32mI (122) esp_image: segment 1: paddr=0001d1e0 vaddr=3ffb0000 size=02434h (  9268) load[0m
[0;32mI (126) esp_image: segment 2: paddr=0001f61c vaddr=40080000 size=009fch (  2556) load[0m
[0;32mI (129) esp_image: segment 3: paddr=00020020 vaddr=400d0020 size=19b44h (105284) map[0m
[0;32mI (173) esp_image: segment 4: paddr=00039b6c vaddr=400809fc size=0e180h ( 57728) load[0m
[0;32mI (203) boot: Loaded app from partition at offset 0x10000[0m
[0;32mI (203) boot: Disabling RNG early entropy source...[0m
[0;32mI (214) cpu_start: Multicore app[0m
[0;32mI (223) cpu_start: Pro cpu start user code[0m
[0;32mI (223) cpu_start: cpu freq: 160000000 Hz[0m
[0;32mI (223) cpu_start: Application information:[0m
[0;32mI (226) cpu_start: Project name:     TANWA_FLC[0m
[0;32mI (231) cpu_start: App version:      bcc1617-dirty[0m
[0;32mI (237) cpu_start: Compile time:     Aug 23 2024 16:59:02[0m
[0;32mI (243) cpu_start: ELF file SHA256:  c6f920712...[0m
[0;32mI (248) cpu_start: ESP-IDF:          v5.2.1[0m
[0;32mI (253) cpu_start: Min chip rev:     v0.0[0m
[0;32mI (258) cpu_start: Max chip rev:     v3.99 [0m
[0;32mI (263) cpu_start: Chip rev:         v1.0[0m
[0;32mI (268) heap_init: Initializing. RAM available for dynamic allocation:[0m
[0;32mI (275) heap_init: At 3FFAE6E0 len 00001920 (6 KiB): DRAM[0m
[0;32mI (281) heap_init: At 3FFB2D30 len 0002D2D0 (180 KiB): DRAM[0m
[0;32mI (287) heap_init: At 3FFE0440 len 00003AE0 (14 KiB): D/IRAM[0m
[0;32mI (293) heap_init: At 3FFE4350 len 0001BCB0 (111 KiB): D/IRAM[0m
[0;32mI (300) heap_init: At 4008EB7C len 00011484 (69 KiB): IRAM[0m
[0;32mI (307) spi_flash: detected chip: generic[0m
[0;32mI (311) spi_flash: flash io: dio[0m
[0;33mW (315) spi_flash: Detected size(4096k) larger than the size in the binary image header(2048k). Using the size in the binary image header.[0m
[0;33mW (328) i2c: This driver is an old driver, please migrate your application code to adapt `driver/i2c_master.h`[0m
[0;32mI (339) main_task: Started on CPU0[0m
[0;32mI (349) main_task: Calling app_main()[0m
[0;32mI (349) APP_INIT_TASK: ### App initialization task started ###[0m
[0;32mI (349) APP_INIT_TASK: Initializing MCU configuration...[0m
[0;32mI (359) TANWA_CONFIG: I2C initialized[0m
[0;32mI (359) TANWA_CONFIG: SPI initialized[0m
[0;32mI (359) gpio: GPIO[16]| InputEn: 1| OutputEn: 0| OpenDrain: 0| Pullup: 0| Pulldown: 0| Intr:0 [0m
[0;32mI (369) gpio: GPIO[17]| InputEn: 0| OutputEn: 1| OpenDrain: 0| Pullup: 0| Pulldown: 0| Intr:0 [0m
[0;32mI (379) TANWA_CONFIG: TWAI initialized[0m
[0;32mI (389) APP_INIT_TASK: ### MCU configuration success ###[0m
[0;32mI (389) APP_INIT_TASK: Initializing hardware...[0m
[0;32mI (359) main_task: Returned from app_main()[0m
[0;31mE (399) TMP1075: TMP1075 initialization failed[0m
[0;31mE (409) TANWA_CONFIG: Failed to initialize TMP1075 sensor 1[0m
[0;31mE (409) APP_INIT_TASK: Hardware initialization failed[0m
[0;32mI (419) APP_INIT_TASK: ### RTOS util initialization success ###[0m
[0;32mI (1429) APP_INIT_TASK: ### App initialization finished ###[0m
[0;32mI (1429) DATA_TASK: Recieving task is running[0m
[0;32mI (1429) DATA_TASK: GET_DATA CMD[0m
[0;32mI (1429) DATA_TASK: MEASURING TEMPERATURES[0m
[0;31mE (1429) spi_master: check_trans_valid(789): invalid dev handle[0m
ESP_ERROR_CHECK failed: esp_err_t 0x102 (ESP_ERR_INVALID_ARG) at 0x400d60ca
file: "./components/hardware/max31856.c" line 16
func: max31856_write_register
expression: ret

abort() was called at PC 0x40087057 on core 0


Backtrace: 0x4008178a:0x3ffb9090 0x40087061:0x3ffb90b0 0x4008d50d:0x3ffb90d0 0x40087057:0x3ffb9140 0x400d60ca:0x3ffb9170 0x400d6337:0x3ffb91c0 0x400d64c8:0x3ffb91e0 0x400d5c52:0x3ffb9200 0x400d5d43:0x3ffb9240 0x400d5ddc:0x3ffb9260 0x40087b7d:0x3ffb9290




ELF file SHA256: c6f920712

Rebooting...
ets Jun  8 2016 00:22:57

rst:0xc (SW_CPU_RESET),boot:0x13 (SPI_FAST_FLASH_BOOT)
configsip: 0, SPIWP:0xee
clk_drv:0x00,q_drv:0x00,d_drv:0x00,cs0_drv:0x00,hd_drv:0x00,wp_drv:0x00
mode:DIO, clock div:2
load:0x3fff0030,len:7172
load:0x40078000,len:15540
load:0x40080400,len:4
ho 8 tail 4 room 4
load:0x40080404,len:3904
entry 0x40080640
[0;32mI (30) boot: ESP-IDF v5.2.1 2nd stage bootloader[0m
[0;32mI (31) boot: compile time Aug 23 2024 15:15:19[0m
[0;32mI (31) boot: Multicore bootloader[0m
[0;32mI (35) boot: chip revision: v1.0[0m
[0;32mI (39) boot.esp32: SPI Speed      : 40MHz[0m
[0;32mI (44) boot.esp32: SPI Mode       : DIO[0m
[0;32mI (48) boot.esp32: SPI Flash Size : 2MB[0m
[0;32mI (53) boot: Enabling RNG early entropy source...[0m
[0;32mI (58) boot: Partition Table:[0m
[0;32mI (62) boot: ## Label            Usage          Type ST Offset   Length[0m
[0;32mI (69) boot:  0 nvs              WiFi data        01 02 00009000 00006000[0m
[0;32mI (76) boot:  1 phy_init         RF data          01 01 0000f000 00001000[0m
[0;32mI (84) boot:  2 factory          factory app      00 00 00010000 00100000[0m
[0;32mI (91) boot: End of partition table[0m
[0;32mI (96) esp_image: segment 0: paddr=00010020 vaddr=3f400020 size=0d1b8h ( 53688) map[0m
[0;32mI (122) esp_image: segment 1: paddr=0001d1e0 vaddr=3ffb0000 size=02434h (  9268) load[0m
[0;32mI (126) esp_image: segment 2: paddr=0001f61c vaddr=40080000 size=009fch (  2556) load[0m
[0;32mI (129) esp_image: segment 3: paddr=00020020 vaddr=400d0020 size=19b44h (105284) map[0m
[0;32mI (173) esp_image: segment 4: paddr=00039b6c vaddr=400809fc size=0e180h ( 57728) load[0m
[0;32mI (203) boot: Loaded app from partition at offset 0x10000[0m
[0;32mI (203) boot: Disabling RNG early entropy source...[0m
[0;32mI (214) cpu_start: Multicore app[0m
[0;32mI (223) cpu_start: Pro cpu start user code[0m
[0;32mI (223) cpu_start: cpu freq: 160000000 Hz[0m
[0;32mI (223) cpu_start: Application information:[0m
[0;32mI (226) cpu_start: Project name:     TANWA_FLC[0m
[0;32mI (231) cpu_start: App version:      bcc1617-dirty[0m
[0;32mI (237) cpu_start: Compile time:     Aug 23 2024 16:59:02[0m
[0;32mI (243) cpu_start: ELF file SHA256:  c6f920712...[0m
[0;32mI (248) cpu_start: ESP-IDF:          v5.2.1[0m
[0;32mI (253) cpu_start: Min chip rev:     v0.0[0m
[0;32mI (258) cpu_start: Max chip rev:     v3.99 [0m
[0;32mI (263) cpu_start: Chip rev:         v1.0[0m
[0;32mI (268) heap_init: Initializing. RAM available for dynamic allocation:[0m
[0;32mI (275) heap_init: At 3FFAE6E0 len 00001920 (6 KiB): DRAM[0m
[0;32mI (281) heap_init: At 3FFB2D30 len 0002D2D0 (180 KiB): DRAM[0m
[0;32mI (287) heap_init: At 3FFE0440 len 00003AE0 (14 KiB): D/IRAM[0m
[0;32mI (293) heap_init: At 3FFE4350 len 0001BCB0 (111 KiB): D/IRAM[0m
[0;32mI (300) heap_init: At 4008EB7C len 00011484 (69 KiB): IRAM[0m
[0;32mI (307) spi_flash: detected chip: generic[0m
[0;32mI (311) spi_flash: flash io: dio[0m
[0;33mW (315) spi_flash: Detected size(4096k) larger than the size in the binary image header(2048k). Using the size in the binary image header.[0m
[0;33mW (328) i2c: This driver is an old driver, please migrate your application code to adapt `driver/i2c_master.h`[0m
[0;32mI (339) main_task: Started on CPU0[0m
[0;32mI (349) main_task: Calling app_main()[0m
[0;32mI (349) APP_INIT_TASK: ### App initialization task started ###[0m
[0;32mI (349) APP_INIT_TASK: Initializing MCU configuration...[0m
[0;32mI (359) TANWA_CONFIG: I2C initialized[0m
[0;32mI (359) TANWA_CONFIG: SPI initialized[0m
[0;32mI (359) gpio: GPIO[16]| InputEn: 1| OutputEn: 0| OpenDrain: 0| Pullup: 0| Pulldown: 0| Intr:0 [0m
[0;32mI (369) gpio: GPIO[17]| InputEn: 0| OutputEn: 1| OpenDrain: 0| Pullup: 0| Pulldown: 0| Intr:0 [0m
[0;32mI (379) TANWA_CONFIG: TWAI initialized[0m
[0;32mI (389) APP_INIT_TASK: ### MCU configuration success ###[0m
[0;32mI (389) APP_INIT_TASK: Initializing hardware...[0m
[0;32mI (359) main_task: Returned from app_main()[0m
[0;31mE (399) TMP1075: TMP1075 initialization failed[0m
[0;31mE (409) TANWA_CONFIG: Failed to initialize TMP1075 sensor 1[0m
[0;31mE (409) APP_INIT_TASK: Hardware initialization failed[0m
[0;32mI (419) APP_INIT_TASK: ### RTOS util initialization success ###[0m
[0;32mI (1429) APP_INIT_TASK: ### App initialization finished ###[0m
[0;32mI (1429) DATA_TASK: Recieving task is running[0m
[0;32mI (1429) DATA_TASK: GET_DATA CMD[0m
[0;32mI (1429) DATA_TASK: MEASURING TEMPERATURES[0m
[0;31mE (1429) spi_master: check_trans_valid(789): invalid dev handle[0m
ESP_ERROR_CHECK failed: esp_err_t 0x102 (ESP_ERR_INVALID_ARG) at 0x400d60ca
file: "./components/hardware/max31856.c" line 16
func: max31856_write_register
expression: ret

abort() was called at PC 0x40087057 on core 0


Backtrace: 0x4008178a:0x3ffb9090 0x40087061:0x3ffb90b0 0x4008d50d:0x3ffb90d0 0x40087057:0x3ffb9140 0x400d60ca:0x3ffb9170 0x400d6337:0x3ffb91c0 0x400d64c8:0x3ffb91e0 0x400d5c52:0x3ffb9200 0x400d5d43:0x3ffb9240 0x400d5ddc:0x3ffb9260 0x40087b7d:0x3ffb9290




ELF file SHA256: c6f920712

Rebooting...
ets Jun  8 2016 00:22:57

rst:0xc (SW_CPU_RESET),boot:0x13 (SPI_FAST_FLASH_BOOT)
configsip: 0, SPIWP:0xee
clk_drv:0x00,q_drv:0x00,d_drv:0x00,cs0_drv:0x00,hd_drv:0x00,wp_drv:0x00
mode:DIO, clock div:2
load:0x3fff0030,len:7172
load:0x40078000,len:15540
load:0x40080400,len:4
ho 8 tail 4 room 4
load:0x40080404,len:3904
entry 0x40080640
[0;32mI (30) boot: ESP-IDF v5.2.1 2nd stage bootloader[0m
[0;32mI (31) boot: compile time Aug 23 2024 15:15:19[0m
[0;32mI (31) boot: Multicore bootloader[0m
[0;32mI (35) boot: chip revision: v1.0[0m
[0;32mI (39) boot.esp32: SPI Speed      : 40MHz[0m
[0;32mI (44) boot.esp32: SPI Mode       : DIO[0m
[0;32mI (48) boot.esp32: SPI Flash Size : 2MB[0m
[0;32mI (53) boot: Enabling RNG early entropy source...[0m
[0;32mI (58) boot: Partition Table:[0m
[0;32mI (62) boot: ## Label            Usage          Type ST Offset   Length[0m
[0;32mI (69) boot:  0 nvs              WiFi data        01 02 00009000 00006000[0m
[0;32mI (76) boot:  1 phy_init         RF data          01 01 0000f000 00001000[0m
[0;32mI (84) boot:  2 factory          factory app      00 00 00010000 00100000[0m
[0;32mI (91) boot: End of partition table[0m
[0;32mI (96) esp_image: segment 0: paddr=00010020 vaddr=3f400020 size=0d1b8h ( 53688) map[0m
[0;32mI (122) esp_image: segment 1: paddr=0001d1e0 vaddr=3ffb0000 size=02434h (  9268) load[0m
[0;32mI (126) esp_image: segment 2: paddr=0001f61c vaddr=40080000 size=009fch (  2556) load[0m
[0;32mI (129) esp_image: segment 3: paddr=00020020 vaddr=400d0020 size=19b44h (105284) map[0m
[0;32mI (173) esp_image: segment 4: paddr=00039b6c vaddr=400809fc size=0e180h ( 57728) load[0m
[0;32mI (203) boot: Loaded app from partition at offset 0x10000[0m
[0;32mI (203) boot: Disabling RNG early entropy source...[0m
[0;32mI (214) cpu_start: Multicore app[0m
[0;32mI (223) cpu_start: Pro cpu start user code[0m
[0;32mI (223) cpu_start: cpu freq: 160000000 Hz[0m
[0;32mI (223) cpu_start: Application information:[0m
[0;32mI (226) cpu_start: Project name:     TANWA_FLC[0m
[0;32mI (231) cpu_start: App version:      bcc1617-dirty[0m
[0;32mI (237) cpu_start: Compile time:     Aug 23 2024 16:59:02[0m
[0;32mI (243) cpu_start: ELF file SHA256:  c6f920712...[0m
[0;32mI (248) cpu_start: ESP-IDF:          v5.2.1[0m
[0;32mI (253) cpu_start: Min chip rev:     v0.0[0m
[0;32mI (258) cpu_start: Max chip rev:     v3.99 [0m
[0;32mI (263) cpu_start: Chip rev:         v1.0[0m
[0;32mI (268) heap_init: Initializing. RAM available for dynamic allocation:[0m
[0;32mI (275) heap_init: At 3FFAE6E0 len 00001920 (6 KiB): DRAM[0m
[0;32mI (281) heap_init: At 3FFB2D30 len 0002D2D0 (180 KiB): DRAM[0m
[0;32mI (287) heap_init: At 3FFE0440 len 00003AE0 (14 KiB): D/IRAM[0m
[0;32mI (293) heap_init: At 3FFE4350 len 0001BCB0 (111 KiB): D/IRAM[0m
[0;32mI (300) heap_init: At 4008EB7C len 00011484 (69 KiB): IRAM[0m
[0;32mI (307) spi_flash: detected chip: generic[0m
[0;32mI (311) spi_flash: flash io: dio[0m
[0;33mW (315) spi_flash: Detected size(4096k) larger than the size in the binary image header(2048k). Using the size in the binary image header.[0m
[0;33mW (328) i2c: This driver is an old driver, please migrate your application code to adapt `driver/i2c_master.h`[0m
[0;32mI (339) main_task: Started on CPU0[0m
[0;32mI (349) main_task: Calling app_main()[0m
[0;32mI (349) APP_INIT_TASK: ### App initialization task started ###[0m
[0;32mI (349) APP_INIT_TASK: Initializing MCU configuration...[0m
[0;32mI (359) TANWA_CONFIG: I2C initialized[0m
[0;32mI (359) TANWA_CONFIG: SPI initialized[0m
[0;32mI (359) gpio: GPIO[16]| InputEn: 1| OutputEn: 0| OpenDrain: 0| Pullup: 0| Pulldown: 0| Intr:0 [0m
[0;32mI (369) gpio: GPIO[17]| InputEn: 0| OutputEn: 1| OpenDrain: 0| Pullup: 0| Pulldown: 0| Intr:0 [0m
[0;32mI (379) TANWA_CONFIG: TWAI initialized[0m
[0;32mI (389) APP_INIT_TASK: ### MCU configuration success ###[0m
[0;32mI (389) APP_INIT_TASK: Initializing hardware...[0m
[0;32mI (359) main_task: Returned from app_main()[0m
[0;31mE (399) TMP1075: TMP1075 initialization failed[0m
[0;31mE (409) TANWA_CONFIG: Failed to initialize TMP1075 sensor 1[0m
[0;31mE (409) APP_INIT_TASK: Hardware initialization failed[0m
[0;32mI (419) APP_INIT_TASK: ### RTOS util initialization success ###[0m
[0;32mI (1429) APP_INIT_TASK: ### App initialization finished ###[0m
[0;32mI (1429) DATA_TASK: Recieving task is running[0m
[0;32mI (1429) DATA_TASK: GET_DATA CMD[0m
[0;32mI (1429) DATA_TASK: MEASURING TEMPERATURES[0m
[0;31mE (1429) spi_master: check_trans_valid(789): invalid dev handle[0m
ESP_ERROR_CHECK failed: esp_err_t 0x102 (ESP_ERR_INVALID_ARG) at 0x400d60ca
file: "./components/hardware/max31856.c" line 16
func: max31856_write_register
expression: ret

abort() was called at PC 0x40087057 on core 0


Backtrace: 0x4008178a:0x3ffb9090 0x40087061:0x3ffb90b0 0x4008d50d:0x3ffb90d0 0x40087057:0x3ffb9140 0x400d60ca:0x3ffb9170 0x400d6337:0x3ffb91c0 0x400d64c8:0x3ffb91e0 0x400d5c52:0x3ffb9200 0x400d5d43:0x3ffb9240 0x400d5ddc:0x3ffb9260 0x40087b7d:0x3ffb9290




ELF file SHA256: c6f920712

Rebooting...
ets Jun  8 2016 00:22:57

rst:0xc (SW_CPU_RESET),boot:0x13 (SPI_FAST_FLASH_BOOT)
configsip: 0, SPIWP:0xee
clk_drv:0x00,q_drv:0x00,d_drv:0x00,cs0_drv:0x00,hd_drv:0x00,wp_drv:0x00
mode:DIO, clock div:2
load:0x3fff0030,len:7172
load:0x40078000,len:15540
load:0x40080400,len:4
ho 8 tail 4 room 4
load:0x40080404,len:3904
entry 0x40080640
[0;32mI (30) boot: ESP-IDF v5.2.1 2nd stage bootloader[0m
[0;32mI (31) boot: compile time Aug 23 2024 15:15:19[0m
[0;32mI (31) boot: Multicore bootloader[0m
[0;32mI (35) boot: chip revision: v1.0[0m
[0;32mI (39) boot.esp32: SPI Speed      : 40MHz[0m
[0;32mI (44) boot.esp32: SPI Mode       : DIO[0m
[0;32mI (48) boot.esp32: SPI Flash Size : 2MB[0m
[0;32mI (53) boot: Enabling RNG early entropy source...[0m
[0;32mI (58) boot: Partition Table:[0m
[0;32mI (62) boot: ## Label            Usage          Type ST Offset   Length[0m
[0;32mI (69) boot:  0 nvs              WiFi data        01 02 00009000 00006000[0m
[0;32mI (76) boot:  1 phy_init         RF data          01 01 0000f000 00001000[0m
[0;32mI (84) boot:  2 factory          factory app      00 00 00010000 00100000[0m
[0;32mI (91) boot: End of partition table[0m
[0;32mI (96) esp_image: segment 0: paddr=00010020 vaddr=3f400020 size=0d1b8h ( 53688) map[0m
[0;32mI (122) esp_image: segment 1: paddr=0001d1e0 vaddr=3ffb0000 size=02434h (  9268) load[0m
[0;32mI (126) esp_image: segment 2: paddr=0001f61c vaddr=40080000 size=009fch (  2556) load[0m
[0;32mI (129) esp_image: segment 3: paddr=00020020 vaddr=400d0020 size=19b44h (105284) map[0m
[0;32mI (173) esp_image: segment 4: paddr=00039b6c vaddr=400809fc size=0e180h ( 57728) load[0m
[0;32mI (203) boot: Loaded app from partition at offset 0x10000[0m
[0;32mI (203) boot: Disabling RNG early entropy source...[0m
[0;32mI (214) cpu_start: Multicore app[0m
[0;32mI (223) cpu_start: Pro cpu start user code[0m
[0;32mI (223) cpu_start: cpu freq: 160000000 Hz[0m
[0;32mI (223) cpu_start: Application information:[0m
[0;32mI (226) cpu_start: Project name:     TANWA_FLC[0m
[0;32mI (231) cpu_start: App version:      bcc1617-dirty[0m
[0;32mI (237) cpu_start: Compile time:     Aug 23 2024 16:59:02[0m
[0;32mI (243) cpu_start: ELF file SHA256:  c6f920712...[0m
[0;32mI (248) cpu_start: ESP-IDF:          v5.2.1[0m
[0;32mI (253) cpu_start: Min chip rev:     v0.0[0m
[0;32mI (258) cpu_start: Max chip rev:     v3.99 [0m
[0;32mI (263) cpu_start: Chip rev:         v1.0[0m
[0;32mI (268) heap_init: Initializing. RAM available for dynamic allocation:[0m
[0;32mI (275) heap_init: At 3FFAE6E0 len 00001920 (6 KiB): DRAM[0m
[0;32mI (281) heap_init: At 3FFB2D30 len 0002D2D0 (180 KiB): DRAM[0m
[0;32mI (287) heap_init: At 3FFE0440 len 00003AE0 (14 KiB): D/IRAM[0m
[0;32mI (293) heap_init: At 3FFE4350 len 0001BCB0 (111 KiB): D/IRAM[0m
[0;32mI (300) heap_init: At 4008EB7C len 00011484 (69 KiB): IRAM[0m
[0;32mI (307) spi_flash: detected chip: generic[0m
[0;32mI (311) spi_flash: flash io: dio[0m
[0;33mW (315) spi_flash: Detected size(4096k) larger than the size in the binary image header(2048k). Using the size in the binary image header.[0m
[0;33mW (328) i2c: This driver is an old driver, please migrate your application code to adapt `driver/i2c_master.h`[0m
[0;32mI (339) main_task: Started on CPU0[0m
[0;32mI (349) main_task: Calling app_main()[0m
[0;32mI (349) APP_INIT_TASK: ### App initialization task started ###[0m
[0;32mI (349) APP_INIT_TASK: Initializing MCU configuration...[0m
[0;32mI (359) TANWA_CONFIG: I2C initialized[0m
[0;32mI (359) TANWA_CONFIG: SPI initialized[0m
[0;32mI (359) gpio: GPIO[16]| InputEn: 1| OutputEn: 0| OpenDrain: 0| Pullup: 0| Pulldown: 0| Intr:0 [0m
[0;32mI (369) gpio: GPIO[17]| InputEn: 0| OutputEn: 1| OpenDrain: 0| Pullup: 0| Pulldown: 0| Intr:0 [0m
[0;32mI (379) TANWA_CONFIG: TWAI initialized[0m
[0;32mI (389) APP_INIT_TASK: ### MCU configuration success ###[0m
[0;32mI (389) APP_INIT_TASK: Initializing hardware...[0m
[0;32mI (359) main_task: Returned from app_main()[0m
[0;31mE (399) TMP1075: TMP1075 initialization failed[0m
[0;31mE (409) TANWA_CONFIG: Failed to initialize TMP1075 sensor 1[0m
[0;31mE (409) APP_INIT_TASK: Hardware initialization failed[0m
[0;32mI (419) APP_INIT_TASK: ### RTOS util initialization success ###[0m
[0;32mI (1429) APP_INIT_TASK: ### App initialization finished ###[0m
[0;32mI (1429) DATA_TASK: Recieving task is running[0m
[0;32mI (1429) DATA_TASK: GET_DATA CMD[0m
[0;32mI (1429) DATA_TASK: MEASURING TEMPERATURES[0m
[0;31mE (1429) spi_master: check_trans_valid(789): invalid dev handle[0m
ESP_ERROR_CHECK failed: esp_err_t 0x102 (ESP_ERR_INVALID_ARG) at 0x400d60ca
file: "./components/hardware/max31856.c" line 16
func: max31856_write_register
expression: ret

abort() was called at PC 0x40087057 on core 0


Backtrace: 0x4008178a:0x3ffb9090 0x40087061:0x3ffb90b0 0x4008d50d:0x3ffb90d0 0x40087057:0x3ffb9140 0x400d60ca:0x3ffb9170 0x400d6337:0x3ffb91c0 0x400d64c8:0x3ffb91e0 0x400d5c52:0x3ffb9200 0x400d5d43:0x3ffb9240 0x400d5ddc:0x3ffb9260 0x40087b7d:0x3ffb9290




ELF file SHA256: c6f920712

Rebooting...
ets Jun  8 2016 00:22:57

rst:0xc (SW_CPU_RESET),boot:0x13 (SPI_FAST_FLASH_BOOT)
configsip: 0, SPIWP:0xee
clk_drv:0x00,q_drv:0x00,d_drv:0x00,cs0_drv:0x00,hd_drv:0x00,wp_drv:0x00
mode:DIO, clock div:2
load:0x3fff0030,len:7172
load:0x40078000,len:15540
load:0x40080400,len:4
ho 8 tail 4 room 4
load:0x40080404,len:3904
entry 0x40080640
[0;32mI (30) boot: ESP-IDF v5.2.1 2nd stage bootloader[0m
[0;32mI (31) boot: compile time Aug 23 2024 15:15:19[0m
[0;32mI (31) boot: Multicore bootloader[0m
[0;32mI (35) boot: chip revision: v1.0[0m
[0;32mI (39) boot.esp32: SPI Speed      : 40MHz[0m
[0;32mI (44) boot.esp32: SPI Mode       : DIO[0m
[0;32mI (48) boot.esp32: SPI Flash Size : 2MB[0m
[0;32mI (53) boot: Enabling RNG early entropy source...[0m
[0;32mI (58) boot: Partition Table:[0m
[0;32mI (62) boot: ## Label            Usage          Type ST Offset   Length[0m
[0;32mI (69) boot:  0 nvs              WiFi data        01 02 00009000 00006000[0m
[0;32mI (76) boot:  1 phy_init         RF data          01 01 0000f000 00001000[0m
[0;32mI (84) boot:  2 factory          factory app      00 00 00010000 00100000[0m
[0;32mI (91) boot: End of partition table[0m
[0;32mI (96) esp_image: segment 0: paddr=00010020 vaddr=3f400020 size=0d1b8h ( 53688) map[0m
[0;32mI (122) esp_image: segment 1: paddr=0001d1e0 vaddr=3ffb0000 size=02434h (  9268) load[0m
[0;32mI (126) esp_image: segment 2: paddr=0001f61c vaddr=40080000 size=009fch (  2556) load[0m
[0;32mI (129) esp_image: segment 3: paddr=00020020 vaddr=400d0020 size=19b44h (105284) map[0m
[0;32mI (173) esp_image: segment 4: paddr=00039b6c vaddr=400809fc size=0e180h ( 57728) load[0m
[0;32mI (203) boot: Loaded app from partition at offset 0x10000[0m
[0;32mI (203) boot: Disabling RNG early entropy source...[0m
[0;32mI (214) cpu_start: Multicore app[0m
[0;32mI (223) cpu_start: Pro cpu start user code[0m
[0;32mI (223) cpu_start: cpu freq: 160000000 Hz[0m
[0;32mI (223) cpu_start: Application information:[0m
[0;32mI (226) cpu_start: Project name:     TANWA_FLC[0m
[0;32mI (231) cpu_start: App version:      bcc1617-dirty[0m
[0;32mI (237) cpu_start: Compile time:     Aug 23 2024 16:59:02[0m
[0;32mI (243) cpu_start: ELF file SHA256:  c6f920712...[0m
[0;32mI (248) cpu_start: ESP-IDF:          v5.2.1[0m
[0;32mI (253) cpu_start: Min chip rev:     v0.0[0m
[0;32mI (258) cpu_start: Max chip rev:     v3.99 [0m
[0;32mI (263) cpu_start: Chip rev:         v1.0[0m
[0;32mI (268) heap_init: Initializing. RAM available for dynamic allocation:[0m
[0;32mI (275) heap_init: At 3FFAE6E0 len 00001920 (6 KiB): DRAM[0m
[0;32mI (281) heap_init: At 3FFB2D30 len 0002D2D0 (180 KiB): DRAM[0m
[0;32mI (287) heap_init: At 3FFE0440 len 00003AE0 (14 KiB): D/IRAM[0m
[0;32mI (293) heap_init: At 3FFE4350 len 0001BCB0 (111 KiB): D/IRAM[0m
[0;32mI (300) heap_init: At 4008EB7C len 00011484 (69 KiB): IRAM[0m
[0;32mI (307) spi_flash: detected chip: generic[0m
[0;32mI (311) spi_flash: flash io: dio[0m
[0;33mW (315) spi_flash: Detected size(4096k) larger than the size in the binary image header(2048k). Using the size in the binary image header.[0m
[0;33mW (328) i2c: This driver is an old driver, please migrate your application code to adapt `driver/i2c_master.h`[0m
[0;32mI (339) main_task: Started on CPU0[0m
[0;32mI (349) main_task: Calling app_main()[0m
[0;32mI (349) APP_INIT_TASK: ### App initialization task started ###[0m
[0;32mI (349) APP_INIT_TASK: Initializing MCU configuration...[0m
[0;32mI (359) TANWA_CONFIG: I2C initialized[0m
[0;32mI (359) TANWA_CONFIG: SPI initialized[0m
[0;32mI (359) gpio: GPIO[16]| InputEn: 1| OutputEn: 0| OpenDrain: 0| Pullup: 0| Pulldown: 0| Intr:0 [0m
[0;32mI (369) gpio: GPIO[17]| InputEn: 0| OutputEn: 1| OpenDrain: 0| Pullup: 0| Pulldown: 0| Intr:0 [0m
[0;32mI (379) TANWA_CONFIG: TWAI initialized[0m
[0;32mI (389) APP_INIT_TASK: ### MCU configuration success ###[0m
[0;32mI (389) APP_INIT_TASK: Initializing hardware...[0m
[0;32mI (359) main_task: Returned from app_main()[0m
[0;31mE (399) TMP1075: TMP1075 initialization failed[0m
[0;31mE (409) TANWA_CONFIG: Failed to initialize TMP1075 sensor 1[0m
[0;31mE (409) APP_INIT_TASK: Hardware initialization failed[0m
[0;32mI (419) APP_INIT_TASK: ### RTOS util initialization success ###[0m
[0;32mI (1429) APP_INIT_TASK: ### App initialization finished ###[0m
[0;32mI (1429) DATA_TASK: Recieving task is running[0m
[0;32mI (1429) DATA_TASK: GET_DATA CMD[0m
[0;32mI (1429) DATA_TASK: MEASURING TEMPERATURES[0m
[0;31mE (1429) spi_master: check_trans_valid(789): invalid dev handle[0m
ESP_ERROR_CHECK failed: esp_err_t 0x102 (ESP_ERR_INVALID_ARG) at 0x400d60ca
file: "./components/hardware/max31856.c" line 16
func: max31856_write_register
expression: ret

abort() was called at PC 0x40087057 on core 0


Backtrace: 0x4008178a:0x3ffb9090 0x40087061:0x3ffb90b0 0x4008d50d:0x3ffb90d0 0x40087057:0x3ffb9140 0x400d60ca:0x3ffb9170 0x400d6337:0x3ffb91c0 0x400d64c8:0x3ffb91e0 0x400d5c52:0x3ffb9200 0x400d5d43:0x3ffb9240 0x400d5ddc:0x3ffb9260 0x40087b7d:0x3ffb9290




ELF file SHA256: c6f920712

Rebooting...
ets Jun  8 2016 00:22:57

rst:0xc (SW_CPU_RESET),boot:0x13 (SPI_FAST_FLASH_BOOT)
configsip: 0, SPIWP:0xee
clk_drv:0x00,q_drv:0x00,d_drv:0x00,cs0_drv:0x00,hd_drv:0x00,wp_drv:0x00
mode:DIO, clock div:2
load:0x3fff0030,len:7172
load:0x40078000,len:15540
load:0x40080400,len:4
ho 8 tail 4 room 4
load:0x40080404,len:3904
entry 0x40080640
[0;32mI (30) boot: ESP-IDF v5.2.1 2nd stage bootloader[0m
[0;32mI (31) boot: compile time Aug 23 2024 15:15:19[0m
[0;32mI (31) boot: Multicore bootloader[0m
[0;32mI (35) boot: chip revision: v1.0[0m
[0;32mI (39) boot.esp32: SPI Speed      : 40MHz[0m
[0;32mI (44) boot.esp32: SPI Mode       : DIO[0m
[0;32mI (48) boot.esp32: SPI Flash Size : 2MB[0m
[0;32mI (53) boot: Enabling RNG early entropy source...[0m
[0;32mI (58) boot: Partition Table:[0m
[0;32mI (62) boot: ## Label            Usage          Type ST Offset   Length[0m
[0;32mI (69) boot:  0 nvs              WiFi data        01 02 00009000 00006000[0m
[0;32mI (76) boot:  1 phy_init         RF data          01 01 0000f000 00001000[0m
[0;32mI (84) boot:  2 factory          factory app      00 00 00010000 00100000[0m
[0;32mI (91) boot: End of partition table[0m
[0;32mI (96) esp_image: segment 0: paddr=00010020 vaddr=3f400020 size=0d1b8h ( 53688) map[0m
[0;32mI (122) esp_image: segment 1: paddr=0001d1e0 vaddr=3ffb0000 size=02434h (  9268) load[0m
[0;32mI (126) esp_image: segment 2: paddr=0001f61c vaddr=40080000 size=009fch (  2556) load[0m
[0;32mI (129) esp_image: segment 3: paddr=00020020 vaddr=400d0020 size=19b44h (105284) map[0m
[0;32mI (173) esp_image: segment 4: paddr=00039b6c vaddr=400809fc size=0e180h ( 57728) load[0m
[0;32mI (203) boot: Loaded app from partition at offset 0x10000[0m
[0;32mI (203) boot: Disabling RNG early entropy source...[0m
[0;32mI (214) cpu_start: Multicore app[0m
[0;32mI (223) cpu_start: Pro cpu start user code[0m
[0;32mI (223) cpu_start: cpu freq: 160000000 Hz[0m
[0;32mI (223) cpu_start: Application information:[0m
[0;32mI (226) cpu_start: Project name:     TANWA_FLC[0m
[0;32mI (231) cpu_start: App version:      bcc1617-dirty[0m
[0;32mI (237) cpu_start: Compile time:     Aug 23 2024 16:59:02[0m
[0;32mI (243) cpu_start: ELF file SHA256:  c6f920712...[0m
[0;32mI (248) cpu_start: ESP-IDF:          v5.2.1[0m
[0;32mI (253) cpu_start: Min chip rev:     v0.0[0m
[0;32mI (258) cpu_start: Max chip rev:     v3.99 [0m
[0;32mI (263) cpu_start: Chip rev:         v1.0[0m
[0;32mI (268) heap_init: Initializing. RAM available for dynamic allocation:[0m
[0;32mI (275) heap_init: At 3FFAE6E0 len 00001920 (6 KiB): DRAM[0m
[0;32mI (281) heap_init: At 3FFB2D30 len 0002D2D0 (180 KiB): DRAM[0m
[0;32mI (287) heap_init: At 3FFE0440 len 00003AE0 (14 KiB): D/IRAM[0m
[0;32mI (293) heap_init: At 3FFE4350 len 0001BCB0 (111 KiB): D/IRAM[0m
[0;32mI (300) heap_init: At 4008EB7C len 00011484 (69 KiB): IRAM[0m
[0;32mI (307) spi_flash: detected chip: generic[0m
[0;32mI (311) spi_flash: flash io: dio[0m
[0;33mW (315) spi_flash: Detected size(4096k) larger than the size in the binary image header(2048k). Using the size in the binary image header.[0m
[0;33mW (328) i2c: This driver is an old driver, please migrate your application code to adapt `driver/i2c_master.h`[0m
[0;32mI (339) main_task: Started on CPU0[0m
[0;32mI (349) main_task: Calling app_main()[0m
[0;32mI (349) APP_INIT_TASK: ### App initialization task started ###[0m
[0;32mI (349) APP_INIT_TASK: Initializing MCU configuration...[0m
[0;32mI (359) TANWA_CONFIG: I2C initialized[0m
[0;32mI (359) TANWA_CONFIG: SPI initialized[0m
[0;32mI (359) gpio: GPIO[16]| InputEn: 1| OutputEn: 0| OpenDrain: 0| Pullup: 0| Pulldown: 0| Intr:0 [0m
[0;32mI (369) gpio: GPIO[17]| InputEn: 0| OutputEn: 1| OpenDrain: 0| Pullup: 0| Pulldown: 0| Intr:0 [0m
[0;32mI (379) TANWA_CONFIG: TWAI initialized[0m
[0;32mI (389) APP_INIT_TASK: ### MCU configuration success ###[0m
[0;32mI (389) APP_INIT_TASK: Initializing hardware...[0m
[0;32mI (359) main_task: Returned from app_main()[0m
[0;31mE (399) TMP1075: TMP1075 initialization failed[0m
[0;31mE (409) TANWA_CONFIG: Failed to initialize TMP1075 sensor 1[0m
[0;31mE (409) APP_INIT_TASK: Hardware initialization failed[0m
[0;32mI (419) APP_INIT_TASK: ### RTOS util initialization success ###[0m
[0;32mI (1429) APP_INIT_TASK: ### App initialization finished ###[0m
[0;32mI (1429) DATA_TASK: Recieving task is running[0m
[0;32mI (1429) DATA_TASK: GET_DATA CMD[0m
[0;32mI (1429) DATA_TASK: MEASURING TEMPERATURES[0m
[0;31mE (1429) spi_master: check_trans_valid(789): invalid dev handle[0m
ESP_ERROR_CHECK failed: esp_err_t 0x102 (ESP_ERR_INVALID_ARG) at 0x400d60ca
file: "./components/hardware/max31856.c" line 16
func: max31856_write_register
expression: ret

abort() was called at PC 0x40087057 on core 0


Backtrace: 0x4008178a:0x3ffb9090 0x40087061:0x3ffb90b0 0x4008d50d:0x3ffb90d0 0x40087057:0x3ffb9140 0x400d60ca:0x3ffb9170 0x400d6337:0x3ffb91c0 0x400d64c8:0x3ffb91e0 0x400d5c52:0x3ffb9200 0x400d5d43:0x3ffb9240 0x400d5ddc:0x3ffb9260 0x40087b7d:0x3ffb9290




ELF file SHA256: c6f920712

Rebooting...
ets Jun  8 2016 00:22:57

rst:0xc (SW_CPU_RESET),boot:0x13 (SPI_FAST_FLASH_BOOT)
configsip: 0, SPIWP:0xee
clk_drv:0x00,q_drv:0x00,d_drv:0x00,cs0_drv:0x00,hd_drv:0x00,wp_drv:0x00
mode:DIO, clock div:2
load:0x3fff0030,len:7172
load:0x40078000,len:15540
load:0x40080400,len:4
ho 8 tail 4 room 4
load:0x40080404,len:3904
entry 0x40080640
[0;32mI (30) boot: ESP-IDF v5.2.1 2nd stage bootloader[0m
[0;32mI (31) boot: compile time Aug 23 2024 15:15:19[0m
[0;32mI (31) boot: Multicore bootloader[0m
[0;32mI (35) boot: chip revision: v1.0[0m
[0;32mI (39) boot.esp32: SPI Speed      : 40MHz[0m
[0;32mI (44) boot.esp32: SPI Mode       : DIO[0m
[0;32mI (48) boot.esp32: SPI Flash Size : 2MB[0m
[0;32mI (53) boot: Enabling RNG early entropy source...[0m
[0;32mI (58) boot: Partition Table:[0m
[0;32mI (62) boot: ## Label            Usage          Type ST Offset   Length[0m
[0;32mI (69) boot:  0 nvs              WiFi data        01 02 00009000 00006000[0m
[0;32mI (76) boot:  1 phy_init         RF data          01 01 0000f000 00001000[0m
[0;32mI (84) boot:  2 factory          factory app      00 00 00010000 00100000[0m
[0;32mI (91) boot: End of partition table[0m
[0;32mI (96) esp_image: segment 0: paddr=00010020 vaddr=3f400020 size=0d1b8h ( 53688) map[0m
[0;32mI (122) esp_image: segment 1: paddr=0001d1e0 vaddr=3ffb0000 size=02434h (  9268) load[0m
[0;32mI (126) esp_image: segment 2: paddr=0001f61c vaddr=40080000 size=009fch (  2556) load[0m
[0;32mI (129) esp_image: segment 3: paddr=00020020 vaddr=400d0020 size=19b44h (105284) map[0m
[0;32mI (173) esp_image: segment 4: paddr=00039b6c vaddr=400809fc size=0e180h ( 57728) load[0m
[0;32mI (203) boot: Loaded app from partition at offset 0x10000[0m
[0;32mI (203) boot: Disabling RNG early entropy source...[0m
[0;32mI (214) cpu_start: Multicore app[0m
[0;32mI (223) cpu_start: Pro cpu start user code[0m
[0;32mI (223) cpu_start: cpu freq: 160000000 Hz[0m
[0;32mI (223) cpu_start: Application information:[0m
[0;32mI (226) cpu_start: Project name:     TANWA_FLC[0m
[0;32mI (231) cpu_start: App version:      bcc1617-dirty[0m
[0;32mI (237) cpu_start: Compile time:     Aug 23 2024 16:59:02[0m
[0;32mI (243) cpu_start: ELF file SHA256:  c6f920712...[0m
[0;32mI (248) cpu_start: ESP-IDF:          v5.2.1[0m
[0;32mI (253) cpu_start: Min chip rev:     v0.0[0m
[0;32mI (258) cpu_start: Max chip rev:     v3.99 [0m
[0;32mI (263) cpu_start: Chip rev:         v1.0[0m
[0;32mI (268) heap_init: Initializing. RAM available for dynamic allocation:[0m
[0;32mI (275) heap_init: At 3FFAE6E0 len 00001920 (6 KiB): DRAM[0m
[0;32mI (281) heap_init: At 3FFB2D30 len 0002D2D0 (180 KiB): DRAM[0m
[0;32mI (287) heap_init: At 3FFE0440 len 00003AE0 (14 KiB): D/IRAM[0m
[0;32mI (293) heap_init: At 3FFE4350 len 0001BCB0 (111 KiB): D/IRAM[0m
[0;32mI (300) heap_init: At 4008EB7C len 00011484 (69 KiB): IRAM[0m
[0;32mI (307) spi_flash: detected chip: generic[0m
[0;32mI (311) spi_flash: flash io: dio[0m
[0;33mW (315) spi_flash: Detected size(4096k) larger than the size in the binary image header(2048k). Using the size in the binary image header.[0m
[0;33mW (328) i2c: This driver is an old driver, please migrate your application code to adapt `driver/i2c_master.h`[0m
[0;32mI (339) main_task: Started on CPU0[0m
[0;32mI (349) main_task: Calling app_main()[0m
[0;32mI (349) APP_INIT_TASK: ### App initialization task started ###[0m
[0;32mI (349) APP_INIT_TASK: Initializing MCU configuration...[0m
[0;32mI (359) TANWA_CONFIG: I2C initialized[0m
[0;32mI (359) TANWA_CONFIG: SPI initialized[0m
[0;32mI (359) gpio: GPIO[16]| InputEn: 1| OutputEn: 0| OpenDrain: 0| Pullup: 0| Pulldown: 0| Intr:0 [0m
[0;32mI (369) gpio: GPIO[17]| InputEn: 0| OutputEn: 1| OpenDrain: 0| Pullup: 0| Pulldown: 0| Intr:0 [0m
[0;32mI (379) TANWA_CONFIG: TWAI initialized[0m
[0;32mI (389) APP_INIT_TASK: ### MCU configuration success ###[0m
[0;32mI (389) APP_INIT_TASK: Initializing hardware...[0m
[0;32mI (359) main_task: Returned from app_main()[0m
[0;31mE (399) TMP1075: TMP1075 initialization failed[0m
[0;31mE (409) TANWA_CONFIG: Failed to initialize TMP1075 sensor 1[0m
[0;31mE (409) APP_INIT_TASK: Hardware initialization failed[0m
[0;32mI (419) APP_INIT_TASK: ### RTOS util initialization success ###[0m
[0;32mI (1429) APP_INIT_TASK: ### App initialization finished ###[0m
[0;32mI (1429) DATA_TASK: Recieving task is running[0m
[0;32mI (1429) DATA_TASK: GET_DATA CMD[0m
[0;32mI (1429) DATA_TASK: MEASURING TEMPERATURES[0m
[0;31mE (1429) spi_master: check_trans_valid(789): invalid dev handle[0m
ESP_ERROR_CHECK failed: esp_err_t 0x102 (ESP_ERR_INVALID_ARG) at 0x400d60ca
file: "./components/hardware/max31856.c" line 16
func: max31856_write_register
expression: ret

abort() was called at PC 0x40087057 on core 0


Backtrace: 0x4008178a:0x3ffb9090 0x40087061:0x3ffb90b0 0x4008d50d:0x3ffb90d0 0x40087057:0x3ffb9140 0x400d60ca:0x3ffb9170 0x400d6337:0x3ffb91c0 0x400d64c8:0x3ffb91e0 0x400d5c52:0x3ffb9200 0x400d5d43:0x3ffb9240 0x400d5ddc:0x3ffb9260 0x40087b7d:0x3ffb9290




ELF file SHA256: c6f920712

Rebooting...
ets Jun  8 2016 00:22:57

rst:0xc (SW_CPU_RESET),boot:0x13 (SPI_FAST_FLASH_BOOT)
configsip: 0, SPIWP:0xee
clk_drv:0x00,q_drv:0x00,d_drv:0x00,cs0_drv:0x00,hd_drv:0x00,wp_drv:0x00
mode:DIO, clock div:2
load:0x3fff0030,len:7172
load:0x40078000,len:15540
load:0x40080400,len:4
ho 8 tail 4 room 4
load:0x40080404,len:3904
entry 0x40080640
[0;32mI (30) boot: ESP-IDF v5.2.1 2nd stage bootloader[0m
[0;32mI (31) boot: compile time Aug 23 2024 15:15:19[0m
[0;32mI (31) boot: Multicore bootloader[0m
[0;32mI (35) boot: chip revision: v1.0[0m
[0;32mI (39) boot.esp32: SPI Speed      : 40MHz[0m
[0;32mI (44) boot.esp32: SPI Mode       : DIO[0m
[0;32mI (48) boot.esp32: SPI Flash Size : 2MB[0m
[0;32mI (53) boot: Enabling RNG early entropy source...[0m
[0;32mI (58) boot: Partition Table:[0m
[0;32mI (62) boot: ## Label            Usage          Type ST Offset   Length[0m
[0;32mI (69) boot:  0 nvs              WiFi data        01 02 00009000 00006000[0m
[0;32mI (76) boot:  1 phy_init         RF data          01 01 0000f000 00001000[0m
[0;32mI (84) boot:  2 factory          factory app      00 00 00010000 00100000[0m
[0;32mI (91) boot: End of partition table[0m
[0;32mI (96) esp_image: segment 0: paddr=00010020 vaddr=3f400020 size=0d1b8h ( 53688) map[0m
[0;32mI (122) esp_image: segment 1: paddr=0001d1e0 vaddr=3ffb0000 size=02434h (  9268) load[0m
[0;32mI (126) esp_image: segment 2: paddr=0001f61c vaddr=40080000 size=009fch (  2556) load[0m
[0;32mI (129) esp_image: segment 3: paddr=00020020 vaddr=400d0020 size=19b44h (105284) map[0m
[0;32mI (173) esp_image: segment 4: paddr=00039b6c vaddr=400809fc size=0e180h ( 57728) load[0m
[0;32mI (203) boot: Loaded app from partition at offset 0x10000[0m
[0;32mI (203) boot: Disabling RNG early entropy source...[0m
[0;32mI (214) cpu_start: Multicore app[0m
[0;32mI (223) cpu_start: Pro cpu start user code[0m
[0;32mI (223) cpu_start: cpu freq: 160000000 Hz[0m
[0;32mI (223) cpu_start: Application information:[0m
[0;32mI (226) cpu_start: Project name:     TANWA_FLC[0m
[0;32mI (231) cpu_start: App version:      bcc1617-dirty[0m
[0;32mI (237) cpu_start: Compile time:     Aug 23 2024 16:59:02[0m
[0;32mI (243) cpu_start: ELF file SHA256:  c6f920712...[0m
[0;32mI (248) cpu_start: ESP-IDF:          v5.2.1[0m
[0;32mI (253) cpu_start: Min chip rev:     v0.0[0m
[0;32mI (258) cpu_start: Max chip rev:     v3.99 [0m
[0;32mI (263) cpu_start: Chip rev:         v1.0[0m
[0;32mI (268) heap_init: Initializing. RAM available for dynamic allocation:[0m
[0;32mI (275) heap_init: At 3FFAE6E0 len 00001920 (6 KiB): DRAM[0m
[0;32mI (281) heap_init: At 3FFB2D30 len 0002D2D0 (180 KiB): DRAM[0m
[0;32mI (287) heap_init: At 3FFE0440 len 00003AE0 (14 KiB): D/IRAM[0m
[0;32mI (293) heap_init: At 3FFE4350 len 0001BCB0 (111 KiB): D/IRAM[0m
[0;32mI (300) heap_init: At 4008EB7C len 00011484 (69 KiB): IRAM[0m
[0;32mI (307) spi_flash: detected chip: generic[0m
[0;32mI (311) spi_flash: flash io: dio[0m
[0;33mW (315) spi_flash: Detected size(4096k) larger than the size in the binary image header(2048k). Using the size in the binary image header.[0m
[0;33mW (328) i2c: This driver is an old driver, please migrate your application code to adapt `driver/i2c_master.h`[0m
[0;32mI (339) main_task: Started on CPU0[0m
[0;32mI (349) main_task: Calling app_main()[0m
[0;32mI (349) APP_INIT_TASK: ### App initialization task started ###[0m
[0;32mI (349) APP_INIT_TASK: Initializing MCU configuration...[0m
[0;32mI (359) TANWA_CONFIG: I2C initialized[0m
[0;32mI (359) TANWA_CONFIG: SPI initialized[0m
[0;32mI (359) gpio: GPIO[16]| InputEn: 1| OutputEn: 0| OpenDrain: 0| Pullup: 0| Pulldown: 0| Intr:0 [0m
[0;32mI (369) gpio: GPIO[17]| InputEn: 0| OutputEn: 1| OpenDrain: 0| Pullup: 0| Pulldown: 0| Intr:0 [0m
[0;32mI (379) TANWA_CONFIG: TWAI initialized[0m
[0;32mI (389) APP_INIT_TASK: ### MCU configuration success ###[0m
[0;32mI (389) APP_INIT_TASK: Initializing hardware...[0m
[0;32mI (359) main_task: Returned from app_main()[0m
[0;31mE (399) TMP1075: TMP1075 initialization failed[0m
[0;31mE (409) TANWA_CONFIG: Failed to initialize TMP1075 sensor 1[0m
[0;31mE (409) APP_INIT_TASK: Hardware initialization failed[0m
[0;32mI (419) APP_INIT_TASK: ### RTOS util initialization success ###[0m
[0;32mI (1429) APP_INIT_TASK: ### App initialization finished ###[0m
[0;32mI (1429) DATA_TASK: Recieving task is running[0m
[0;32mI (1429) DATA_TASK: GET_DATA CMD[0m
[0;32mI (1429) DATA_TASK: MEASURING TEMPERATURES[0m
[0;31mE (1429) spi_master: check_trans_valid(789): invalid dev handle[0m
ESP_ERROR_CHECK failed: esp_err_t 0x102 (ESP_ERR_INVALID_ARG) at 0x400d60ca
file: "./components/hardware/max31856.c" line 16
func: max31856_write_register
expression: ret

abort() was called at PC 0x40087057 on core 0


Backtrace: 0x4008178a:0x3ffb9090 0x40087061:0x3ffb90b0 0x4008d50d:0x3ffb90d0 0x40087057:0x3ffb9140 0x400d60ca:0x3ffb9170 0x400d6337:0x3ffb91c0 0x400d64c8:0x3ffb91e0 0x400d5c52:0x3ffb9200 0x400d5d43:0x3ffb9240 0x400d5ddc:0x3ffb9260 0x40087b7d:0x3ffb9290




ELF file SHA256: c6f920712

Rebooting...
ets Jun  8 2016 00:22:57

rst:0xc (SW_CPU_RESET),boot:0x13 (SPI_FAST_FLASH_BOOT)
configsip: 0, SPIWP:0xee
clk_drv:0x00,q_drv:0x00,d_drv:0x00,cs0_drv:0x00,hd_drv:0x00,wp_drv:0x00
mode:DIO, clock div:2
load:0x3fff0030,len:7172
load:0x40078000,len:15540
load:0x40080400,len:4
ho 8 tail 4 room 4
load:0x40080404,len:3904
entry 0x40080640
[0;32mI (30) boot: ESP-IDF v5.2.1 2nd stage bootloader[0m
[0;32mI (31) boot: compile time Aug 23 2024 15:15:19[0m
[0;32mI (31) boot: Multicore bootloader[0m
[0;32mI (35) boot: chip revision: v1.0[0m
[0;32mI (39) boot.esp32: SPI Speed      : 40MHz[0m
[0;32mI (44) boot.esp32: SPI Mode       : DIO[0m
[0;32mI (48) boot.esp32: SPI Flash Size : 2MB[0m
[0;32mI (53) boot: Enabling RNG early entropy source...[0m
[0;32mI (58) boot: Partition Table:[0m
[0;32mI (62) boot: ## Label            Usage          Type ST Offset   Length[0m
[0;32mI (69) boot:  0 nvs              WiFi data        01 02 00009000 00006000[0m
[0;32mI (76) boot:  1 phy_init         RF data          01 01 0000f000 00001000[0m
[0;32mI (84) boot:  2 factory          factory app      00 00 00010000 00100000[0m
[0;32mI (91) boot: End of partition table[0m
[0;32mI (96) esp_image: segment 0: paddr=00010020 vaddr=3f400020 size=0d1b8h ( 53688) map[0m
[0;32mI (122) esp_image: segment 1: paddr=0001d1e0 vaddr=3ffb0000 size=02434h (  9268) load[0m
[0;32mI (126) esp_image: segment 2: paddr=0001f61c vaddr=40080000 size=009fch (  2556) load[0m
[0;32mI (129) esp_image: segment 3: paddr=00020020 vaddr=400d0020 size=19b44h (105284) map[0m
[0;32mI (173) esp_image: segment 4: paddr=00039b6c vaddr=400809fc size=0e180h ( 57728) load[0m
[0;32mI (203) boot: Loaded app from partition at offset 0x10000[0m
[0;32mI (203) boot: Disabling RNG early entropy source...[0m
[0;32mI (214) cpu_start: Multicore app[0m
[0;32mI (223) cpu_start: Pro cpu start user code[0m
[0;32mI (223) cpu_start: cpu freq: 160000000 Hz[0m
[0;32mI (223) cpu_start: Application information:[0m
[0;32mI (226) cpu_start: Project name:     TANWA_FLC[0m
[0;32mI (231) cpu_start: App version:      bcc1617-dirty[0m
[0;32mI (237) cpu_start: Compile time:     Aug 23 2024 16:59:02[0m
[0;32mI (243) cpu_start: ELF file SHA256:  c6f920712...[0m
[0;32mI (248) cpu_start: ESP-IDF:          v5.2.1[0m
[0;32mI (253) cpu_start: Min chip rev:     v0.0[0m
[0;32mI (258) cpu_start: Max chip rev:     v3.99 [0m
[0;32mI (263) cpu_start: Chip rev:         v1.0[0m
[0;32mI (268) heap_init: Initializing. RAM available for dynamic allocation:[0m
[0;32mI (275) heap_init: At 3FFAE6E0 len 00001920 (6 KiB): DRAM[0m
[0;32mI (281) heap_init: At 3FFB2D30 len 0002D2D0 (180 KiB): DRAM[0m
[0;32mI (287) heap_init: At 3FFE0440 len 00003AE0 (14 KiB): D/IRAM[0m
[0;32mI (293) heap_init: At 3FFE4350 len 0001BCB0 (111 KiB): D/IRAM[0m
[0;32mI (300) heap_init: At 4008EB7C len 00011484 (69 KiB): IRAM[0m
[0;32mI (307) spi_flash: detected chip: generic[0m
[0;32mI (311) spi_flash: flash io: dio[0m
[0;33mW (315) spi_flash: Detected size(4096k) larger than the size in the binary image header(2048k). Using the size in the binary image header.[0m
[0;33mW (328) i2c: This driver is an old driver, please migrate your application code to adapt `driver/i2c_master.h`[0m
[0;32mI (339) main_task: Started on CPU0[0m
[0;32mI (349) main_task: Calling app_main()[0m
[0;32mI (349) APP_INIT_TASK: ### App initialization task started ###[0m
[0;32mI (349) APP_INIT_TASK: Initializing MCU configuration...[0m
[0;32mI (359) TANWA_CONFIG: I2C initialized[0m
[0;32mI (359) TANWA_CONFIG: SPI initialized[0m
[0;32mI (359) gpio: GPIO[16]| InputEn: 1| OutputEn: 0| OpenDrain: 0| Pullup: 0| Pulldown: 0| Intr:0 [0m
[0;32mI (369) gpio: GPIO[17]| InputEn: 0| OutputEn: 1| OpenDrain: 0| Pullup: 0| Pulldown: 0| Intr:0 [0m
[0;32mI (379) TANWA_CONFIG: TWAI initialized[0m
[0;32mI (389) APP_INIT_TASK: ### MCU configuration success ###[0m
[0;32mI (389) APP_INIT_TASK: Initializing hardware...[0m
[0;32mI (359) main_task: Returned from app_main()[0m
[0;31mE (399) TMP1075: TMP1075 initialization failed[0m
[0;31mE (409) TANWA_CONFIG: Failed to initialize TMP1075 sensor 1[0m
[0;31mE (409) APP_INIT_TASK: Hardware initialization failed[0m
[0;32mI (419) APP_INIT_TASK: ### RTOS util initialization success ###[0m
[0;32mI (1429) APP_INIT_TASK: ### App initialization finished ###[0m
[0;32mI (1429) DATA_TASK: Recieving task is running[0m
[0;32mI (1429) DATA_TASK: GET_DATA CMD[0m
[0;32mI (1429) DATA_TASK: MEASURING TEMPERATURES[0m
[0;31mE (1429) spi_master: check_trans_valid(789): invalid dev handle[0m
ESP_ERROR_CHECK failed: esp_err_t 0x102 (ESP_ERR_INVALID_ARG) at 0x400d60ca
file: "./components/hardware/max31856.c" line 16
func: max31856_write_register
expression: ret

abort() was called at PC 0x40087057 on core 0


Backtrace: 0x4008178a:0x3ffb9090 0x40087061:0x3ffb90b0 0x4008d50d:0x3ffb90d0 0x40087057:0x3ffb9140 0x400d60ca:0x3ffb9170 0x400d6337:0x3ffb91c0 0x400d64c8:0x3ffb91e0 0x400d5c52:0x3ffb9200 0x400d5d43:0x3ffb9240 0x400d5ddc:0x3ffb9260 0x40087b7d:0x3ffb9290




ELF file SHA256: c6f920712

Rebooting...
ets Jun  8 2016 00:22:57

rst:0xc (SW_CPU_RESET),boot:0x13 (SPI_FAST_FLASH_BOOT)
configsip: 0, SPIWP:0xee
clk_drv:0x00,q_drv:0x00,d_drv:0x00,cs0_drv:0x00,hd_drv:0x00,wp_drv:0x00
mode:DIO, clock div:2
load:0x3fff0030,len:7172
load:0x40078000,len:15540
load:0x40080400,len:4
ho 8 tail 4 room 4
load:0x40080404,len:3904
entry 0x40080640
[0;32mI (30) boot: ESP-IDF v5.2.1 2nd stage bootloader[0m
[0;32mI (31) boot: compile time Aug 23 2024 15:15:19[0m
[0;32mI (31) boot: Multicore bootloader[0m
[0;32mI (35) boot: chip revision: v1.0[0m
[0;32mI (39) boot.esp32: SPI Speed      : 40MHz[0m
[0;32mI (44) boot.esp32: SPI Mode       : DIO[0m
[0;32mI (48) boot.esp32: SPI Flash Size : 2MB[0m
[0;32mI (53) boot: Enabling RNG early entropy source...[0m
[0;32mI (58) boot: Partition Table:[0m
[0;32mI (62) boot: ## Label            Usage          Type ST Offset   Length[0m
[0;32mI (69) boot:  0 nvs              WiFi data        01 02 00009000 00006000[0m
[0;32mI (76) boot:  1 phy_init         RF data          01 01 0000f000 00001000[0m
[0;32mI (84) boot:  2 factory          factory app      00 00 00010000 00100000[0m
[0;32mI (91) boot: End of partition table[0m
[0;32mI (96) esp_image: segment 0: paddr=00010020 vaddr=3f400020 size=0d1b8h ( 53688) map[0m
[0;32mI (122) esp_image: segment 1: paddr=0001d1e0 vaddr=3ffb0000 size=02434h (  9268) load[0m
[0;32mI (126) esp_image: segment 2: paddr=0001f61c vaddr=40080000 size=009fch (  2556) load[0m
[0;32mI (129) esp_image: segment 3: paddr=00020020 vaddr=400d0020 size=19b44h (105284) map[0m
[0;32mI (173) esp_image: segment 4: paddr=00039b6c vaddr=400809fc size=0e180h ( 57728) load[0m
[0;32mI (203) boot: Loaded app from partition at offset 0x10000[0m
[0;32mI (203) boot: Disabling RNG early entropy source...[0m
[0;32mI (214) cpu_start: Multicore app[0m
[0;32mI (223) cpu_start: Pro cpu start user code[0m
[0;32mI (223) cpu_start: cpu freq: 160000000 Hz[0m
[0;32mI (223) cpu_start: Application information:[0m
[0;32mI (226) cpu_start: Project name:     TANWA_FLC[0m
[0;32mI (231) cpu_start: App version:      bcc1617-dirty[0m
[0;32mI (237) cpu_start: Compile time:     Aug 23 2024 16:59:02[0m
[0;32mI (243) cpu_start: ELF file SHA256:  c6f920712...[0m
[0;32mI (248) cpu_start: ESP-IDF:          v5.2.1[0m
[0;32mI (253) cpu_start: Min chip rev:     v0.0[0m
[0;32mI (258) cpu_start: Max chip rev:     v3.99 [0m
[0;32mI (263) cpu_start: Chip rev:         v1.0[0m
[0;32mI (268) heap_init: Initializing. RAM available for dynamic allocation:[0m
[0;32mI (275) heap_init: At 3FFAE6E0 len 00001920 (6 KiB): DRAM[0m
[0;32mI (281) heap_init: At 3FFB2D30 len 0002D2D0 (180 KiB): DRAM[0m
[0;32mI (287) heap_init: At 3FFE0440 len 00003AE0 (14 KiB): D/IRAM[0m
[0;32mI (293) heap_init: At 3FFE4350 len 0001BCB0 (111 KiB): D/IRAM[0m
[0;32mI (300) heap_init: At 4008EB7C len 00011484 (69 KiB): IRAM[0m
[0;32mI (307) spi_flash: detected chip: generic[0m
[0;32mI (311) spi_flash: flash io: dio[0m
[0;33mW (315) spi_flash: Detected size(4096k) larger than the size in the binary image header(2048k). Using the size in the binary image header.[0m
[0;33mW (328) i2c: This driver is an old driver, please migrate your application code to adapt `driver/i2c_master.h`[0m
[0;32mI (339) main_task: Started on CPU0[0m
[0;32mI (349) main_task: Calling app_main()[0m
[0;32mI (349) APP_INIT_TASK: ### App initialization task started ###[0m
[0;32mI (349) APP_INIT_TASK: Initializing MCU configuration...[0m
[0;32mI (359) TANWA_CONFIG: I2C initialized[0m
[0;32mI (359) TANWA_CONFIG: SPI initialized[0m
[0;32mI (359) gpio: GPIO[16]| InputEn: 1| OutputEn: 0| OpenDrain: 0| Pullup: 0| Pulldown: 0| Intr:0 [0m
[0;32mI (369) gpio: GPIO[17]| InputEn: 0| OutputEn: 1| OpenDrain: 0| Pullup: 0| Pulldown: 0| Intr:0 [0m
[0;32mI (379) TANWA_CONFIG: TWAI initialized[0m
[0;32mI (389) APP_INIT_TASK: ### MCU configuration success ###[0m
[0;32mI (389) APP_INIT_TASK: Initializing hardware...[0m
[0;32mI (359) main_task: Returned from app_main()[0m
[0;31mE (399) TMP1075: TMP1075 initialization failed[0m
[0;31mE (409) TANWA_CONFIG: Failed to initialize TMP1075 sensor 1[0m
[0;31mE (409) APP_INIT_TASK: Hardware initialization failed[0m
[0;32mI (419) APP_INIT_TASK: ### RTOS util initialization success ###[0m
[0;32mI (1429) APP_INIT_TASK: ### App initialization finished ###[0m
[0;32mI (1429) DATA_TASK: Recieving task is running[0m
[0;32mI (1429) DATA_TASK: GET_DATA CMD[0m
[0;32mI (1429) DATA_TASK: MEASURING TEMPERATURES[0m
[0;31mE (1429) spi_master: check_trans_valid(789): invalid dev handle[0m
ESP_ERROR_CHECK failed: esp_err_t 0x102 (ESP_ERR_INVALID_ARG) at 0x400d60ca
file: "./components/hardware/max31856.c" line 16
func: max31856_write_register
expression: ret

abort() was called at PC 0x40087057 on core 0


Backtrace: 0x4008178a:0x3ffb9090 0x40087061:0x3ffb90b0 0x4008d50d:0x3ffb90d0 0x40087057:0x3ffb9140 0x400d60ca:0x3ffb9170 0x400d6337:0x3ffb91c0 0x400d64c8:0x3ffb91e0 0x400d5c52:0x3ffb9200 0x400d5d43:0x3ffb9240 0x400d5ddc:0x3ffb9260 0x40087b7d:0x3ffb9290




ELF file SHA256: c6f920712

Rebooting...
ets Jun  8 2016 00:22:57

rst:0xc (SW_CPU_RESET),boot:0x13 (SPI_FAST_FLASH_BOOT)
configsip: 0, SPIWP:0xee
clk_drv:0x00,q_drv:0x00,d_drv:0x00,cs0_drv:0x00,hd_drv:0x00,wp_drv:0x00
mode:DIO, clock div:2
load:0x3fff0030,len:7172
load:0x40078000,len:15540
load:0x40080400,len:4
ho 8 tail 4 room 4
load:0x40080404,len:3904
entry 0x40080640
[0;32mI (30) boot: ESP-IDF v5.2.1 2nd stage bootloader[0m
[0;32mI (31) boot: compile time Aug 23 2024 15:15:19[0m
[0;32mI (31) boot: Multicore bootloader[0m
[0;32mI (35) boot: chip revision: v1.0[0m
[0;32mI (39) boot.esp32: SPI Speed      : 40MHz[0m
[0;32mI (44) boot.esp32: SPI Mode       : DIO[0m
[0;32mI (48) boot.esp32: SPI Flash Size : 2MB[0m
[0;32mI (53) boot: Enabling RNG early entropy source...[0m
[0;32mI (58) boot: Partition Table:[0m
[0;32mI (62) boot: ## Label            Usage          Type ST Offset   Length[0m
[0;32mI (69) boot:  0 nvs              WiFi data        01 02 00009000 00006000[0m
[0;32mI (76) boot:  1 phy_init         RF data          01 01 0000f000 00001000[0m
[0;32mI (84) boot:  2 factory          factory app      00 00 00010000 00100000[0m
[0;32mI (91) boot: End of partition table[0m
[0;32mI (96) esp_image: segment 0: paddr=00010020 vaddr=3f400020 size=0d1b8h ( 53688) map[0m
[0;32mI (122) esp_image: segment 1: paddr=0001d1e0 vaddr=3ffb0000 size=02434h (  9268) load[0m
[0;32mI (126) esp_image: segment 2: paddr=0001f61c vaddr=40080000 size=009fch (  2556) load[0m
[0;32mI (129) esp_image: segment 3: paddr=00020020 vaddr=400d0020 size=19b44h (105284) map[0m
[0;32mI (173) esp_image: segment 4: paddr=00039b6c vaddr=400809fc size=0e180h ( 57728) load[0m
[0;32mI (203) boot: Loaded app from partition at offset 0x10000[0m
[0;32mI (203) boot: Disabling RNG early entropy source...[0m
[0;32mI (214) cpu_start: Multicore app[0m
[0;32mI (223) cpu_start: Pro cpu start user code[0m
[0;32mI (223) cpu_start: cpu freq: 160000000 Hz[0m
[0;32mI (223) cpu_start: Application information:[0m
[0;32mI (226) cpu_start: Project name:     TANWA_FLC[0m
[0;32mI (231) cpu_start: App version:      bcc1617-dirty[0m
[0;32mI (237) cpu_start: Compile time:     Aug 23 2024 16:59:02[0m
[0;32mI (243) cpu_start: ELF file SHA256:  c6f920712...[0m
